Archive member included because of file (symbol)

/Applications/TI/ccsv7/tools/compiler/gcc-arm-none-eabi-4_9-2015q3/bin/../lib/gcc/arm-none-eabi/4.9.3/../../../../arm-none-eabi/lib/armv7e-m/fpu/libg.a(lib_a-exit.o)
                              /Applications/TI/ccsv7/tools/compiler/gcc-arm-none-eabi-4_9-2015q3/bin/../lib/gcc/arm-none-eabi/4.9.3/../../../../arm-none-eabi/lib/armv7e-m/fpu/crt0.o (exit)
/Applications/TI/ccsv7/tools/compiler/gcc-arm-none-eabi-4_9-2015q3/bin/../lib/gcc/arm-none-eabi/4.9.3/../../../../arm-none-eabi/lib/armv7e-m/fpu/libg.a(lib_a-impure.o)
                              /Applications/TI/ccsv7/tools/compiler/gcc-arm-none-eabi-4_9-2015q3/bin/../lib/gcc/arm-none-eabi/4.9.3/../../../../arm-none-eabi/lib/armv7e-m/fpu/libg.a(lib_a-exit.o) (_global_impure_ptr)
/Applications/TI/ccsv7/tools/compiler/gcc-arm-none-eabi-4_9-2015q3/bin/../lib/gcc/arm-none-eabi/4.9.3/../../../../arm-none-eabi/lib/armv7e-m/fpu/libg.a(lib_a-init.o)
                              /Applications/TI/ccsv7/tools/compiler/gcc-arm-none-eabi-4_9-2015q3/bin/../lib/gcc/arm-none-eabi/4.9.3/../../../../arm-none-eabi/lib/armv7e-m/fpu/crt0.o (__libc_init_array)
/Applications/TI/ccsv7/tools/compiler/gcc-arm-none-eabi-4_9-2015q3/bin/../lib/gcc/arm-none-eabi/4.9.3/../../../../arm-none-eabi/lib/armv7e-m/fpu/libg.a(lib_a-memcpy.o)
                              ./FRT_Library/FreeRTOS/Source/queue.o (memcpy)
/Applications/TI/ccsv7/tools/compiler/gcc-arm-none-eabi-4_9-2015q3/bin/../lib/gcc/arm-none-eabi/4.9.3/../../../../arm-none-eabi/lib/armv7e-m/fpu/libg.a(lib_a-memset.o)
                              /Applications/TI/ccsv7/tools/compiler/gcc-arm-none-eabi-4_9-2015q3/bin/../lib/gcc/arm-none-eabi/4.9.3/../../../../arm-none-eabi/lib/armv7e-m/fpu/crt0.o (memset)
/Applications/TI/ccsv7/tools/compiler/gcc-arm-none-eabi-4_9-2015q3/bin/../lib/gcc/arm-none-eabi/4.9.3/../../../../arm-none-eabi/lib/armv7e-m/fpu/libg.a(lib_a-strncpy.o)
                              ./FRT_Library/FreeRTOS/Source/tasks.o (strncpy)
/Applications/TI/ccsv7/tools/compiler/gcc-arm-none-eabi-4_9-2015q3/bin/../lib/gcc/arm-none-eabi/4.9.3/../../../../arm-none-eabi/lib/armv7e-m/fpu/libg.a(lib_a-__call_atexit.o)
                              /Applications/TI/ccsv7/tools/compiler/gcc-arm-none-eabi-4_9-2015q3/bin/../lib/gcc/arm-none-eabi/4.9.3/../../../../arm-none-eabi/lib/armv7e-m/fpu/libg.a(lib_a-exit.o) (__call_exitprocs)
/Applications/TI/ccsv7/tools/compiler/gcc-arm-none-eabi-4_9-2015q3/bin/../lib/gcc/arm-none-eabi/4.9.3/../../../../arm-none-eabi/lib/armv7e-m/fpu/libg.a(lib_a-atexit.o)
                              /Applications/TI/ccsv7/tools/compiler/gcc-arm-none-eabi-4_9-2015q3/bin/../lib/gcc/arm-none-eabi/4.9.3/../../../../arm-none-eabi/lib/armv7e-m/fpu/libg.a(lib_a-__call_atexit.o) (atexit)
/Applications/TI/ccsv7/tools/compiler/gcc-arm-none-eabi-4_9-2015q3/bin/../lib/gcc/arm-none-eabi/4.9.3/../../../../arm-none-eabi/lib/armv7e-m/fpu/libg.a(lib_a-fini.o)
                              /Applications/TI/ccsv7/tools/compiler/gcc-arm-none-eabi-4_9-2015q3/bin/../lib/gcc/arm-none-eabi/4.9.3/../../../../arm-none-eabi/lib/armv7e-m/fpu/libg.a(lib_a-__call_atexit.o) (__libc_fini_array)
/Applications/TI/ccsv7/tools/compiler/gcc-arm-none-eabi-4_9-2015q3/bin/../lib/gcc/arm-none-eabi/4.9.3/../../../../arm-none-eabi/lib/armv7e-m/fpu/libg.a(lib_a-__atexit.o)
                              /Applications/TI/ccsv7/tools/compiler/gcc-arm-none-eabi-4_9-2015q3/bin/../lib/gcc/arm-none-eabi/4.9.3/../../../../arm-none-eabi/lib/armv7e-m/fpu/libg.a(lib_a-atexit.o) (__register_exitproc)
/Applications/TI/ccsv7/tools/compiler/gcc-arm-none-eabi-4_9-2015q3/bin/../lib/gcc/arm-none-eabi/4.9.3/../../../../arm-none-eabi/lib/armv7e-m/fpu/libnosys.a(_exit.o)
                              /Applications/TI/ccsv7/tools/compiler/gcc-arm-none-eabi-4_9-2015q3/bin/../lib/gcc/arm-none-eabi/4.9.3/../../../../arm-none-eabi/lib/armv7e-m/fpu/libg.a(lib_a-exit.o) (_exit)

Memory Configuration

Name             Origin             Length             Attributes
FLASH            0x0000000000000000 0x0000000000040000 xr
SRAM             0x0000000020000000 0x0000000000008000 xw
*default*        0x0000000000000000 0xffffffffffffffff

Linker script and memory map

LOAD /Applications/TI/ccsv7/tools/compiler/gcc-arm-none-eabi-4_9-2015q3/bin/../lib/gcc/arm-none-eabi/4.9.3/armv7e-m/fpu/crti.o
LOAD /Applications/TI/ccsv7/tools/compiler/gcc-arm-none-eabi-4_9-2015q3/bin/../lib/gcc/arm-none-eabi/4.9.3/armv7e-m/fpu/crtbegin.o
LOAD /Applications/TI/ccsv7/tools/compiler/gcc-arm-none-eabi-4_9-2015q3/bin/../lib/gcc/arm-none-eabi/4.9.3/../../../../arm-none-eabi/lib/armv7e-m/fpu/crt0.o
LOAD ./adc.o
LOAD ./gpio.o
LOAD ./lcd.o
LOAD ./main.o
LOAD ./numpad.o
LOAD ./startup_frt.o
LOAD ./systick_frt.o
LOAD ./FRT_Library/FreeRTOS/Source/croutine.o
LOAD ./FRT_Library/FreeRTOS/Source/list.o
LOAD ./FRT_Library/FreeRTOS/Source/queue.o
LOAD ./FRT_Library/FreeRTOS/Source/tasks.o
LOAD ./FRT_Library/FreeRTOS/Source/portable/GCC/ARM_CM4/common.o
LOAD ./FRT_Library/FreeRTOS/Source/portable/GCC/ARM_CM4/port.o
LOAD ./FRT_Library/FreeRTOS/Source/portable/MemMang/heap_2.o
                0x0000000000000000                PROVIDE (_intvecs_base_address, 0x0)

.intvecs        0x0000000000000000      0x26c
 *(.intvecs)
 .intvecs       0x0000000000000000      0x26c ./startup_frt.o
                0x0000000000000000                g_pfnVectors
                0x0000000020000000                PROVIDE (_vtable_base_address, 0x20000000)

.vtable
 *(.vtable)

.text           0x000000000000026c     0x2888
 CREATE_OBJECT_SYMBOLS
 *(.text)
 .text          0x000000000000026c        0x0 /Applications/TI/ccsv7/tools/compiler/gcc-arm-none-eabi-4_9-2015q3/bin/../lib/gcc/arm-none-eabi/4.9.3/armv7e-m/fpu/crti.o
 .text          0x000000000000026c       0x5c /Applications/TI/ccsv7/tools/compiler/gcc-arm-none-eabi-4_9-2015q3/bin/../lib/gcc/arm-none-eabi/4.9.3/armv7e-m/fpu/crtbegin.o
 .text          0x00000000000002c8       0x74 /Applications/TI/ccsv7/tools/compiler/gcc-arm-none-eabi-4_9-2015q3/bin/../lib/gcc/arm-none-eabi/4.9.3/../../../../arm-none-eabi/lib/armv7e-m/fpu/crt0.o
                0x00000000000002c8                _mainCRTStartup
                0x00000000000002c8                _start
 .text          0x000000000000033c        0x0 ./adc.o
 .text          0x000000000000033c        0x0 ./gpio.o
 .text          0x000000000000033c        0x0 ./lcd.o
 .text          0x000000000000033c        0x0 ./main.o
 .text          0x000000000000033c        0x0 ./numpad.o
 .text          0x000000000000033c        0x0 ./startup_frt.o
 .text          0x000000000000033c        0x0 ./systick_frt.o
 .text          0x000000000000033c        0x0 ./FRT_Library/FreeRTOS/Source/croutine.o
 .text          0x000000000000033c        0x0 ./FRT_Library/FreeRTOS/Source/list.o
 .text          0x000000000000033c        0x0 ./FRT_Library/FreeRTOS/Source/queue.o
 .text          0x000000000000033c        0x0 ./FRT_Library/FreeRTOS/Source/tasks.o
 .text          0x000000000000033c        0x0 ./FRT_Library/FreeRTOS/Source/portable/GCC/ARM_CM4/common.o
 .text          0x000000000000033c        0x0 ./FRT_Library/FreeRTOS/Source/portable/GCC/ARM_CM4/port.o
 .text          0x000000000000033c        0x0 ./FRT_Library/FreeRTOS/Source/portable/MemMang/heap_2.o
 .text          0x000000000000033c        0x0 /Applications/TI/ccsv7/tools/compiler/gcc-arm-none-eabi-4_9-2015q3/bin/../lib/gcc/arm-none-eabi/4.9.3/../../../../arm-none-eabi/lib/armv7e-m/fpu/libg.a(lib_a-exit.o)
 .text          0x000000000000033c        0x0 /Applications/TI/ccsv7/tools/compiler/gcc-arm-none-eabi-4_9-2015q3/bin/../lib/gcc/arm-none-eabi/4.9.3/../../../../arm-none-eabi/lib/armv7e-m/fpu/libg.a(lib_a-impure.o)
 .text          0x000000000000033c        0x0 /Applications/TI/ccsv7/tools/compiler/gcc-arm-none-eabi-4_9-2015q3/bin/../lib/gcc/arm-none-eabi/4.9.3/../../../../arm-none-eabi/lib/armv7e-m/fpu/libg.a(lib_a-init.o)
 .text          0x000000000000033c      0x134 /Applications/TI/ccsv7/tools/compiler/gcc-arm-none-eabi-4_9-2015q3/bin/../lib/gcc/arm-none-eabi/4.9.3/../../../../arm-none-eabi/lib/armv7e-m/fpu/libg.a(lib_a-memcpy.o)
                0x000000000000033c                memcpy
 .text          0x0000000000000470        0x0 /Applications/TI/ccsv7/tools/compiler/gcc-arm-none-eabi-4_9-2015q3/bin/../lib/gcc/arm-none-eabi/4.9.3/../../../../arm-none-eabi/lib/armv7e-m/fpu/libg.a(lib_a-memset.o)
 .text          0x0000000000000470        0x0 /Applications/TI/ccsv7/tools/compiler/gcc-arm-none-eabi-4_9-2015q3/bin/../lib/gcc/arm-none-eabi/4.9.3/../../../../arm-none-eabi/lib/armv7e-m/fpu/libg.a(lib_a-strncpy.o)
 .text          0x0000000000000470        0x0 /Applications/TI/ccsv7/tools/compiler/gcc-arm-none-eabi-4_9-2015q3/bin/../lib/gcc/arm-none-eabi/4.9.3/../../../../arm-none-eabi/lib/armv7e-m/fpu/libg.a(lib_a-__call_atexit.o)
 .text          0x0000000000000470        0x0 /Applications/TI/ccsv7/tools/compiler/gcc-arm-none-eabi-4_9-2015q3/bin/../lib/gcc/arm-none-eabi/4.9.3/../../../../arm-none-eabi/lib/armv7e-m/fpu/libg.a(lib_a-atexit.o)
 .text          0x0000000000000470        0x0 /Applications/TI/ccsv7/tools/compiler/gcc-arm-none-eabi-4_9-2015q3/bin/../lib/gcc/arm-none-eabi/4.9.3/../../../../arm-none-eabi/lib/armv7e-m/fpu/libg.a(lib_a-fini.o)
 .text          0x0000000000000470        0x0 /Applications/TI/ccsv7/tools/compiler/gcc-arm-none-eabi-4_9-2015q3/bin/../lib/gcc/arm-none-eabi/4.9.3/../../../../arm-none-eabi/lib/armv7e-m/fpu/libg.a(lib_a-__atexit.o)
 .text          0x0000000000000470        0x0 /Applications/TI/ccsv7/tools/compiler/gcc-arm-none-eabi-4_9-2015q3/bin/../lib/gcc/arm-none-eabi/4.9.3/../../../../arm-none-eabi/lib/armv7e-m/fpu/libnosys.a(_exit.o)
 .text          0x0000000000000470        0x0 /Applications/TI/ccsv7/tools/compiler/gcc-arm-none-eabi-4_9-2015q3/bin/../lib/gcc/arm-none-eabi/4.9.3/armv7e-m/fpu/crtend.o
 .text          0x0000000000000470        0x0 /Applications/TI/ccsv7/tools/compiler/gcc-arm-none-eabi-4_9-2015q3/bin/../lib/gcc/arm-none-eabi/4.9.3/armv7e-m/fpu/crtn.o
 *(.text.*)
 .text.initADC  0x0000000000000470       0x74 ./adc.o
                0x0000000000000470                initADC
 .text.readADC  0x00000000000004e4       0x7c ./adc.o
                0x00000000000004e4                readADC
 .text.initGPIO
                0x0000000000000560       0x40 ./gpio.o
                0x0000000000000560                initGPIO
 .text.putChar  0x00000000000005a0       0x10 ./main.o
                0x00000000000005a0                putChar
 .text.setupHardware
                0x00000000000005b0       0x14 ./main.o
 .text.main     0x00000000000005c4       0x3c ./main.o
                0x00000000000005c4                main
 .text.initNumpad
                0x0000000000000600        0xc ./numpad.o
                0x0000000000000600                initNumpad
 .text.readNumpad
                0x000000000000060c       0x14 ./numpad.o
                0x000000000000060c                readNumpad
 .text.ResetISR
                0x0000000000000620       0x68 ./startup_frt.o
                0x0000000000000620                ResetISR
 .text.NmiSR    0x0000000000000688        0x8 ./startup_frt.o
 .text.FaultISR
                0x0000000000000690        0x8 ./startup_frt.o
 .text.IntDefaultHandler
                0x0000000000000698        0x8 ./startup_frt.o
 .text.enable_global_int
                0x00000000000006a0       0x10 ./systick_frt.o
                0x00000000000006a0                enable_global_int
 .text.disable_global_int
                0x00000000000006b0       0x10 ./systick_frt.o
                0x00000000000006b0                disable_global_int
 .text.init_systick
                0x00000000000006c0       0x84 ./systick_frt.o
                0x00000000000006c0                init_systick
 .text.xCoRoutineCreate
                0x0000000000000744       0xcc ./FRT_Library/FreeRTOS/Source/croutine.o
                0x0000000000000744                xCoRoutineCreate
 .text.vCoRoutineAddToDelayedList
                0x0000000000000810       0x84 ./FRT_Library/FreeRTOS/Source/croutine.o
                0x0000000000000810                vCoRoutineAddToDelayedList
 .text.prvCheckPendingReadyList
                0x0000000000000894       0x8c ./FRT_Library/FreeRTOS/Source/croutine.o
 .text.prvCheckDelayedList
                0x0000000000000920      0x104 ./FRT_Library/FreeRTOS/Source/croutine.o
 .text.vCoRoutineSchedule
                0x0000000000000a24       0xa0 ./FRT_Library/FreeRTOS/Source/croutine.o
                0x0000000000000a24                vCoRoutineSchedule
 .text.prvInitialiseCoRoutineLists
                0x0000000000000ac4       0x68 ./FRT_Library/FreeRTOS/Source/croutine.o
 .text.xCoRoutineRemoveFromEventList
                0x0000000000000b2c       0x5c ./FRT_Library/FreeRTOS/Source/croutine.o
                0x0000000000000b2c                xCoRoutineRemoveFromEventList
 .text.vListInitialise
                0x0000000000000b88       0x40 ./FRT_Library/FreeRTOS/Source/list.o
                0x0000000000000b88                vListInitialise
 .text.vListInitialiseItem
                0x0000000000000bc8       0x18 ./FRT_Library/FreeRTOS/Source/list.o
                0x0000000000000bc8                vListInitialiseItem
 .text.vListInsertEnd
                0x0000000000000be0       0x50 ./FRT_Library/FreeRTOS/Source/list.o
                0x0000000000000be0                vListInsertEnd
 .text.vListInsert
                0x0000000000000c30       0x70 ./FRT_Library/FreeRTOS/Source/list.o
                0x0000000000000c30                vListInsert
 .text.vListRemove
                0x0000000000000ca0       0x50 ./FRT_Library/FreeRTOS/Source/list.o
                0x0000000000000ca0                vListRemove
 .text.xQueueCreate
                0x0000000000000cf0       0xb8 ./FRT_Library/FreeRTOS/Source/queue.o
                0x0000000000000cf0                xQueueCreate
 .text.xQueueCreateMutex
                0x0000000000000da8       0x78 ./FRT_Library/FreeRTOS/Source/queue.o
                0x0000000000000da8                xQueueCreateMutex
 .text.xQueueGiveMutexRecursive
                0x0000000000000e20       0x48 ./FRT_Library/FreeRTOS/Source/queue.o
                0x0000000000000e20                xQueueGiveMutexRecursive
 .text.xQueueTakeMutexRecursive
                0x0000000000000e68       0x50 ./FRT_Library/FreeRTOS/Source/queue.o
                0x0000000000000e68                xQueueTakeMutexRecursive
 .text.xQueueGenericSend
                0x0000000000000eb8      0x10c ./FRT_Library/FreeRTOS/Source/queue.o
                0x0000000000000eb8                xQueueGenericSend
 .text.xQueueGenericSendFromISR
                0x0000000000000fc4       0x80 ./FRT_Library/FreeRTOS/Source/queue.o
                0x0000000000000fc4                xQueueGenericSendFromISR
 .text.xQueueGenericReceive
                0x0000000000001044      0x16c ./FRT_Library/FreeRTOS/Source/queue.o
                0x0000000000001044                xQueueGenericReceive
 .text.xQueueReceiveFromISR
                0x00000000000011b0       0x84 ./FRT_Library/FreeRTOS/Source/queue.o
                0x00000000000011b0                xQueueReceiveFromISR
 .text.uxQueueMessagesWaiting
                0x0000000000001234       0x20 ./FRT_Library/FreeRTOS/Source/queue.o
                0x0000000000001234                uxQueueMessagesWaiting
 .text.uxQueueMessagesWaitingFromISR
                0x0000000000001254       0x1c ./FRT_Library/FreeRTOS/Source/queue.o
                0x0000000000001254                uxQueueMessagesWaitingFromISR
 .text.vQueueDelete
                0x0000000000001270       0x20 ./FRT_Library/FreeRTOS/Source/queue.o
                0x0000000000001270                vQueueDelete
 .text.prvCopyDataToQueue
                0x0000000000001290       0xb8 ./FRT_Library/FreeRTOS/Source/queue.o
 .text.prvCopyDataFromQueue
                0x0000000000001348       0x4c ./FRT_Library/FreeRTOS/Source/queue.o
 .text.prvUnlockQueue
                0x0000000000001394       0x98 ./FRT_Library/FreeRTOS/Source/queue.o
 .text.prvIsQueueEmpty
                0x000000000000142c       0x2c ./FRT_Library/FreeRTOS/Source/queue.o
 .text.xQueueIsQueueEmptyFromISR
                0x0000000000001458       0x28 ./FRT_Library/FreeRTOS/Source/queue.o
                0x0000000000001458                xQueueIsQueueEmptyFromISR
 .text.prvIsQueueFull
                0x0000000000001480       0x30 ./FRT_Library/FreeRTOS/Source/queue.o
 .text.xQueueIsQueueFullFromISR
                0x00000000000014b0       0x2c ./FRT_Library/FreeRTOS/Source/queue.o
                0x00000000000014b0                xQueueIsQueueFullFromISR
 .text.xTaskGenericCreate
                0x00000000000014dc      0x148 ./FRT_Library/FreeRTOS/Source/tasks.o
                0x00000000000014dc                xTaskGenericCreate
 .text.vTaskDelete
                0x0000000000001624       0x98 ./FRT_Library/FreeRTOS/Source/tasks.o
                0x0000000000001624                vTaskDelete
 .text.vTaskDelayUntil
                0x00000000000016bc       0xd0 ./FRT_Library/FreeRTOS/Source/tasks.o
                0x00000000000016bc                vTaskDelayUntil
 .text.vTaskDelay
                0x000000000000178c       0x8c ./FRT_Library/FreeRTOS/Source/tasks.o
                0x000000000000178c                vTaskDelay
 .text.uxTaskPriorityGet
                0x0000000000001818       0x34 ./FRT_Library/FreeRTOS/Source/tasks.o
                0x0000000000001818                uxTaskPriorityGet
 .text.vTaskPrioritySet
                0x000000000000184c       0xf8 ./FRT_Library/FreeRTOS/Source/tasks.o
                0x000000000000184c                vTaskPrioritySet
 .text.vTaskSuspend
                0x0000000000001944       0x70 ./FRT_Library/FreeRTOS/Source/tasks.o
                0x0000000000001944                vTaskSuspend
 .text.xTaskIsTaskSuspended
                0x00000000000019b4       0x48 ./FRT_Library/FreeRTOS/Source/tasks.o
                0x00000000000019b4                xTaskIsTaskSuspended
 .text.vTaskResume
                0x00000000000019fc       0x90 ./FRT_Library/FreeRTOS/Source/tasks.o
                0x00000000000019fc                vTaskResume
 .text.xTaskResumeFromISR
                0x0000000000001a8c       0xa0 ./FRT_Library/FreeRTOS/Source/tasks.o
                0x0000000000001a8c                xTaskResumeFromISR
 .text.vTaskStartScheduler
                0x0000000000001b2c       0x58 ./FRT_Library/FreeRTOS/Source/tasks.o
                0x0000000000001b2c                vTaskStartScheduler
 .text.vTaskEndScheduler
                0x0000000000001b84       0x1c ./FRT_Library/FreeRTOS/Source/tasks.o
                0x0000000000001b84                vTaskEndScheduler
 .text.vTaskSuspendAll
                0x0000000000001ba0       0x1c ./FRT_Library/FreeRTOS/Source/tasks.o
                0x0000000000001ba0                vTaskSuspendAll
 .text.xTaskResumeAll
                0x0000000000001bbc      0x100 ./FRT_Library/FreeRTOS/Source/tasks.o
                0x0000000000001bbc                xTaskResumeAll
 .text.xTaskGetTickCount
                0x0000000000001cbc       0x24 ./FRT_Library/FreeRTOS/Source/tasks.o
                0x0000000000001cbc                xTaskGetTickCount
 .text.uxTaskGetNumberOfTasks
                0x0000000000001ce0       0x18 ./FRT_Library/FreeRTOS/Source/tasks.o
                0x0000000000001ce0                uxTaskGetNumberOfTasks
 .text.vTaskIncrementTick
                0x0000000000001cf8       0xdc ./FRT_Library/FreeRTOS/Source/tasks.o
                0x0000000000001cf8                vTaskIncrementTick
 .text.vTaskSwitchContext
                0x0000000000001dd4       0x94 ./FRT_Library/FreeRTOS/Source/tasks.o
                0x0000000000001dd4                vTaskSwitchContext
 .text.vTaskPlaceOnEventList
                0x0000000000001e68       0x98 ./FRT_Library/FreeRTOS/Source/tasks.o
                0x0000000000001e68                vTaskPlaceOnEventList
 .text.xTaskRemoveFromEventList
                0x0000000000001f00       0xac ./FRT_Library/FreeRTOS/Source/tasks.o
                0x0000000000001f00                xTaskRemoveFromEventList
 .text.vTaskSetTimeOutState
                0x0000000000001fac       0x2c ./FRT_Library/FreeRTOS/Source/tasks.o
                0x0000000000001fac                vTaskSetTimeOutState
 .text.xTaskCheckForTimeOut
                0x0000000000001fd8       0x88 ./FRT_Library/FreeRTOS/Source/tasks.o
                0x0000000000001fd8                xTaskCheckForTimeOut
 .text.vTaskMissedYield
                0x0000000000002060       0x18 ./FRT_Library/FreeRTOS/Source/tasks.o
                0x0000000000002060                vTaskMissedYield
 .text.prvIdleTask
                0x0000000000002078       0x20 ./FRT_Library/FreeRTOS/Source/tasks.o
 .text.prvInitialiseTCBVariables
                0x0000000000002098       0x6c ./FRT_Library/FreeRTOS/Source/tasks.o
 .text.prvInitialiseTaskLists
                0x0000000000002104       0x7c ./FRT_Library/FreeRTOS/Source/tasks.o
 .text.prvCheckTasksWaitingTermination
                0x0000000000002180       0x84 ./FRT_Library/FreeRTOS/Source/tasks.o
 .text.prvAllocateTCBAndStack
                0x0000000000002204       0x64 ./FRT_Library/FreeRTOS/Source/tasks.o
 .text.prvDeleteTCB
                0x0000000000002268       0x20 ./FRT_Library/FreeRTOS/Source/tasks.o
 .text.xTaskGetCurrentTaskHandle
                0x0000000000002288       0x20 ./FRT_Library/FreeRTOS/Source/tasks.o
                0x0000000000002288                xTaskGetCurrentTaskHandle
 .text.vTaskPriorityInherit
                0x00000000000022a8       0xa4 ./FRT_Library/FreeRTOS/Source/tasks.o
                0x00000000000022a8                vTaskPriorityInherit
 .text.vTaskPriorityDisinherit
                0x000000000000234c       0x7c ./FRT_Library/FreeRTOS/Source/tasks.o
                0x000000000000234c                vTaskPriorityDisinherit
 .text.vApplicationStackOverflowHook
                0x00000000000023c8       0x2c ./FRT_Library/FreeRTOS/Source/portable/GCC/ARM_CM4/common.o
                0x00000000000023c8                vApplicationStackOverflowHook
 .text.pxPortInitialiseStack
                0x00000000000023f4       0x54 ./FRT_Library/FreeRTOS/Source/portable/GCC/ARM_CM4/port.o
                0x00000000000023f4                pxPortInitialiseStack
 .text.vPortSVCHandler
                0x0000000000002448       0x20 ./FRT_Library/FreeRTOS/Source/portable/GCC/ARM_CM4/port.o
                0x0000000000002448                vPortSVCHandler
 .text.vPortStartFirstTask
                0x0000000000002468       0x10 ./FRT_Library/FreeRTOS/Source/portable/GCC/ARM_CM4/port.o
                0x0000000000002468                vPortStartFirstTask
 .text.xPortStartScheduler
                0x0000000000002478       0x38 ./FRT_Library/FreeRTOS/Source/portable/GCC/ARM_CM4/port.o
                0x0000000000002478                xPortStartScheduler
 .text.vPortEndScheduler
                0x00000000000024b0        0xc ./FRT_Library/FreeRTOS/Source/portable/GCC/ARM_CM4/port.o
                0x00000000000024b0                vPortEndScheduler
 .text.vPortYieldFromISR
                0x00000000000024bc       0x18 ./FRT_Library/FreeRTOS/Source/portable/GCC/ARM_CM4/port.o
                0x00000000000024bc                vPortYieldFromISR
 .text.vPortEnterCritical
                0x00000000000024d4       0x24 ./FRT_Library/FreeRTOS/Source/portable/GCC/ARM_CM4/port.o
                0x00000000000024d4                vPortEnterCritical
 .text.vPortExitCritical
                0x00000000000024f8       0x2c ./FRT_Library/FreeRTOS/Source/portable/GCC/ARM_CM4/port.o
                0x00000000000024f8                vPortExitCritical
 .text.xPortPendSVHandler
                0x0000000000002524       0x3c ./FRT_Library/FreeRTOS/Source/portable/GCC/ARM_CM4/port.o
                0x0000000000002524                xPortPendSVHandler
 .text.xPortSysTickHandler
                0x0000000000002560       0x30 ./FRT_Library/FreeRTOS/Source/portable/GCC/ARM_CM4/port.o
                0x0000000000002560                xPortSysTickHandler
 .text.prvSetupTimerInterrupt
                0x0000000000002590       0x24 ./FRT_Library/FreeRTOS/Source/portable/GCC/ARM_CM4/port.o
 .text.pvPortMalloc
                0x00000000000025b4      0x14c ./FRT_Library/FreeRTOS/Source/portable/MemMang/heap_2.o
                0x00000000000025b4                pvPortMalloc
 .text.vPortFree
                0x0000000000002700       0x70 ./FRT_Library/FreeRTOS/Source/portable/MemMang/heap_2.o
                0x0000000000002700                vPortFree
 .text.xPortGetFreeHeapSize
                0x0000000000002770       0x18 ./FRT_Library/FreeRTOS/Source/portable/MemMang/heap_2.o
                0x0000000000002770                xPortGetFreeHeapSize
 .text.vPortInitialiseBlocks
                0x0000000000002788        0xc ./FRT_Library/FreeRTOS/Source/portable/MemMang/heap_2.o
                0x0000000000002788                vPortInitialiseBlocks
 .text.exit     0x0000000000002794       0x20 /Applications/TI/ccsv7/tools/compiler/gcc-arm-none-eabi-4_9-2015q3/bin/../lib/gcc/arm-none-eabi/4.9.3/../../../../arm-none-eabi/lib/armv7e-m/fpu/libg.a(lib_a-exit.o)
                0x0000000000002794                exit
 .text.__libc_init_array
                0x00000000000027b4       0x50 /Applications/TI/ccsv7/tools/compiler/gcc-arm-none-eabi-4_9-2015q3/bin/../lib/gcc/arm-none-eabi/4.9.3/../../../../arm-none-eabi/lib/armv7e-m/fpu/libg.a(lib_a-init.o)
                0x00000000000027b4                __libc_init_array
 .text.memset   0x0000000000002804       0x9c /Applications/TI/ccsv7/tools/compiler/gcc-arm-none-eabi-4_9-2015q3/bin/../lib/gcc/arm-none-eabi/4.9.3/../../../../arm-none-eabi/lib/armv7e-m/fpu/libg.a(lib_a-memset.o)
                0x0000000000002804                memset
 .text.strncpy  0x00000000000028a0       0x68 /Applications/TI/ccsv7/tools/compiler/gcc-arm-none-eabi-4_9-2015q3/bin/../lib/gcc/arm-none-eabi/4.9.3/../../../../arm-none-eabi/lib/armv7e-m/fpu/libg.a(lib_a-strncpy.o)
                0x00000000000028a0                strncpy
 .text.startup.register_fini
                0x0000000000002908       0x14 /Applications/TI/ccsv7/tools/compiler/gcc-arm-none-eabi-4_9-2015q3/bin/../lib/gcc/arm-none-eabi/4.9.3/../../../../arm-none-eabi/lib/armv7e-m/fpu/libg.a(lib_a-__call_atexit.o)
 .text.__call_exitprocs
                0x000000000000291c       0xd4 /Applications/TI/ccsv7/tools/compiler/gcc-arm-none-eabi-4_9-2015q3/bin/../lib/gcc/arm-none-eabi/4.9.3/../../../../arm-none-eabi/lib/armv7e-m/fpu/libg.a(lib_a-__call_atexit.o)
                0x000000000000291c                __call_exitprocs
 .text.atexit   0x00000000000029f0        0xc /Applications/TI/ccsv7/tools/compiler/gcc-arm-none-eabi-4_9-2015q3/bin/../lib/gcc/arm-none-eabi/4.9.3/../../../../arm-none-eabi/lib/armv7e-m/fpu/libg.a(lib_a-atexit.o)
                0x00000000000029f0                atexit
 .text.__libc_fini_array
                0x00000000000029fc       0x2c /Applications/TI/ccsv7/tools/compiler/gcc-arm-none-eabi-4_9-2015q3/bin/../lib/gcc/arm-none-eabi/4.9.3/../../../../arm-none-eabi/lib/armv7e-m/fpu/libg.a(lib_a-fini.o)
                0x00000000000029fc                __libc_fini_array
 .text.__register_exitproc
                0x0000000000002a28       0xa4 /Applications/TI/ccsv7/tools/compiler/gcc-arm-none-eabi-4_9-2015q3/bin/../lib/gcc/arm-none-eabi/4.9.3/../../../../arm-none-eabi/lib/armv7e-m/fpu/libg.a(lib_a-__atexit.o)
                0x0000000000002a28                __register_exitproc
 .text._exit    0x0000000000002acc        0x4 /Applications/TI/ccsv7/tools/compiler/gcc-arm-none-eabi-4_9-2015q3/bin/../lib/gcc/arm-none-eabi/4.9.3/../../../../arm-none-eabi/lib/armv7e-m/fpu/libnosys.a(_exit.o)
                0x0000000000002acc                _exit
                0x0000000000002ad0                . = ALIGN (0x4)
 *(.ctors)
                0x0000000000002ad0                . = ALIGN (0x4)
 *(.dtors)
                0x0000000000002ad0                . = ALIGN (0x4)
                0x0000000000002ad0                __init_array_start = .
 *(.init_array*)
 .init_array    0x0000000000002ad0        0x4 /Applications/TI/ccsv7/tools/compiler/gcc-arm-none-eabi-4_9-2015q3/bin/../lib/gcc/arm-none-eabi/4.9.3/armv7e-m/fpu/crtbegin.o
 .init_array.00000
                0x0000000000002ad4        0x4 /Applications/TI/ccsv7/tools/compiler/gcc-arm-none-eabi-4_9-2015q3/bin/../lib/gcc/arm-none-eabi/4.9.3/../../../../arm-none-eabi/lib/armv7e-m/fpu/libg.a(lib_a-__call_atexit.o)
                0x0000000000002ad8                __init_array_end = .
 *(.init)
 .init          0x0000000000002ad8        0x4 /Applications/TI/ccsv7/tools/compiler/gcc-arm-none-eabi-4_9-2015q3/bin/../lib/gcc/arm-none-eabi/4.9.3/armv7e-m/fpu/crti.o
                0x0000000000002ad8                _init
 .init          0x0000000000002adc        0x8 /Applications/TI/ccsv7/tools/compiler/gcc-arm-none-eabi-4_9-2015q3/bin/../lib/gcc/arm-none-eabi/4.9.3/armv7e-m/fpu/crtn.o
 *(.fini*)
 .fini          0x0000000000002ae4        0x4 /Applications/TI/ccsv7/tools/compiler/gcc-arm-none-eabi-4_9-2015q3/bin/../lib/gcc/arm-none-eabi/4.9.3/armv7e-m/fpu/crti.o
                0x0000000000002ae4                _fini
 .fini_array    0x0000000000002ae8        0x4 /Applications/TI/ccsv7/tools/compiler/gcc-arm-none-eabi-4_9-2015q3/bin/../lib/gcc/arm-none-eabi/4.9.3/armv7e-m/fpu/crtbegin.o
 .fini          0x0000000000002aec        0x8 /Applications/TI/ccsv7/tools/compiler/gcc-arm-none-eabi-4_9-2015q3/bin/../lib/gcc/arm-none-eabi/4.9.3/armv7e-m/fpu/crtn.o
                0x0000000000002af4                PROVIDE (__etext, .)
                0x0000000000002af4                PROVIDE (_etext, .)
                0x0000000000002af4                PROVIDE (etext, .)

.glue_7         0x0000000000002af4        0x0
 .glue_7        0x0000000000000000        0x0 linker stubs

.glue_7t        0x0000000000002af4        0x0
 .glue_7t       0x0000000000000000        0x0 linker stubs

.vfp11_veneer   0x0000000000002af4        0x0
 .vfp11_veneer  0x0000000000000000        0x0 linker stubs

.v4_bx          0x0000000000002af4        0x0
 .v4_bx         0x0000000000000000        0x0 linker stubs

.iplt           0x0000000000002af4        0x0
 .iplt          0x0000000000000000        0x0 /Applications/TI/ccsv7/tools/compiler/gcc-arm-none-eabi-4_9-2015q3/bin/../lib/gcc/arm-none-eabi/4.9.3/armv7e-m/fpu/crtbegin.o

.rodata         0x0000000000002af4       0x20
 *(.rodata)
 .rodata        0x0000000000002af4        0x8 ./main.o
 .rodata        0x0000000000002afc        0x5 ./FRT_Library/FreeRTOS/Source/tasks.o
 *(.rodata*)
 *fill*         0x0000000000002b01        0x3 
 .rodata.ulKernelPriority
                0x0000000000002b04        0x4 ./FRT_Library/FreeRTOS/Source/portable/GCC/ARM_CM4/port.o
                0x0000000000002b04                ulKernelPriority
 .rodata.heapSTRUCT_SIZE
                0x0000000000002b08        0x2 ./FRT_Library/FreeRTOS/Source/portable/MemMang/heap_2.o
 *fill*         0x0000000000002b0a        0x2 
 .rodata.str1.4
                0x0000000000002b0c        0x4 /Applications/TI/ccsv7/tools/compiler/gcc-arm-none-eabi-4_9-2015q3/bin/../lib/gcc/arm-none-eabi/4.9.3/../../../../arm-none-eabi/lib/armv7e-m/fpu/libg.a(lib_a-impure.o)
                                          0x2 (size before relaxing)
 .rodata._global_impure_ptr
                0x0000000000002b10        0x4 /Applications/TI/ccsv7/tools/compiler/gcc-arm-none-eabi-4_9-2015q3/bin/../lib/gcc/arm-none-eabi/4.9.3/../../../../arm-none-eabi/lib/armv7e-m/fpu/libg.a(lib_a-impure.o)
                0x0000000000002b10                _global_impure_ptr

.eh_frame       0x0000000000002b14        0x4
 .eh_frame      0x0000000000002b14        0x0 /Applications/TI/ccsv7/tools/compiler/gcc-arm-none-eabi-4_9-2015q3/bin/../lib/gcc/arm-none-eabi/4.9.3/armv7e-m/fpu/crtbegin.o
 .eh_frame      0x0000000000002b14        0x4 /Applications/TI/ccsv7/tools/compiler/gcc-arm-none-eabi-4_9-2015q3/bin/../lib/gcc/arm-none-eabi/4.9.3/armv7e-m/fpu/crtend.o

.data           0x0000000020000000      0x434 load address 0x0000000000002b18
                0x0000000000002b18                __data_load__ = LOADADDR (.data)
                0x0000000020000000                __data_start__ = .
 *(.data)
 .data          0x0000000020000000        0x0 /Applications/TI/ccsv7/tools/compiler/gcc-arm-none-eabi-4_9-2015q3/bin/../lib/gcc/arm-none-eabi/4.9.3/armv7e-m/fpu/crti.o
 .data          0x0000000020000000        0x4 /Applications/TI/ccsv7/tools/compiler/gcc-arm-none-eabi-4_9-2015q3/bin/../lib/gcc/arm-none-eabi/4.9.3/armv7e-m/fpu/crtbegin.o
                0x0000000020000000                __dso_handle
 .data          0x0000000020000004        0x0 /Applications/TI/ccsv7/tools/compiler/gcc-arm-none-eabi-4_9-2015q3/bin/../lib/gcc/arm-none-eabi/4.9.3/../../../../arm-none-eabi/lib/armv7e-m/fpu/crt0.o
 .data          0x0000000020000004        0x0 ./adc.o
 .data          0x0000000020000004        0x0 ./gpio.o
 .data          0x0000000020000004        0x0 ./lcd.o
 .data          0x0000000020000004        0x0 ./main.o
 .data          0x0000000020000004        0x0 ./numpad.o
 .data          0x0000000020000004        0x0 ./startup_frt.o
 .data          0x0000000020000004        0x0 ./systick_frt.o
 .data          0x0000000020000004        0x0 ./FRT_Library/FreeRTOS/Source/croutine.o
 .data          0x0000000020000004        0x0 ./FRT_Library/FreeRTOS/Source/list.o
 .data          0x0000000020000004        0x0 ./FRT_Library/FreeRTOS/Source/queue.o
 .data          0x0000000020000004        0x0 ./FRT_Library/FreeRTOS/Source/tasks.o
 .data          0x0000000020000004        0x0 ./FRT_Library/FreeRTOS/Source/portable/GCC/ARM_CM4/common.o
 .data          0x0000000020000004        0x0 ./FRT_Library/FreeRTOS/Source/portable/GCC/ARM_CM4/port.o
 .data          0x0000000020000004        0x0 ./FRT_Library/FreeRTOS/Source/portable/MemMang/heap_2.o
 .data          0x0000000020000004        0x0 /Applications/TI/ccsv7/tools/compiler/gcc-arm-none-eabi-4_9-2015q3/bin/../lib/gcc/arm-none-eabi/4.9.3/../../../../arm-none-eabi/lib/armv7e-m/fpu/libg.a(lib_a-exit.o)
 .data          0x0000000020000004        0x0 /Applications/TI/ccsv7/tools/compiler/gcc-arm-none-eabi-4_9-2015q3/bin/../lib/gcc/arm-none-eabi/4.9.3/../../../../arm-none-eabi/lib/armv7e-m/fpu/libg.a(lib_a-impure.o)
 .data          0x0000000020000004        0x0 /Applications/TI/ccsv7/tools/compiler/gcc-arm-none-eabi-4_9-2015q3/bin/../lib/gcc/arm-none-eabi/4.9.3/../../../../arm-none-eabi/lib/armv7e-m/fpu/libg.a(lib_a-init.o)
 .data          0x0000000020000004        0x0 /Applications/TI/ccsv7/tools/compiler/gcc-arm-none-eabi-4_9-2015q3/bin/../lib/gcc/arm-none-eabi/4.9.3/../../../../arm-none-eabi/lib/armv7e-m/fpu/libg.a(lib_a-memcpy.o)
 .data          0x0000000020000004        0x0 /Applications/TI/ccsv7/tools/compiler/gcc-arm-none-eabi-4_9-2015q3/bin/../lib/gcc/arm-none-eabi/4.9.3/../../../../arm-none-eabi/lib/armv7e-m/fpu/libg.a(lib_a-memset.o)
 .data          0x0000000020000004        0x0 /Applications/TI/ccsv7/tools/compiler/gcc-arm-none-eabi-4_9-2015q3/bin/../lib/gcc/arm-none-eabi/4.9.3/../../../../arm-none-eabi/lib/armv7e-m/fpu/libg.a(lib_a-strncpy.o)
 .data          0x0000000020000004        0x0 /Applications/TI/ccsv7/tools/compiler/gcc-arm-none-eabi-4_9-2015q3/bin/../lib/gcc/arm-none-eabi/4.9.3/../../../../arm-none-eabi/lib/armv7e-m/fpu/libg.a(lib_a-__call_atexit.o)
 .data          0x0000000020000004        0x0 /Applications/TI/ccsv7/tools/compiler/gcc-arm-none-eabi-4_9-2015q3/bin/../lib/gcc/arm-none-eabi/4.9.3/../../../../arm-none-eabi/lib/armv7e-m/fpu/libg.a(lib_a-atexit.o)
 .data          0x0000000020000004        0x0 /Applications/TI/ccsv7/tools/compiler/gcc-arm-none-eabi-4_9-2015q3/bin/../lib/gcc/arm-none-eabi/4.9.3/../../../../arm-none-eabi/lib/armv7e-m/fpu/libg.a(lib_a-fini.o)
 .data          0x0000000020000004        0x0 /Applications/TI/ccsv7/tools/compiler/gcc-arm-none-eabi-4_9-2015q3/bin/../lib/gcc/arm-none-eabi/4.9.3/../../../../arm-none-eabi/lib/armv7e-m/fpu/libg.a(lib_a-__atexit.o)
 .data          0x0000000020000004        0x0 /Applications/TI/ccsv7/tools/compiler/gcc-arm-none-eabi-4_9-2015q3/bin/../lib/gcc/arm-none-eabi/4.9.3/../../../../arm-none-eabi/lib/armv7e-m/fpu/libnosys.a(_exit.o)
 .data          0x0000000020000004        0x0 /Applications/TI/ccsv7/tools/compiler/gcc-arm-none-eabi-4_9-2015q3/bin/../lib/gcc/arm-none-eabi/4.9.3/armv7e-m/fpu/crtend.o
 .data          0x0000000020000004        0x0 /Applications/TI/ccsv7/tools/compiler/gcc-arm-none-eabi-4_9-2015q3/bin/../lib/gcc/arm-none-eabi/4.9.3/armv7e-m/fpu/crtn.o
 *(.data*)
 .data.uxCriticalNesting
                0x0000000020000004        0x4 ./FRT_Library/FreeRTOS/Source/portable/GCC/ARM_CM4/port.o
 .data.impure_data
                0x0000000020000008      0x428 /Applications/TI/ccsv7/tools/compiler/gcc-arm-none-eabi-4_9-2015q3/bin/../lib/gcc/arm-none-eabi/4.9.3/../../../../arm-none-eabi/lib/armv7e-m/fpu/libg.a(lib_a-impure.o)
 .data._impure_ptr
                0x0000000020000430        0x4 /Applications/TI/ccsv7/tools/compiler/gcc-arm-none-eabi-4_9-2015q3/bin/../lib/gcc/arm-none-eabi/4.9.3/../../../../arm-none-eabi/lib/armv7e-m/fpu/libg.a(lib_a-impure.o)
                0x0000000020000430                _impure_ptr
                0x0000000020000434                . = ALIGN (0x4)
                0x0000000020000434                __data_end__ = .

.jcr            0x0000000020000434        0x4 load address 0x0000000000002f4c
 .jcr           0x0000000020000434        0x0 /Applications/TI/ccsv7/tools/compiler/gcc-arm-none-eabi-4_9-2015q3/bin/../lib/gcc/arm-none-eabi/4.9.3/armv7e-m/fpu/crtbegin.o
 .jcr           0x0000000020000434        0x4 /Applications/TI/ccsv7/tools/compiler/gcc-arm-none-eabi-4_9-2015q3/bin/../lib/gcc/arm-none-eabi/4.9.3/armv7e-m/fpu/crtend.o

.igot.plt       0x0000000020000438        0x0 load address 0x0000000000002f50
 .igot.plt      0x0000000000000000        0x0 /Applications/TI/ccsv7/tools/compiler/gcc-arm-none-eabi-4_9-2015q3/bin/../lib/gcc/arm-none-eabi/4.9.3/armv7e-m/fpu/crtbegin.o

.ARM.exidx      0x0000000000002f50        0x8
                0x0000000000002f50                __exidx_start = .
 *(.ARM.exidx* .gnu.linkonce.armexidx.*)
 .ARM.exidx     0x0000000000002f50        0x8 /Applications/TI/ccsv7/tools/compiler/gcc-arm-none-eabi-4_9-2015q3/bin/../lib/gcc/arm-none-eabi/4.9.3/../../../../arm-none-eabi/lib/armv7e-m/fpu/crt0.o
                0x0000000000002f58                __exidx_end = .

.ARM.extab      0x0000000000002f58        0x0
 *(.ARM.extab* .gnu.linkonce.armextab.*)
 .ARM.extab     0x0000000000002f58        0x0 /Applications/TI/ccsv7/tools/compiler/gcc-arm-none-eabi-4_9-2015q3/bin/../lib/gcc/arm-none-eabi/4.9.3/../../../../arm-none-eabi/lib/armv7e-m/fpu/crt0.o

.rel.dyn        0x0000000000002f58        0x0
 .rel.iplt      0x0000000000000000        0x0 /Applications/TI/ccsv7/tools/compiler/gcc-arm-none-eabi-4_9-2015q3/bin/../lib/gcc/arm-none-eabi/4.9.3/armv7e-m/fpu/crtbegin.o

.bss            0x0000000020000438     0x1f78
                0x0000000020000438                __bss_start__ = .
 *(.shbss)
 *(.bss)
 .bss           0x0000000020000438        0x0 /Applications/TI/ccsv7/tools/compiler/gcc-arm-none-eabi-4_9-2015q3/bin/../lib/gcc/arm-none-eabi/4.9.3/armv7e-m/fpu/crti.o
 .bss           0x0000000020000438       0x1c /Applications/TI/ccsv7/tools/compiler/gcc-arm-none-eabi-4_9-2015q3/bin/../lib/gcc/arm-none-eabi/4.9.3/armv7e-m/fpu/crtbegin.o
 .bss           0x0000000020000454        0x0 /Applications/TI/ccsv7/tools/compiler/gcc-arm-none-eabi-4_9-2015q3/bin/../lib/gcc/arm-none-eabi/4.9.3/../../../../arm-none-eabi/lib/armv7e-m/fpu/crt0.o
 .bss           0x0000000020000454        0x0 ./adc.o
 .bss           0x0000000020000454        0x0 ./gpio.o
 .bss           0x0000000020000454        0x0 ./lcd.o
 .bss           0x0000000020000454        0x0 ./main.o
 .bss           0x0000000020000454        0x0 ./numpad.o
 .bss           0x0000000020000454        0x0 ./startup_frt.o
 .bss           0x0000000020000454        0x0 ./systick_frt.o
 .bss           0x0000000020000454        0x0 ./FRT_Library/FreeRTOS/Source/croutine.o
 .bss           0x0000000020000454        0x0 ./FRT_Library/FreeRTOS/Source/list.o
 .bss           0x0000000020000454        0x0 ./FRT_Library/FreeRTOS/Source/queue.o
 .bss           0x0000000020000454        0x0 ./FRT_Library/FreeRTOS/Source/tasks.o
 .bss           0x0000000020000454        0x0 ./FRT_Library/FreeRTOS/Source/portable/GCC/ARM_CM4/common.o
 .bss           0x0000000020000454        0x0 ./FRT_Library/FreeRTOS/Source/portable/GCC/ARM_CM4/port.o
 .bss           0x0000000020000454        0x0 ./FRT_Library/FreeRTOS/Source/portable/MemMang/heap_2.o
 .bss           0x0000000020000454        0x0 /Applications/TI/ccsv7/tools/compiler/gcc-arm-none-eabi-4_9-2015q3/bin/../lib/gcc/arm-none-eabi/4.9.3/../../../../arm-none-eabi/lib/armv7e-m/fpu/libg.a(lib_a-exit.o)
 .bss           0x0000000020000454        0x0 /Applications/TI/ccsv7/tools/compiler/gcc-arm-none-eabi-4_9-2015q3/bin/../lib/gcc/arm-none-eabi/4.9.3/../../../../arm-none-eabi/lib/armv7e-m/fpu/libg.a(lib_a-impure.o)
 .bss           0x0000000020000454        0x0 /Applications/TI/ccsv7/tools/compiler/gcc-arm-none-eabi-4_9-2015q3/bin/../lib/gcc/arm-none-eabi/4.9.3/../../../../arm-none-eabi/lib/armv7e-m/fpu/libg.a(lib_a-init.o)
 .bss           0x0000000020000454        0x0 /Applications/TI/ccsv7/tools/compiler/gcc-arm-none-eabi-4_9-2015q3/bin/../lib/gcc/arm-none-eabi/4.9.3/../../../../arm-none-eabi/lib/armv7e-m/fpu/libg.a(lib_a-memcpy.o)
 .bss           0x0000000020000454        0x0 /Applications/TI/ccsv7/tools/compiler/gcc-arm-none-eabi-4_9-2015q3/bin/../lib/gcc/arm-none-eabi/4.9.3/../../../../arm-none-eabi/lib/armv7e-m/fpu/libg.a(lib_a-memset.o)
 .bss           0x0000000020000454        0x0 /Applications/TI/ccsv7/tools/compiler/gcc-arm-none-eabi-4_9-2015q3/bin/../lib/gcc/arm-none-eabi/4.9.3/../../../../arm-none-eabi/lib/armv7e-m/fpu/libg.a(lib_a-strncpy.o)
 .bss           0x0000000020000454        0x0 /Applications/TI/ccsv7/tools/compiler/gcc-arm-none-eabi-4_9-2015q3/bin/../lib/gcc/arm-none-eabi/4.9.3/../../../../arm-none-eabi/lib/armv7e-m/fpu/libg.a(lib_a-__call_atexit.o)
 .bss           0x0000000020000454        0x0 /Applications/TI/ccsv7/tools/compiler/gcc-arm-none-eabi-4_9-2015q3/bin/../lib/gcc/arm-none-eabi/4.9.3/../../../../arm-none-eabi/lib/armv7e-m/fpu/libg.a(lib_a-atexit.o)
 .bss           0x0000000020000454        0x0 /Applications/TI/ccsv7/tools/compiler/gcc-arm-none-eabi-4_9-2015q3/bin/../lib/gcc/arm-none-eabi/4.9.3/../../../../arm-none-eabi/lib/armv7e-m/fpu/libg.a(lib_a-fini.o)
 .bss           0x0000000020000454        0x0 /Applications/TI/ccsv7/tools/compiler/gcc-arm-none-eabi-4_9-2015q3/bin/../lib/gcc/arm-none-eabi/4.9.3/../../../../arm-none-eabi/lib/armv7e-m/fpu/libg.a(lib_a-__atexit.o)
 .bss           0x0000000020000454        0x0 /Applications/TI/ccsv7/tools/compiler/gcc-arm-none-eabi-4_9-2015q3/bin/../lib/gcc/arm-none-eabi/4.9.3/../../../../arm-none-eabi/lib/armv7e-m/fpu/libnosys.a(_exit.o)
 .bss           0x0000000020000454        0x0 /Applications/TI/ccsv7/tools/compiler/gcc-arm-none-eabi-4_9-2015q3/bin/../lib/gcc/arm-none-eabi/4.9.3/armv7e-m/fpu/crtend.o
 .bss           0x0000000020000454        0x0 /Applications/TI/ccsv7/tools/compiler/gcc-arm-none-eabi-4_9-2015q3/bin/../lib/gcc/arm-none-eabi/4.9.3/armv7e-m/fpu/crtn.o
 *(.bss.*)
 .bss.Result.4000
                0x0000000020000454        0x4 ./adc.o
 .bss.pui32Stack
                0x0000000020000458      0x200 ./startup_frt.o
 .bss.pxReadyCoRoutineLists
                0x0000000020000658       0x28 ./FRT_Library/FreeRTOS/Source/croutine.o
 .bss.xDelayedCoRoutineList1
                0x0000000020000680       0x14 ./FRT_Library/FreeRTOS/Source/croutine.o
 .bss.xDelayedCoRoutineList2
                0x0000000020000694       0x14 ./FRT_Library/FreeRTOS/Source/croutine.o
 .bss.pxDelayedCoRoutineList
                0x00000000200006a8        0x4 ./FRT_Library/FreeRTOS/Source/croutine.o
 .bss.pxOverflowDelayedCoRoutineList
                0x00000000200006ac        0x4 ./FRT_Library/FreeRTOS/Source/croutine.o
 .bss.xPendingReadyCoRoutineList
                0x00000000200006b0       0x14 ./FRT_Library/FreeRTOS/Source/croutine.o
 .bss.pxCurrentCoRoutine
                0x00000000200006c4        0x4 ./FRT_Library/FreeRTOS/Source/croutine.o
                0x00000000200006c4                pxCurrentCoRoutine
 .bss.uxTopCoRoutineReadyPriority
                0x00000000200006c8        0x4 ./FRT_Library/FreeRTOS/Source/croutine.o
 .bss.xCoRoutineTickCount
                0x00000000200006cc        0x4 ./FRT_Library/FreeRTOS/Source/croutine.o
 .bss.xLastTickCount
                0x00000000200006d0        0x4 ./FRT_Library/FreeRTOS/Source/croutine.o
 .bss.xPassedTicks
                0x00000000200006d4        0x4 ./FRT_Library/FreeRTOS/Source/croutine.o
 .bss.pxCurrentTCB
                0x00000000200006d8        0x4 ./FRT_Library/FreeRTOS/Source/tasks.o
                0x00000000200006d8                pxCurrentTCB
 .bss.pxReadyTasksLists
                0x00000000200006dc       0xc8 ./FRT_Library/FreeRTOS/Source/tasks.o
 .bss.xDelayedTaskList1
                0x00000000200007a4       0x14 ./FRT_Library/FreeRTOS/Source/tasks.o
 .bss.xDelayedTaskList2
                0x00000000200007b8       0x14 ./FRT_Library/FreeRTOS/Source/tasks.o
 .bss.pxDelayedTaskList
                0x00000000200007cc        0x4 ./FRT_Library/FreeRTOS/Source/tasks.o
 .bss.pxOverflowDelayedTaskList
                0x00000000200007d0        0x4 ./FRT_Library/FreeRTOS/Source/tasks.o
 .bss.xPendingReadyList
                0x00000000200007d4       0x14 ./FRT_Library/FreeRTOS/Source/tasks.o
 .bss.xTasksWaitingTermination
                0x00000000200007e8       0x14 ./FRT_Library/FreeRTOS/Source/tasks.o
 .bss.uxTasksDeleted
                0x00000000200007fc        0x4 ./FRT_Library/FreeRTOS/Source/tasks.o
 .bss.xSuspendedTaskList
                0x0000000020000800       0x14 ./FRT_Library/FreeRTOS/Source/tasks.o
 .bss.uxCurrentNumberOfTasks
                0x0000000020000814        0x4 ./FRT_Library/FreeRTOS/Source/tasks.o
 .bss.xTickCount
                0x0000000020000818        0x4 ./FRT_Library/FreeRTOS/Source/tasks.o
 .bss.uxTopUsedPriority
                0x000000002000081c        0x4 ./FRT_Library/FreeRTOS/Source/tasks.o
 .bss.uxTopReadyPriority
                0x0000000020000820        0x4 ./FRT_Library/FreeRTOS/Source/tasks.o
 .bss.xSchedulerRunning
                0x0000000020000824        0x4 ./FRT_Library/FreeRTOS/Source/tasks.o
 .bss.uxSchedulerSuspended
                0x0000000020000828        0x4 ./FRT_Library/FreeRTOS/Source/tasks.o
 .bss.uxMissedTicks
                0x000000002000082c        0x4 ./FRT_Library/FreeRTOS/Source/tasks.o
 .bss.xMissedYield
                0x0000000020000830        0x4 ./FRT_Library/FreeRTOS/Source/tasks.o
 .bss.xNumOfOverflows
                0x0000000020000834        0x4 ./FRT_Library/FreeRTOS/Source/tasks.o
 .bss.uxTaskNumber
                0x0000000020000838        0x4 ./FRT_Library/FreeRTOS/Source/tasks.o
 *fill*         0x000000002000083c        0x4 
 .bss.xHeap     0x0000000020000840     0x1b58 ./FRT_Library/FreeRTOS/Source/portable/MemMang/heap_2.o
 .bss.xStart    0x0000000020002398        0x8 ./FRT_Library/FreeRTOS/Source/portable/MemMang/heap_2.o
 .bss.xEnd      0x00000000200023a0        0x8 ./FRT_Library/FreeRTOS/Source/portable/MemMang/heap_2.o
 .bss.xFreeBytesRemaining
                0x00000000200023a8        0x4 ./FRT_Library/FreeRTOS/Source/portable/MemMang/heap_2.o
 .bss.xHeapHasBeenInitialised.4521
                0x00000000200023ac        0x4 ./FRT_Library/FreeRTOS/Source/portable/MemMang/heap_2.o
 *(COMMON)
                0x00000000200023b0                . = ALIGN (0x4)
                0x00000000200023b0                __bss_end__ = .

.heap           0x00000000200023b0        0x0
                0x00000000200023b0                __heap_start__ = .
                0x00000000200023b0                end = __heap_start__
                0x00000000200023b0                _end = end
                0x00000000200023b0                __end = end
 *(.heap)
                0x00000000200023b0                __heap_end__ = .
                0x00000000200023b0                __HeapLimit = __heap_end__

.stack          0x00000000200023b0        0x0
                0x00000000200023b0                _stack = .
                0x00000000200023b0                __stack = .
 *(.stack)
START GROUP
LOAD /Applications/TI/ccsv7/tools/compiler/gcc-arm-none-eabi-4_9-2015q3/bin/../lib/gcc/arm-none-eabi/4.9.3/armv7e-m/fpu/libgcc.a
LOAD /Applications/TI/ccsv7/tools/compiler/gcc-arm-none-eabi-4_9-2015q3/bin/../lib/gcc/arm-none-eabi/4.9.3/../../../../arm-none-eabi/lib/armv7e-m/fpu/libg.a
LOAD /Applications/TI/ccsv7/tools/compiler/gcc-arm-none-eabi-4_9-2015q3/bin/../lib/gcc/arm-none-eabi/4.9.3/../../../../arm-none-eabi/lib/armv7e-m/fpu/libc.a
END GROUP
START GROUP
LOAD /Applications/TI/ccsv7/tools/compiler/gcc-arm-none-eabi-4_9-2015q3/bin/../lib/gcc/arm-none-eabi/4.9.3/armv7e-m/fpu/libgcc.a
LOAD /Applications/TI/ccsv7/tools/compiler/gcc-arm-none-eabi-4_9-2015q3/bin/../lib/gcc/arm-none-eabi/4.9.3/../../../../arm-none-eabi/lib/armv7e-m/fpu/libc.a
LOAD /Applications/TI/ccsv7/tools/compiler/gcc-arm-none-eabi-4_9-2015q3/bin/../lib/gcc/arm-none-eabi/4.9.3/../../../../arm-none-eabi/lib/armv7e-m/fpu/libnosys.a
END GROUP
LOAD /Applications/TI/ccsv7/tools/compiler/gcc-arm-none-eabi-4_9-2015q3/bin/../lib/gcc/arm-none-eabi/4.9.3/armv7e-m/fpu/crtend.o
LOAD /Applications/TI/ccsv7/tools/compiler/gcc-arm-none-eabi-4_9-2015q3/bin/../lib/gcc/arm-none-eabi/4.9.3/armv7e-m/fpu/crtn.o
OUTPUT(freeRTOS_assignment7.out elf32-littlearm)

.ARM.attributes
                0x0000000000000000       0x30
 .ARM.attributes
                0x0000000000000000       0x22 /Applications/TI/ccsv7/tools/compiler/gcc-arm-none-eabi-4_9-2015q3/bin/../lib/gcc/arm-none-eabi/4.9.3/armv7e-m/fpu/crti.o
 .ARM.attributes
                0x0000000000000022       0x34 /Applications/TI/ccsv7/tools/compiler/gcc-arm-none-eabi-4_9-2015q3/bin/../lib/gcc/arm-none-eabi/4.9.3/armv7e-m/fpu/crtbegin.o
 .ARM.attributes
                0x0000000000000056       0x20 /Applications/TI/ccsv7/tools/compiler/gcc-arm-none-eabi-4_9-2015q3/bin/../lib/gcc/arm-none-eabi/4.9.3/../../../../arm-none-eabi/lib/armv7e-m/fpu/crt0.o
 .ARM.attributes
                0x0000000000000076       0x39 ./adc.o
 .ARM.attributes
                0x00000000000000af       0x39 ./gpio.o
 .ARM.attributes
                0x00000000000000e8       0x39 ./lcd.o
 .ARM.attributes
                0x0000000000000121       0x39 ./main.o
 .ARM.attributes
                0x000000000000015a       0x39 ./numpad.o
 .ARM.attributes
                0x0000000000000193       0x39 ./startup_frt.o
 .ARM.attributes
                0x00000000000001cc       0x39 ./systick_frt.o
 .ARM.attributes
                0x0000000000000205       0x39 ./FRT_Library/FreeRTOS/Source/croutine.o
 .ARM.attributes
                0x000000000000023e       0x39 ./FRT_Library/FreeRTOS/Source/list.o
 .ARM.attributes
                0x0000000000000277       0x39 ./FRT_Library/FreeRTOS/Source/queue.o
 .ARM.attributes
                0x00000000000002b0       0x39 ./FRT_Library/FreeRTOS/Source/tasks.o
 .ARM.attributes
                0x00000000000002e9       0x39 ./FRT_Library/FreeRTOS/Source/portable/GCC/ARM_CM4/common.o
 .ARM.attributes
                0x0000000000000322       0x39 ./FRT_Library/FreeRTOS/Source/portable/GCC/ARM_CM4/port.o
 .ARM.attributes
                0x000000000000035b       0x39 ./FRT_Library/FreeRTOS/Source/portable/MemMang/heap_2.o
 .ARM.attributes
                0x0000000000000394       0x34 /Applications/TI/ccsv7/tools/compiler/gcc-arm-none-eabi-4_9-2015q3/bin/../lib/gcc/arm-none-eabi/4.9.3/../../../../arm-none-eabi/lib/armv7e-m/fpu/libg.a(lib_a-exit.o)
 .ARM.attributes
                0x00000000000003c8       0x34 /Applications/TI/ccsv7/tools/compiler/gcc-arm-none-eabi-4_9-2015q3/bin/../lib/gcc/arm-none-eabi/4.9.3/../../../../arm-none-eabi/lib/armv7e-m/fpu/libg.a(lib_a-impure.o)
 .ARM.attributes
                0x00000000000003fc       0x34 /Applications/TI/ccsv7/tools/compiler/gcc-arm-none-eabi-4_9-2015q3/bin/../lib/gcc/arm-none-eabi/4.9.3/../../../../arm-none-eabi/lib/armv7e-m/fpu/libg.a(lib_a-init.o)
 .ARM.attributes
                0x0000000000000430       0x20 /Applications/TI/ccsv7/tools/compiler/gcc-arm-none-eabi-4_9-2015q3/bin/../lib/gcc/arm-none-eabi/4.9.3/../../../../arm-none-eabi/lib/armv7e-m/fpu/libg.a(lib_a-memcpy.o)
 .ARM.attributes
                0x0000000000000450       0x34 /Applications/TI/ccsv7/tools/compiler/gcc-arm-none-eabi-4_9-2015q3/bin/../lib/gcc/arm-none-eabi/4.9.3/../../../../arm-none-eabi/lib/armv7e-m/fpu/libg.a(lib_a-memset.o)
 .ARM.attributes
                0x0000000000000484       0x34 /Applications/TI/ccsv7/tools/compiler/gcc-arm-none-eabi-4_9-2015q3/bin/../lib/gcc/arm-none-eabi/4.9.3/../../../../arm-none-eabi/lib/armv7e-m/fpu/libg.a(lib_a-strncpy.o)
 .ARM.attributes
                0x00000000000004b8       0x34 /Applications/TI/ccsv7/tools/compiler/gcc-arm-none-eabi-4_9-2015q3/bin/../lib/gcc/arm-none-eabi/4.9.3/../../../../arm-none-eabi/lib/armv7e-m/fpu/libg.a(lib_a-__call_atexit.o)
 .ARM.attributes
                0x00000000000004ec       0x34 /Applications/TI/ccsv7/tools/compiler/gcc-arm-none-eabi-4_9-2015q3/bin/../lib/gcc/arm-none-eabi/4.9.3/../../../../arm-none-eabi/lib/armv7e-m/fpu/libg.a(lib_a-atexit.o)
 .ARM.attributes
                0x0000000000000520       0x34 /Applications/TI/ccsv7/tools/compiler/gcc-arm-none-eabi-4_9-2015q3/bin/../lib/gcc/arm-none-eabi/4.9.3/../../../../arm-none-eabi/lib/armv7e-m/fpu/libg.a(lib_a-fini.o)
 .ARM.attributes
                0x0000000000000554       0x34 /Applications/TI/ccsv7/tools/compiler/gcc-arm-none-eabi-4_9-2015q3/bin/../lib/gcc/arm-none-eabi/4.9.3/../../../../arm-none-eabi/lib/armv7e-m/fpu/libg.a(lib_a-__atexit.o)
 .ARM.attributes
                0x0000000000000588       0x34 /Applications/TI/ccsv7/tools/compiler/gcc-arm-none-eabi-4_9-2015q3/bin/../lib/gcc/arm-none-eabi/4.9.3/../../../../arm-none-eabi/lib/armv7e-m/fpu/libnosys.a(_exit.o)
 .ARM.attributes
                0x00000000000005bc       0x34 /Applications/TI/ccsv7/tools/compiler/gcc-arm-none-eabi-4_9-2015q3/bin/../lib/gcc/arm-none-eabi/4.9.3/armv7e-m/fpu/crtend.o
 .ARM.attributes
                0x00000000000005f0       0x22 /Applications/TI/ccsv7/tools/compiler/gcc-arm-none-eabi-4_9-2015q3/bin/../lib/gcc/arm-none-eabi/4.9.3/armv7e-m/fpu/crtn.o

.comment        0x0000000000000000       0x70
 .comment       0x0000000000000000       0x70 ./adc.o
                                         0x71 (size before relaxing)
 .comment       0x0000000000000000       0x71 ./gpio.o
 .comment       0x0000000000000000       0x71 ./lcd.o
 .comment       0x0000000000000000       0x71 ./main.o
 .comment       0x0000000000000000       0x71 ./numpad.o
 .comment       0x0000000000000000       0x71 ./startup_frt.o
 .comment       0x0000000000000000       0x71 ./systick_frt.o
 .comment       0x0000000000000000       0x71 ./FRT_Library/FreeRTOS/Source/croutine.o
 .comment       0x0000000000000000       0x71 ./FRT_Library/FreeRTOS/Source/list.o
 .comment       0x0000000000000000       0x71 ./FRT_Library/FreeRTOS/Source/queue.o
 .comment       0x0000000000000000       0x71 ./FRT_Library/FreeRTOS/Source/tasks.o
 .comment       0x0000000000000000       0x71 ./FRT_Library/FreeRTOS/Source/portable/GCC/ARM_CM4/common.o
 .comment       0x0000000000000000       0x71 ./FRT_Library/FreeRTOS/Source/portable/GCC/ARM_CM4/port.o
 .comment       0x0000000000000000       0x71 ./FRT_Library/FreeRTOS/Source/portable/MemMang/heap_2.o

.debug_info     0x0000000000000000     0x25ab
 .debug_info    0x0000000000000000       0xdb ./adc.o
 .debug_info    0x00000000000000db       0xa4 ./gpio.o
 .debug_info    0x000000000000017f       0x72 ./lcd.o
 .debug_info    0x00000000000001f1       0xc0 ./main.o
 .debug_info    0x00000000000002b1       0xa5 ./numpad.o
 .debug_info    0x0000000000000356      0x176 ./startup_frt.o
 .debug_info    0x00000000000004cc       0xc6 ./systick_frt.o
 .debug_info    0x0000000000000592      0x479 ./FRT_Library/FreeRTOS/Source/croutine.o
 .debug_info    0x0000000000000a0b      0x28d ./FRT_Library/FreeRTOS/Source/list.o
 .debug_info    0x0000000000000c98      0x789 ./FRT_Library/FreeRTOS/Source/queue.o
 .debug_info    0x0000000000001421      0xc6e ./FRT_Library/FreeRTOS/Source/tasks.o
 .debug_info    0x000000000000208f       0xa4 ./FRT_Library/FreeRTOS/Source/portable/GCC/ARM_CM4/common.o
 .debug_info    0x0000000000002133      0x1ca ./FRT_Library/FreeRTOS/Source/portable/GCC/ARM_CM4/port.o
 .debug_info    0x00000000000022fd      0x2ae ./FRT_Library/FreeRTOS/Source/portable/MemMang/heap_2.o

.debug_abbrev   0x0000000000000000      0xaa1
 .debug_abbrev  0x0000000000000000       0x98 ./adc.o
 .debug_abbrev  0x0000000000000098       0x5b ./gpio.o
 .debug_abbrev  0x00000000000000f3       0x26 ./lcd.o
 .debug_abbrev  0x0000000000000119       0x69 ./main.o
 .debug_abbrev  0x0000000000000182       0x6c ./numpad.o
 .debug_abbrev  0x00000000000001ee       0xca ./startup_frt.o
 .debug_abbrev  0x00000000000002b8       0x4a ./systick_frt.o
 .debug_abbrev  0x0000000000000302      0x175 ./FRT_Library/FreeRTOS/Source/croutine.o
 .debug_abbrev  0x0000000000000477       0xb6 ./FRT_Library/FreeRTOS/Source/list.o
 .debug_abbrev  0x000000000000052d      0x140 ./FRT_Library/FreeRTOS/Source/queue.o
 .debug_abbrev  0x000000000000066d      0x16f ./FRT_Library/FreeRTOS/Source/tasks.o
 .debug_abbrev  0x00000000000007dc       0x6d ./FRT_Library/FreeRTOS/Source/portable/GCC/ARM_CM4/common.o
 .debug_abbrev  0x0000000000000849       0xfc ./FRT_Library/FreeRTOS/Source/portable/GCC/ARM_CM4/port.o
 .debug_abbrev  0x0000000000000945      0x15c ./FRT_Library/FreeRTOS/Source/portable/MemMang/heap_2.o

.debug_aranges  0x0000000000000000      0x438
 .debug_aranges
                0x0000000000000000       0x28 ./adc.o
 .debug_aranges
                0x0000000000000028       0x20 ./gpio.o
 .debug_aranges
                0x0000000000000048       0x18 ./lcd.o
 .debug_aranges
                0x0000000000000060       0x30 ./main.o
 .debug_aranges
                0x0000000000000090       0x28 ./numpad.o
 .debug_aranges
                0x00000000000000b8       0x38 ./startup_frt.o
 .debug_aranges
                0x00000000000000f0       0x30 ./systick_frt.o
 .debug_aranges
                0x0000000000000120       0x50 ./FRT_Library/FreeRTOS/Source/croutine.o
 .debug_aranges
                0x0000000000000170       0x40 ./FRT_Library/FreeRTOS/Source/list.o
 .debug_aranges
                0x00000000000001b0       0xa8 ./FRT_Library/FreeRTOS/Source/queue.o
 .debug_aranges
                0x0000000000000258      0x118 ./FRT_Library/FreeRTOS/Source/tasks.o
 .debug_aranges
                0x0000000000000370       0x20 ./FRT_Library/FreeRTOS/Source/portable/GCC/ARM_CM4/common.o
 .debug_aranges
                0x0000000000000390       0x70 ./FRT_Library/FreeRTOS/Source/portable/GCC/ARM_CM4/port.o
 .debug_aranges
                0x0000000000000400       0x38 ./FRT_Library/FreeRTOS/Source/portable/MemMang/heap_2.o

.debug_ranges   0x0000000000000000      0x350
 .debug_ranges  0x0000000000000000       0x18 ./adc.o
 .debug_ranges  0x0000000000000018       0x10 ./gpio.o
 .debug_ranges  0x0000000000000028       0x20 ./main.o
 .debug_ranges  0x0000000000000048       0x18 ./numpad.o
 .debug_ranges  0x0000000000000060       0x28 ./startup_frt.o
 .debug_ranges  0x0000000000000088       0x20 ./systick_frt.o
 .debug_ranges  0x00000000000000a8       0x40 ./FRT_Library/FreeRTOS/Source/croutine.o
 .debug_ranges  0x00000000000000e8       0x30 ./FRT_Library/FreeRTOS/Source/list.o
 .debug_ranges  0x0000000000000118       0x98 ./FRT_Library/FreeRTOS/Source/queue.o
 .debug_ranges  0x00000000000001b0      0x108 ./FRT_Library/FreeRTOS/Source/tasks.o
 .debug_ranges  0x00000000000002b8       0x10 ./FRT_Library/FreeRTOS/Source/portable/GCC/ARM_CM4/common.o
 .debug_ranges  0x00000000000002c8       0x60 ./FRT_Library/FreeRTOS/Source/portable/GCC/ARM_CM4/port.o
 .debug_ranges  0x0000000000000328       0x28 ./FRT_Library/FreeRTOS/Source/portable/MemMang/heap_2.o

.debug_line     0x0000000000000000     0x19ee
 .debug_line    0x0000000000000000      0x141 ./adc.o
 .debug_line    0x0000000000000141      0x11e ./gpio.o
 .debug_line    0x000000000000025f       0x1d ./lcd.o
 .debug_line    0x000000000000027c       0x63 ./main.o
 .debug_line    0x00000000000002df       0x4d ./numpad.o
 .debug_line    0x000000000000032c      0x15d ./startup_frt.o
 .debug_line    0x0000000000000489      0x14b ./systick_frt.o
 .debug_line    0x00000000000005d4      0x2b2 ./FRT_Library/FreeRTOS/Source/croutine.o
 .debug_line    0x0000000000000886      0x223 ./FRT_Library/FreeRTOS/Source/list.o
 .debug_line    0x0000000000000aa9      0x445 ./FRT_Library/FreeRTOS/Source/queue.o
 .debug_line    0x0000000000000eee      0x60a ./FRT_Library/FreeRTOS/Source/tasks.o
 .debug_line    0x00000000000014f8      0x114 ./FRT_Library/FreeRTOS/Source/portable/GCC/ARM_CM4/common.o
 .debug_line    0x000000000000160c      0x29b ./FRT_Library/FreeRTOS/Source/portable/GCC/ARM_CM4/port.o
 .debug_line    0x00000000000018a7      0x147 ./FRT_Library/FreeRTOS/Source/portable/MemMang/heap_2.o

.debug_str      0x0000000000000000     0x1391
 .debug_str     0x0000000000000000      0x1d8 ./adc.o
                                        0x215 (size before relaxing)
 .debug_str     0x00000000000001d8       0x19 ./gpio.o
                                        0x20e (size before relaxing)
 .debug_str     0x00000000000001f1       0x16 ./lcd.o
                                        0x1f7 (size before relaxing)
 .debug_str     0x0000000000000207       0x2e ./main.o
                                        0x21c (size before relaxing)
 .debug_str     0x0000000000000235       0x22 ./numpad.o
                                        0x203 (size before relaxing)
 .debug_str     0x0000000000000257       0x90 ./startup_frt.o
                                        0x28e (size before relaxing)
 .debug_str     0x00000000000002e7       0x43 ./systick_frt.o
                                        0x245 (size before relaxing)
 .debug_str     0x000000000000032a      0x35a ./FRT_Library/FreeRTOS/Source/croutine.o
                                        0x515 (size before relaxing)
 .debug_str     0x0000000000000684       0xb9 ./FRT_Library/FreeRTOS/Source/list.o
                                        0x346 (size before relaxing)
 .debug_str     0x000000000000073d      0x36a ./FRT_Library/FreeRTOS/Source/queue.o
                                        0x615 (size before relaxing)
 .debug_str     0x0000000000000aa7      0x5e4 ./FRT_Library/FreeRTOS/Source/tasks.o
                                        0x936 (size before relaxing)
 .debug_str     0x000000000000108b       0x5b ./FRT_Library/FreeRTOS/Source/portable/GCC/ARM_CM4/common.o
                                        0x226 (size before relaxing)
 .debug_str     0x00000000000010e6      0x142 ./FRT_Library/FreeRTOS/Source/portable/GCC/ARM_CM4/port.o
                                        0x322 (size before relaxing)
 .debug_str     0x0000000000001228      0x169 ./FRT_Library/FreeRTOS/Source/portable/MemMang/heap_2.o
                                        0x371 (size before relaxing)

.debug_frame    0x0000000000000000      0xf20
 .debug_frame   0x0000000000000000       0x4c ./adc.o
 .debug_frame   0x000000000000004c       0x38 ./gpio.o
 .debug_frame   0x0000000000000084       0x70 ./main.o
 .debug_frame   0x00000000000000f4       0x58 ./numpad.o
 .debug_frame   0x000000000000014c       0x7c ./startup_frt.o
 .debug_frame   0x00000000000001c8       0x70 ./systick_frt.o
 .debug_frame   0x0000000000000238      0x10c ./FRT_Library/FreeRTOS/Source/croutine.o
 .debug_frame   0x0000000000000344       0xd8 ./FRT_Library/FreeRTOS/Source/list.o
 .debug_frame   0x000000000000041c      0x2ac ./FRT_Library/FreeRTOS/Source/queue.o
 .debug_frame   0x00000000000006c8      0x494 ./FRT_Library/FreeRTOS/Source/tasks.o
 .debug_frame   0x0000000000000b5c       0x30 ./FRT_Library/FreeRTOS/Source/portable/GCC/ARM_CM4/common.o
 .debug_frame   0x0000000000000b8c      0x148 ./FRT_Library/FreeRTOS/Source/portable/GCC/ARM_CM4/port.o
 .debug_frame   0x0000000000000cd4       0x98 ./FRT_Library/FreeRTOS/Source/portable/MemMang/heap_2.o
 .debug_frame   0x0000000000000d6c       0x28 /Applications/TI/ccsv7/tools/compiler/gcc-arm-none-eabi-4_9-2015q3/bin/../lib/gcc/arm-none-eabi/4.9.3/../../../../arm-none-eabi/lib/armv7e-m/fpu/libg.a(lib_a-exit.o)
 .debug_frame   0x0000000000000d94       0x2c /Applications/TI/ccsv7/tools/compiler/gcc-arm-none-eabi-4_9-2015q3/bin/../lib/gcc/arm-none-eabi/4.9.3/../../../../arm-none-eabi/lib/armv7e-m/fpu/libg.a(lib_a-init.o)
 .debug_frame   0x0000000000000dc0       0x34 /Applications/TI/ccsv7/tools/compiler/gcc-arm-none-eabi-4_9-2015q3/bin/../lib/gcc/arm-none-eabi/4.9.3/../../../../arm-none-eabi/lib/armv7e-m/fpu/libg.a(lib_a-memset.o)
 .debug_frame   0x0000000000000df4       0x34 /Applications/TI/ccsv7/tools/compiler/gcc-arm-none-eabi-4_9-2015q3/bin/../lib/gcc/arm-none-eabi/4.9.3/../../../../arm-none-eabi/lib/armv7e-m/fpu/libg.a(lib_a-strncpy.o)
 .debug_frame   0x0000000000000e28       0x50 /Applications/TI/ccsv7/tools/compiler/gcc-arm-none-eabi-4_9-2015q3/bin/../lib/gcc/arm-none-eabi/4.9.3/../../../../arm-none-eabi/lib/armv7e-m/fpu/libg.a(lib_a-__call_atexit.o)
 .debug_frame   0x0000000000000e78       0x20 /Applications/TI/ccsv7/tools/compiler/gcc-arm-none-eabi-4_9-2015q3/bin/../lib/gcc/arm-none-eabi/4.9.3/../../../../arm-none-eabi/lib/armv7e-m/fpu/libg.a(lib_a-atexit.o)
 .debug_frame   0x0000000000000e98       0x34 /Applications/TI/ccsv7/tools/compiler/gcc-arm-none-eabi-4_9-2015q3/bin/../lib/gcc/arm-none-eabi/4.9.3/../../../../arm-none-eabi/lib/armv7e-m/fpu/libg.a(lib_a-fini.o)
 .debug_frame   0x0000000000000ecc       0x34 /Applications/TI/ccsv7/tools/compiler/gcc-arm-none-eabi-4_9-2015q3/bin/../lib/gcc/arm-none-eabi/4.9.3/../../../../arm-none-eabi/lib/armv7e-m/fpu/libg.a(lib_a-__atexit.o)
 .debug_frame   0x0000000000000f00       0x20 /Applications/TI/ccsv7/tools/compiler/gcc-arm-none-eabi-4_9-2015q3/bin/../lib/gcc/arm-none-eabi/4.9.3/../../../../arm-none-eabi/lib/armv7e-m/fpu/libnosys.a(_exit.o)
