Archive member included because of file (symbol)

/Applications/TI/ccsv7/tools/compiler/gcc-arm-none-eabi-4_9-2015q3/bin/../lib/gcc/arm-none-eabi/4.9.3/../../../../arm-none-eabi/lib/armv7e-m/fpu/libg.a(lib_a-exit.o)
                              /Applications/TI/ccsv7/tools/compiler/gcc-arm-none-eabi-4_9-2015q3/bin/../lib/gcc/arm-none-eabi/4.9.3/../../../../arm-none-eabi/lib/armv7e-m/fpu/crt0.o (exit)
/Applications/TI/ccsv7/tools/compiler/gcc-arm-none-eabi-4_9-2015q3/bin/../lib/gcc/arm-none-eabi/4.9.3/../../../../arm-none-eabi/lib/armv7e-m/fpu/libg.a(lib_a-impure.o)
                              /Applications/TI/ccsv7/tools/compiler/gcc-arm-none-eabi-4_9-2015q3/bin/../lib/gcc/arm-none-eabi/4.9.3/../../../../arm-none-eabi/lib/armv7e-m/fpu/libg.a(lib_a-exit.o) (_global_impure_ptr)
/Applications/TI/ccsv7/tools/compiler/gcc-arm-none-eabi-4_9-2015q3/bin/../lib/gcc/arm-none-eabi/4.9.3/../../../../arm-none-eabi/lib/armv7e-m/fpu/libg.a(lib_a-init.o)
                              /Applications/TI/ccsv7/tools/compiler/gcc-arm-none-eabi-4_9-2015q3/bin/../lib/gcc/arm-none-eabi/4.9.3/../../../../arm-none-eabi/lib/armv7e-m/fpu/crt0.o (__libc_init_array)
/Applications/TI/ccsv7/tools/compiler/gcc-arm-none-eabi-4_9-2015q3/bin/../lib/gcc/arm-none-eabi/4.9.3/../../../../arm-none-eabi/lib/armv7e-m/fpu/libg.a(lib_a-memcpy.o)
                              ./FRT_Library/FreeRTOS/Source/queue.o (memcpy)
/Applications/TI/ccsv7/tools/compiler/gcc-arm-none-eabi-4_9-2015q3/bin/../lib/gcc/arm-none-eabi/4.9.3/../../../../arm-none-eabi/lib/armv7e-m/fpu/libg.a(lib_a-memset.o)
                              /Applications/TI/ccsv7/tools/compiler/gcc-arm-none-eabi-4_9-2015q3/bin/../lib/gcc/arm-none-eabi/4.9.3/../../../../arm-none-eabi/lib/armv7e-m/fpu/crt0.o (memset)
/Applications/TI/ccsv7/tools/compiler/gcc-arm-none-eabi-4_9-2015q3/bin/../lib/gcc/arm-none-eabi/4.9.3/../../../../arm-none-eabi/lib/armv7e-m/fpu/libg.a(lib_a-strncpy.o)
                              ./FRT_Library/FreeRTOS/Source/tasks.o (strncpy)
/Applications/TI/ccsv7/tools/compiler/gcc-arm-none-eabi-4_9-2015q3/bin/../lib/gcc/arm-none-eabi/4.9.3/../../../../arm-none-eabi/lib/armv7e-m/fpu/libg.a(lib_a-__call_atexit.o)
                              /Applications/TI/ccsv7/tools/compiler/gcc-arm-none-eabi-4_9-2015q3/bin/../lib/gcc/arm-none-eabi/4.9.3/../../../../arm-none-eabi/lib/armv7e-m/fpu/libg.a(lib_a-exit.o) (__call_exitprocs)
/Applications/TI/ccsv7/tools/compiler/gcc-arm-none-eabi-4_9-2015q3/bin/../lib/gcc/arm-none-eabi/4.9.3/../../../../arm-none-eabi/lib/armv7e-m/fpu/libg.a(lib_a-atexit.o)
                              /Applications/TI/ccsv7/tools/compiler/gcc-arm-none-eabi-4_9-2015q3/bin/../lib/gcc/arm-none-eabi/4.9.3/../../../../arm-none-eabi/lib/armv7e-m/fpu/libg.a(lib_a-__call_atexit.o) (atexit)
/Applications/TI/ccsv7/tools/compiler/gcc-arm-none-eabi-4_9-2015q3/bin/../lib/gcc/arm-none-eabi/4.9.3/../../../../arm-none-eabi/lib/armv7e-m/fpu/libg.a(lib_a-fini.o)
                              /Applications/TI/ccsv7/tools/compiler/gcc-arm-none-eabi-4_9-2015q3/bin/../lib/gcc/arm-none-eabi/4.9.3/../../../../arm-none-eabi/lib/armv7e-m/fpu/libg.a(lib_a-__call_atexit.o) (__libc_fini_array)
/Applications/TI/ccsv7/tools/compiler/gcc-arm-none-eabi-4_9-2015q3/bin/../lib/gcc/arm-none-eabi/4.9.3/../../../../arm-none-eabi/lib/armv7e-m/fpu/libg.a(lib_a-__atexit.o)
                              /Applications/TI/ccsv7/tools/compiler/gcc-arm-none-eabi-4_9-2015q3/bin/../lib/gcc/arm-none-eabi/4.9.3/../../../../arm-none-eabi/lib/armv7e-m/fpu/libg.a(lib_a-atexit.o) (__register_exitproc)
/Applications/TI/ccsv7/tools/compiler/gcc-arm-none-eabi-4_9-2015q3/bin/../lib/gcc/arm-none-eabi/4.9.3/../../../../arm-none-eabi/lib/armv7e-m/fpu/libnosys.a(_exit.o)
                              /Applications/TI/ccsv7/tools/compiler/gcc-arm-none-eabi-4_9-2015q3/bin/../lib/gcc/arm-none-eabi/4.9.3/../../../../arm-none-eabi/lib/armv7e-m/fpu/libg.a(lib_a-exit.o) (_exit)

Memory Configuration

Name             Origin             Length             Attributes
FLASH            0x0000000000000000 0x0000000000040000 xr
SRAM             0x0000000020000000 0x0000000000008000 xw
*default*        0x0000000000000000 0xffffffffffffffff

Linker script and memory map

LOAD /Applications/TI/ccsv7/tools/compiler/gcc-arm-none-eabi-4_9-2015q3/bin/../lib/gcc/arm-none-eabi/4.9.3/armv7e-m/fpu/crti.o
LOAD /Applications/TI/ccsv7/tools/compiler/gcc-arm-none-eabi-4_9-2015q3/bin/../lib/gcc/arm-none-eabi/4.9.3/armv7e-m/fpu/crtbegin.o
LOAD /Applications/TI/ccsv7/tools/compiler/gcc-arm-none-eabi-4_9-2015q3/bin/../lib/gcc/arm-none-eabi/4.9.3/../../../../arm-none-eabi/lib/armv7e-m/fpu/crt0.o
LOAD ./adc.o
LOAD ./gpio.o
LOAD ./key.o
LOAD ./lcd.o
LOAD ./main.o
LOAD ./startup_frt.o
LOAD ./systick_frt.o
LOAD ./FRT_Library/FreeRTOS/Source/croutine.o
LOAD ./FRT_Library/FreeRTOS/Source/list.o
LOAD ./FRT_Library/FreeRTOS/Source/queue.o
LOAD ./FRT_Library/FreeRTOS/Source/tasks.o
LOAD ./FRT_Library/FreeRTOS/Source/portable/GCC/ARM_CM4/common.o
LOAD ./FRT_Library/FreeRTOS/Source/portable/GCC/ARM_CM4/port.o
LOAD ./FRT_Library/FreeRTOS/Source/portable/MemMang/heap_2.o
                0x0000000000000000                PROVIDE (_intvecs_base_address, 0x0)

.intvecs        0x0000000000000000      0x26c
 *(.intvecs)
 .intvecs       0x0000000000000000      0x26c ./startup_frt.o
                0x0000000000000000                g_pfnVectors
                0x0000000020000000                PROVIDE (_vtable_base_address, 0x20000000)

.vtable
 *(.vtable)

.text           0x000000000000026c     0x2a20
 CREATE_OBJECT_SYMBOLS
 *(.text)
 .text          0x000000000000026c        0x0 /Applications/TI/ccsv7/tools/compiler/gcc-arm-none-eabi-4_9-2015q3/bin/../lib/gcc/arm-none-eabi/4.9.3/armv7e-m/fpu/crti.o
 .text          0x000000000000026c       0x5c /Applications/TI/ccsv7/tools/compiler/gcc-arm-none-eabi-4_9-2015q3/bin/../lib/gcc/arm-none-eabi/4.9.3/armv7e-m/fpu/crtbegin.o
 .text          0x00000000000002c8       0x74 /Applications/TI/ccsv7/tools/compiler/gcc-arm-none-eabi-4_9-2015q3/bin/../lib/gcc/arm-none-eabi/4.9.3/../../../../arm-none-eabi/lib/armv7e-m/fpu/crt0.o
                0x00000000000002c8                _mainCRTStartup
                0x00000000000002c8                _start
 .text          0x000000000000033c        0x0 ./adc.o
 .text          0x000000000000033c        0x0 ./gpio.o
 .text          0x000000000000033c        0x0 ./key.o
 .text          0x000000000000033c        0x0 ./lcd.o
 .text          0x000000000000033c        0x0 ./main.o
 .text          0x000000000000033c        0x0 ./startup_frt.o
 .text          0x000000000000033c        0x0 ./systick_frt.o
 .text          0x000000000000033c        0x0 ./FRT_Library/FreeRTOS/Source/croutine.o
 .text          0x000000000000033c        0x0 ./FRT_Library/FreeRTOS/Source/list.o
 .text          0x000000000000033c        0x0 ./FRT_Library/FreeRTOS/Source/queue.o
 .text          0x000000000000033c        0x0 ./FRT_Library/FreeRTOS/Source/tasks.o
 .text          0x000000000000033c        0x0 ./FRT_Library/FreeRTOS/Source/portable/GCC/ARM_CM4/common.o
 .text          0x000000000000033c        0x0 ./FRT_Library/FreeRTOS/Source/portable/GCC/ARM_CM4/port.o
 .text          0x000000000000033c        0x0 ./FRT_Library/FreeRTOS/Source/portable/MemMang/heap_2.o
 .text          0x000000000000033c        0x0 /Applications/TI/ccsv7/tools/compiler/gcc-arm-none-eabi-4_9-2015q3/bin/../lib/gcc/arm-none-eabi/4.9.3/../../../../arm-none-eabi/lib/armv7e-m/fpu/libg.a(lib_a-exit.o)
 .text          0x000000000000033c        0x0 /Applications/TI/ccsv7/tools/compiler/gcc-arm-none-eabi-4_9-2015q3/bin/../lib/gcc/arm-none-eabi/4.9.3/../../../../arm-none-eabi/lib/armv7e-m/fpu/libg.a(lib_a-impure.o)
 .text          0x000000000000033c        0x0 /Applications/TI/ccsv7/tools/compiler/gcc-arm-none-eabi-4_9-2015q3/bin/../lib/gcc/arm-none-eabi/4.9.3/../../../../arm-none-eabi/lib/armv7e-m/fpu/libg.a(lib_a-init.o)
 .text          0x000000000000033c      0x134 /Applications/TI/ccsv7/tools/compiler/gcc-arm-none-eabi-4_9-2015q3/bin/../lib/gcc/arm-none-eabi/4.9.3/../../../../arm-none-eabi/lib/armv7e-m/fpu/libg.a(lib_a-memcpy.o)
                0x000000000000033c                memcpy
 .text          0x0000000000000470        0x0 /Applications/TI/ccsv7/tools/compiler/gcc-arm-none-eabi-4_9-2015q3/bin/../lib/gcc/arm-none-eabi/4.9.3/../../../../arm-none-eabi/lib/armv7e-m/fpu/libg.a(lib_a-memset.o)
 .text          0x0000000000000470        0x0 /Applications/TI/ccsv7/tools/compiler/gcc-arm-none-eabi-4_9-2015q3/bin/../lib/gcc/arm-none-eabi/4.9.3/../../../../arm-none-eabi/lib/armv7e-m/fpu/libg.a(lib_a-strncpy.o)
 .text          0x0000000000000470        0x0 /Applications/TI/ccsv7/tools/compiler/gcc-arm-none-eabi-4_9-2015q3/bin/../lib/gcc/arm-none-eabi/4.9.3/../../../../arm-none-eabi/lib/armv7e-m/fpu/libg.a(lib_a-__call_atexit.o)
 .text          0x0000000000000470        0x0 /Applications/TI/ccsv7/tools/compiler/gcc-arm-none-eabi-4_9-2015q3/bin/../lib/gcc/arm-none-eabi/4.9.3/../../../../arm-none-eabi/lib/armv7e-m/fpu/libg.a(lib_a-atexit.o)
 .text          0x0000000000000470        0x0 /Applications/TI/ccsv7/tools/compiler/gcc-arm-none-eabi-4_9-2015q3/bin/../lib/gcc/arm-none-eabi/4.9.3/../../../../arm-none-eabi/lib/armv7e-m/fpu/libg.a(lib_a-fini.o)
 .text          0x0000000000000470        0x0 /Applications/TI/ccsv7/tools/compiler/gcc-arm-none-eabi-4_9-2015q3/bin/../lib/gcc/arm-none-eabi/4.9.3/../../../../arm-none-eabi/lib/armv7e-m/fpu/libg.a(lib_a-__atexit.o)
 .text          0x0000000000000470        0x0 /Applications/TI/ccsv7/tools/compiler/gcc-arm-none-eabi-4_9-2015q3/bin/../lib/gcc/arm-none-eabi/4.9.3/../../../../arm-none-eabi/lib/armv7e-m/fpu/libnosys.a(_exit.o)
 .text          0x0000000000000470        0x0 /Applications/TI/ccsv7/tools/compiler/gcc-arm-none-eabi-4_9-2015q3/bin/../lib/gcc/arm-none-eabi/4.9.3/armv7e-m/fpu/crtend.o
 .text          0x0000000000000470        0x0 /Applications/TI/ccsv7/tools/compiler/gcc-arm-none-eabi-4_9-2015q3/bin/../lib/gcc/arm-none-eabi/4.9.3/armv7e-m/fpu/crtn.o
 *(.text.*)
 .text.initADC  0x0000000000000470       0x74 ./adc.o
                0x0000000000000470                initADC
 .text.readADC  0x00000000000004e4       0x7c ./adc.o
                0x00000000000004e4                readADC
 .text.initGPIO
                0x0000000000000560       0x58 ./gpio.o
                0x0000000000000560                initGPIO
 .text.row      0x00000000000005b8       0x64 ./key.o
                0x00000000000005b8                row
 .text.key_catch
                0x000000000000061c       0x44 ./key.o
                0x000000000000061c                key_catch
 .text.key_task
                0x0000000000000660       0xf8 ./key.o
                0x0000000000000660                key_task
 .text.putChar  0x0000000000000758       0x10 ./main.o
                0x0000000000000758                putChar
 .text.setupHardware
                0x0000000000000768       0x14 ./main.o
 .text.main     0x000000000000077c       0x3c ./main.o
                0x000000000000077c                main
 .text.ResetISR
                0x00000000000007b8       0x68 ./startup_frt.o
                0x00000000000007b8                ResetISR
 .text.NmiSR    0x0000000000000820        0x8 ./startup_frt.o
 .text.FaultISR
                0x0000000000000828        0x8 ./startup_frt.o
 .text.IntDefaultHandler
                0x0000000000000830        0x8 ./startup_frt.o
 .text.enable_global_int
                0x0000000000000838       0x10 ./systick_frt.o
                0x0000000000000838                enable_global_int
 .text.disable_global_int
                0x0000000000000848       0x10 ./systick_frt.o
                0x0000000000000848                disable_global_int
 .text.init_systick
                0x0000000000000858       0x84 ./systick_frt.o
                0x0000000000000858                init_systick
 .text.xCoRoutineCreate
                0x00000000000008dc       0xcc ./FRT_Library/FreeRTOS/Source/croutine.o
                0x00000000000008dc                xCoRoutineCreate
 .text.vCoRoutineAddToDelayedList
                0x00000000000009a8       0x84 ./FRT_Library/FreeRTOS/Source/croutine.o
                0x00000000000009a8                vCoRoutineAddToDelayedList
 .text.prvCheckPendingReadyList
                0x0000000000000a2c       0x8c ./FRT_Library/FreeRTOS/Source/croutine.o
 .text.prvCheckDelayedList
                0x0000000000000ab8      0x104 ./FRT_Library/FreeRTOS/Source/croutine.o
 .text.vCoRoutineSchedule
                0x0000000000000bbc       0xa0 ./FRT_Library/FreeRTOS/Source/croutine.o
                0x0000000000000bbc                vCoRoutineSchedule
 .text.prvInitialiseCoRoutineLists
                0x0000000000000c5c       0x68 ./FRT_Library/FreeRTOS/Source/croutine.o
 .text.xCoRoutineRemoveFromEventList
                0x0000000000000cc4       0x5c ./FRT_Library/FreeRTOS/Source/croutine.o
                0x0000000000000cc4                xCoRoutineRemoveFromEventList
 .text.vListInitialise
                0x0000000000000d20       0x40 ./FRT_Library/FreeRTOS/Source/list.o
                0x0000000000000d20                vListInitialise
 .text.vListInitialiseItem
                0x0000000000000d60       0x18 ./FRT_Library/FreeRTOS/Source/list.o
                0x0000000000000d60                vListInitialiseItem
 .text.vListInsertEnd
                0x0000000000000d78       0x50 ./FRT_Library/FreeRTOS/Source/list.o
                0x0000000000000d78                vListInsertEnd
 .text.vListInsert
                0x0000000000000dc8       0x70 ./FRT_Library/FreeRTOS/Source/list.o
                0x0000000000000dc8                vListInsert
 .text.vListRemove
                0x0000000000000e38       0x50 ./FRT_Library/FreeRTOS/Source/list.o
                0x0000000000000e38                vListRemove
 .text.xQueueCreate
                0x0000000000000e88       0xb8 ./FRT_Library/FreeRTOS/Source/queue.o
                0x0000000000000e88                xQueueCreate
 .text.xQueueCreateMutex
                0x0000000000000f40       0x78 ./FRT_Library/FreeRTOS/Source/queue.o
                0x0000000000000f40                xQueueCreateMutex
 .text.xQueueGiveMutexRecursive
                0x0000000000000fb8       0x48 ./FRT_Library/FreeRTOS/Source/queue.o
                0x0000000000000fb8                xQueueGiveMutexRecursive
 .text.xQueueTakeMutexRecursive
                0x0000000000001000       0x50 ./FRT_Library/FreeRTOS/Source/queue.o
                0x0000000000001000                xQueueTakeMutexRecursive
 .text.xQueueGenericSend
                0x0000000000001050      0x10c ./FRT_Library/FreeRTOS/Source/queue.o
                0x0000000000001050                xQueueGenericSend
 .text.xQueueGenericSendFromISR
                0x000000000000115c       0x80 ./FRT_Library/FreeRTOS/Source/queue.o
                0x000000000000115c                xQueueGenericSendFromISR
 .text.xQueueGenericReceive
                0x00000000000011dc      0x16c ./FRT_Library/FreeRTOS/Source/queue.o
                0x00000000000011dc                xQueueGenericReceive
 .text.xQueueReceiveFromISR
                0x0000000000001348       0x84 ./FRT_Library/FreeRTOS/Source/queue.o
                0x0000000000001348                xQueueReceiveFromISR
 .text.uxQueueMessagesWaiting
                0x00000000000013cc       0x20 ./FRT_Library/FreeRTOS/Source/queue.o
                0x00000000000013cc                uxQueueMessagesWaiting
 .text.uxQueueMessagesWaitingFromISR
                0x00000000000013ec       0x1c ./FRT_Library/FreeRTOS/Source/queue.o
                0x00000000000013ec                uxQueueMessagesWaitingFromISR
 .text.vQueueDelete
                0x0000000000001408       0x20 ./FRT_Library/FreeRTOS/Source/queue.o
                0x0000000000001408                vQueueDelete
 .text.prvCopyDataToQueue
                0x0000000000001428       0xb8 ./FRT_Library/FreeRTOS/Source/queue.o
 .text.prvCopyDataFromQueue
                0x00000000000014e0       0x4c ./FRT_Library/FreeRTOS/Source/queue.o
 .text.prvUnlockQueue
                0x000000000000152c       0x98 ./FRT_Library/FreeRTOS/Source/queue.o
 .text.prvIsQueueEmpty
                0x00000000000015c4       0x2c ./FRT_Library/FreeRTOS/Source/queue.o
 .text.xQueueIsQueueEmptyFromISR
                0x00000000000015f0       0x28 ./FRT_Library/FreeRTOS/Source/queue.o
                0x00000000000015f0                xQueueIsQueueEmptyFromISR
 .text.prvIsQueueFull
                0x0000000000001618       0x30 ./FRT_Library/FreeRTOS/Source/queue.o
 .text.xQueueIsQueueFullFromISR
                0x0000000000001648       0x2c ./FRT_Library/FreeRTOS/Source/queue.o
                0x0000000000001648                xQueueIsQueueFullFromISR
 .text.xTaskGenericCreate
                0x0000000000001674      0x148 ./FRT_Library/FreeRTOS/Source/tasks.o
                0x0000000000001674                xTaskGenericCreate
 .text.vTaskDelete
                0x00000000000017bc       0x98 ./FRT_Library/FreeRTOS/Source/tasks.o
                0x00000000000017bc                vTaskDelete
 .text.vTaskDelayUntil
                0x0000000000001854       0xd0 ./FRT_Library/FreeRTOS/Source/tasks.o
                0x0000000000001854                vTaskDelayUntil
 .text.vTaskDelay
                0x0000000000001924       0x8c ./FRT_Library/FreeRTOS/Source/tasks.o
                0x0000000000001924                vTaskDelay
 .text.uxTaskPriorityGet
                0x00000000000019b0       0x34 ./FRT_Library/FreeRTOS/Source/tasks.o
                0x00000000000019b0                uxTaskPriorityGet
 .text.vTaskPrioritySet
                0x00000000000019e4       0xf8 ./FRT_Library/FreeRTOS/Source/tasks.o
                0x00000000000019e4                vTaskPrioritySet
 .text.vTaskSuspend
                0x0000000000001adc       0x70 ./FRT_Library/FreeRTOS/Source/tasks.o
                0x0000000000001adc                vTaskSuspend
 .text.xTaskIsTaskSuspended
                0x0000000000001b4c       0x48 ./FRT_Library/FreeRTOS/Source/tasks.o
                0x0000000000001b4c                xTaskIsTaskSuspended
 .text.vTaskResume
                0x0000000000001b94       0x90 ./FRT_Library/FreeRTOS/Source/tasks.o
                0x0000000000001b94                vTaskResume
 .text.xTaskResumeFromISR
                0x0000000000001c24       0xa0 ./FRT_Library/FreeRTOS/Source/tasks.o
                0x0000000000001c24                xTaskResumeFromISR
 .text.vTaskStartScheduler
                0x0000000000001cc4       0x58 ./FRT_Library/FreeRTOS/Source/tasks.o
                0x0000000000001cc4                vTaskStartScheduler
 .text.vTaskEndScheduler
                0x0000000000001d1c       0x1c ./FRT_Library/FreeRTOS/Source/tasks.o
                0x0000000000001d1c                vTaskEndScheduler
 .text.vTaskSuspendAll
                0x0000000000001d38       0x1c ./FRT_Library/FreeRTOS/Source/tasks.o
                0x0000000000001d38                vTaskSuspendAll
 .text.xTaskResumeAll
                0x0000000000001d54      0x100 ./FRT_Library/FreeRTOS/Source/tasks.o
                0x0000000000001d54                xTaskResumeAll
 .text.xTaskGetTickCount
                0x0000000000001e54       0x24 ./FRT_Library/FreeRTOS/Source/tasks.o
                0x0000000000001e54                xTaskGetTickCount
 .text.uxTaskGetNumberOfTasks
                0x0000000000001e78       0x18 ./FRT_Library/FreeRTOS/Source/tasks.o
                0x0000000000001e78                uxTaskGetNumberOfTasks
 .text.vTaskIncrementTick
                0x0000000000001e90       0xdc ./FRT_Library/FreeRTOS/Source/tasks.o
                0x0000000000001e90                vTaskIncrementTick
 .text.vTaskSwitchContext
                0x0000000000001f6c       0x94 ./FRT_Library/FreeRTOS/Source/tasks.o
                0x0000000000001f6c                vTaskSwitchContext
 .text.vTaskPlaceOnEventList
                0x0000000000002000       0x98 ./FRT_Library/FreeRTOS/Source/tasks.o
                0x0000000000002000                vTaskPlaceOnEventList
 .text.xTaskRemoveFromEventList
                0x0000000000002098       0xac ./FRT_Library/FreeRTOS/Source/tasks.o
                0x0000000000002098                xTaskRemoveFromEventList
 .text.vTaskSetTimeOutState
                0x0000000000002144       0x2c ./FRT_Library/FreeRTOS/Source/tasks.o
                0x0000000000002144                vTaskSetTimeOutState
 .text.xTaskCheckForTimeOut
                0x0000000000002170       0x88 ./FRT_Library/FreeRTOS/Source/tasks.o
                0x0000000000002170                xTaskCheckForTimeOut
 .text.vTaskMissedYield
                0x00000000000021f8       0x18 ./FRT_Library/FreeRTOS/Source/tasks.o
                0x00000000000021f8                vTaskMissedYield
 .text.prvIdleTask
                0x0000000000002210       0x20 ./FRT_Library/FreeRTOS/Source/tasks.o
 .text.prvInitialiseTCBVariables
                0x0000000000002230       0x6c ./FRT_Library/FreeRTOS/Source/tasks.o
 .text.prvInitialiseTaskLists
                0x000000000000229c       0x7c ./FRT_Library/FreeRTOS/Source/tasks.o
 .text.prvCheckTasksWaitingTermination
                0x0000000000002318       0x84 ./FRT_Library/FreeRTOS/Source/tasks.o
 .text.prvAllocateTCBAndStack
                0x000000000000239c       0x64 ./FRT_Library/FreeRTOS/Source/tasks.o
 .text.prvDeleteTCB
                0x0000000000002400       0x20 ./FRT_Library/FreeRTOS/Source/tasks.o
 .text.xTaskGetCurrentTaskHandle
                0x0000000000002420       0x20 ./FRT_Library/FreeRTOS/Source/tasks.o
                0x0000000000002420                xTaskGetCurrentTaskHandle
 .text.vTaskPriorityInherit
                0x0000000000002440       0xa4 ./FRT_Library/FreeRTOS/Source/tasks.o
                0x0000000000002440                vTaskPriorityInherit
 .text.vTaskPriorityDisinherit
                0x00000000000024e4       0x7c ./FRT_Library/FreeRTOS/Source/tasks.o
                0x00000000000024e4                vTaskPriorityDisinherit
 .text.vApplicationStackOverflowHook
                0x0000000000002560       0x2c ./FRT_Library/FreeRTOS/Source/portable/GCC/ARM_CM4/common.o
                0x0000000000002560                vApplicationStackOverflowHook
 .text.pxPortInitialiseStack
                0x000000000000258c       0x54 ./FRT_Library/FreeRTOS/Source/portable/GCC/ARM_CM4/port.o
                0x000000000000258c                pxPortInitialiseStack
 .text.vPortSVCHandler
                0x00000000000025e0       0x20 ./FRT_Library/FreeRTOS/Source/portable/GCC/ARM_CM4/port.o
                0x00000000000025e0                vPortSVCHandler
 .text.vPortStartFirstTask
                0x0000000000002600       0x10 ./FRT_Library/FreeRTOS/Source/portable/GCC/ARM_CM4/port.o
                0x0000000000002600                vPortStartFirstTask
 .text.xPortStartScheduler
                0x0000000000002610       0x38 ./FRT_Library/FreeRTOS/Source/portable/GCC/ARM_CM4/port.o
                0x0000000000002610                xPortStartScheduler
 .text.vPortEndScheduler
                0x0000000000002648        0xc ./FRT_Library/FreeRTOS/Source/portable/GCC/ARM_CM4/port.o
                0x0000000000002648                vPortEndScheduler
 .text.vPortYieldFromISR
                0x0000000000002654       0x18 ./FRT_Library/FreeRTOS/Source/portable/GCC/ARM_CM4/port.o
                0x0000000000002654                vPortYieldFromISR
 .text.vPortEnterCritical
                0x000000000000266c       0x24 ./FRT_Library/FreeRTOS/Source/portable/GCC/ARM_CM4/port.o
                0x000000000000266c                vPortEnterCritical
 .text.vPortExitCritical
                0x0000000000002690       0x2c ./FRT_Library/FreeRTOS/Source/portable/GCC/ARM_CM4/port.o
                0x0000000000002690                vPortExitCritical
 .text.xPortPendSVHandler
                0x00000000000026bc       0x3c ./FRT_Library/FreeRTOS/Source/portable/GCC/ARM_CM4/port.o
                0x00000000000026bc                xPortPendSVHandler
 .text.xPortSysTickHandler
                0x00000000000026f8       0x30 ./FRT_Library/FreeRTOS/Source/portable/GCC/ARM_CM4/port.o
                0x00000000000026f8                xPortSysTickHandler
 .text.prvSetupTimerInterrupt
                0x0000000000002728       0x24 ./FRT_Library/FreeRTOS/Source/portable/GCC/ARM_CM4/port.o
 .text.pvPortMalloc
                0x000000000000274c      0x14c ./FRT_Library/FreeRTOS/Source/portable/MemMang/heap_2.o
                0x000000000000274c                pvPortMalloc
 .text.vPortFree
                0x0000000000002898       0x70 ./FRT_Library/FreeRTOS/Source/portable/MemMang/heap_2.o
                0x0000000000002898                vPortFree
 .text.xPortGetFreeHeapSize
                0x0000000000002908       0x18 ./FRT_Library/FreeRTOS/Source/portable/MemMang/heap_2.o
                0x0000000000002908                xPortGetFreeHeapSize
 .text.vPortInitialiseBlocks
                0x0000000000002920        0xc ./FRT_Library/FreeRTOS/Source/portable/MemMang/heap_2.o
                0x0000000000002920                vPortInitialiseBlocks
 .text.exit     0x000000000000292c       0x20 /Applications/TI/ccsv7/tools/compiler/gcc-arm-none-eabi-4_9-2015q3/bin/../lib/gcc/arm-none-eabi/4.9.3/../../../../arm-none-eabi/lib/armv7e-m/fpu/libg.a(lib_a-exit.o)
                0x000000000000292c                exit
 .text.__libc_init_array
                0x000000000000294c       0x50 /Applications/TI/ccsv7/tools/compiler/gcc-arm-none-eabi-4_9-2015q3/bin/../lib/gcc/arm-none-eabi/4.9.3/../../../../arm-none-eabi/lib/armv7e-m/fpu/libg.a(lib_a-init.o)
                0x000000000000294c                __libc_init_array
 .text.memset   0x000000000000299c       0x9c /Applications/TI/ccsv7/tools/compiler/gcc-arm-none-eabi-4_9-2015q3/bin/../lib/gcc/arm-none-eabi/4.9.3/../../../../arm-none-eabi/lib/armv7e-m/fpu/libg.a(lib_a-memset.o)
                0x000000000000299c                memset
 .text.strncpy  0x0000000000002a38       0x68 /Applications/TI/ccsv7/tools/compiler/gcc-arm-none-eabi-4_9-2015q3/bin/../lib/gcc/arm-none-eabi/4.9.3/../../../../arm-none-eabi/lib/armv7e-m/fpu/libg.a(lib_a-strncpy.o)
                0x0000000000002a38                strncpy
 .text.startup.register_fini
                0x0000000000002aa0       0x14 /Applications/TI/ccsv7/tools/compiler/gcc-arm-none-eabi-4_9-2015q3/bin/../lib/gcc/arm-none-eabi/4.9.3/../../../../arm-none-eabi/lib/armv7e-m/fpu/libg.a(lib_a-__call_atexit.o)
 .text.__call_exitprocs
                0x0000000000002ab4       0xd4 /Applications/TI/ccsv7/tools/compiler/gcc-arm-none-eabi-4_9-2015q3/bin/../lib/gcc/arm-none-eabi/4.9.3/../../../../arm-none-eabi/lib/armv7e-m/fpu/libg.a(lib_a-__call_atexit.o)
                0x0000000000002ab4                __call_exitprocs
 .text.atexit   0x0000000000002b88        0xc /Applications/TI/ccsv7/tools/compiler/gcc-arm-none-eabi-4_9-2015q3/bin/../lib/gcc/arm-none-eabi/4.9.3/../../../../arm-none-eabi/lib/armv7e-m/fpu/libg.a(lib_a-atexit.o)
                0x0000000000002b88                atexit
 .text.__libc_fini_array
                0x0000000000002b94       0x2c /Applications/TI/ccsv7/tools/compiler/gcc-arm-none-eabi-4_9-2015q3/bin/../lib/gcc/arm-none-eabi/4.9.3/../../../../arm-none-eabi/lib/armv7e-m/fpu/libg.a(lib_a-fini.o)
                0x0000000000002b94                __libc_fini_array
 .text.__register_exitproc
                0x0000000000002bc0       0xa4 /Applications/TI/ccsv7/tools/compiler/gcc-arm-none-eabi-4_9-2015q3/bin/../lib/gcc/arm-none-eabi/4.9.3/../../../../arm-none-eabi/lib/armv7e-m/fpu/libg.a(lib_a-__atexit.o)
                0x0000000000002bc0                __register_exitproc
 .text._exit    0x0000000000002c64        0x4 /Applications/TI/ccsv7/tools/compiler/gcc-arm-none-eabi-4_9-2015q3/bin/../lib/gcc/arm-none-eabi/4.9.3/../../../../arm-none-eabi/lib/armv7e-m/fpu/libnosys.a(_exit.o)
                0x0000000000002c64                _exit
                0x0000000000002c68                . = ALIGN (0x4)
 *(.ctors)
                0x0000000000002c68                . = ALIGN (0x4)
 *(.dtors)
                0x0000000000002c68                . = ALIGN (0x4)
                0x0000000000002c68                __init_array_start = .
 *(.init_array*)
 .init_array    0x0000000000002c68        0x4 /Applications/TI/ccsv7/tools/compiler/gcc-arm-none-eabi-4_9-2015q3/bin/../lib/gcc/arm-none-eabi/4.9.3/armv7e-m/fpu/crtbegin.o
 .init_array.00000
                0x0000000000002c6c        0x4 /Applications/TI/ccsv7/tools/compiler/gcc-arm-none-eabi-4_9-2015q3/bin/../lib/gcc/arm-none-eabi/4.9.3/../../../../arm-none-eabi/lib/armv7e-m/fpu/libg.a(lib_a-__call_atexit.o)
                0x0000000000002c70                __init_array_end = .
 *(.init)
 .init          0x0000000000002c70        0x4 /Applications/TI/ccsv7/tools/compiler/gcc-arm-none-eabi-4_9-2015q3/bin/../lib/gcc/arm-none-eabi/4.9.3/armv7e-m/fpu/crti.o
                0x0000000000002c70                _init
 .init          0x0000000000002c74        0x8 /Applications/TI/ccsv7/tools/compiler/gcc-arm-none-eabi-4_9-2015q3/bin/../lib/gcc/arm-none-eabi/4.9.3/armv7e-m/fpu/crtn.o
 *(.fini*)
 .fini          0x0000000000002c7c        0x4 /Applications/TI/ccsv7/tools/compiler/gcc-arm-none-eabi-4_9-2015q3/bin/../lib/gcc/arm-none-eabi/4.9.3/armv7e-m/fpu/crti.o
                0x0000000000002c7c                _fini
 .fini_array    0x0000000000002c80        0x4 /Applications/TI/ccsv7/tools/compiler/gcc-arm-none-eabi-4_9-2015q3/bin/../lib/gcc/arm-none-eabi/4.9.3/armv7e-m/fpu/crtbegin.o
 .fini          0x0000000000002c84        0x8 /Applications/TI/ccsv7/tools/compiler/gcc-arm-none-eabi-4_9-2015q3/bin/../lib/gcc/arm-none-eabi/4.9.3/armv7e-m/fpu/crtn.o
                0x0000000000002c8c                PROVIDE (__etext, .)
                0x0000000000002c8c                PROVIDE (_etext, .)
                0x0000000000002c8c                PROVIDE (etext, .)

.glue_7         0x0000000000002c8c        0x0
 .glue_7        0x0000000000000000        0x0 linker stubs

.glue_7t        0x0000000000002c8c        0x0
 .glue_7t       0x0000000000000000        0x0 linker stubs

.vfp11_veneer   0x0000000000002c8c        0x0
 .vfp11_veneer  0x0000000000000000        0x0 linker stubs

.v4_bx          0x0000000000002c8c        0x0
 .v4_bx         0x0000000000000000        0x0 linker stubs

.iplt           0x0000000000002c8c        0x0
 .iplt          0x0000000000000000        0x0 /Applications/TI/ccsv7/tools/compiler/gcc-arm-none-eabi-4_9-2015q3/bin/../lib/gcc/arm-none-eabi/4.9.3/armv7e-m/fpu/crtbegin.o

.rodata         0x0000000000002c8c       0x2c
 *(.rodata)
 .rodata        0x0000000000002c8c        0xc ./key.o
 .rodata        0x0000000000002c98        0x8 ./main.o
 .rodata        0x0000000000002ca0        0x5 ./FRT_Library/FreeRTOS/Source/tasks.o
 *(.rodata*)
 *fill*         0x0000000000002ca5        0x3 
 .rodata.ulKernelPriority
                0x0000000000002ca8        0x4 ./FRT_Library/FreeRTOS/Source/portable/GCC/ARM_CM4/port.o
                0x0000000000002ca8                ulKernelPriority
 .rodata.heapSTRUCT_SIZE
                0x0000000000002cac        0x2 ./FRT_Library/FreeRTOS/Source/portable/MemMang/heap_2.o
 *fill*         0x0000000000002cae        0x2 
 .rodata.str1.4
                0x0000000000002cb0        0x4 /Applications/TI/ccsv7/tools/compiler/gcc-arm-none-eabi-4_9-2015q3/bin/../lib/gcc/arm-none-eabi/4.9.3/../../../../arm-none-eabi/lib/armv7e-m/fpu/libg.a(lib_a-impure.o)
                                          0x2 (size before relaxing)
 .rodata._global_impure_ptr
                0x0000000000002cb4        0x4 /Applications/TI/ccsv7/tools/compiler/gcc-arm-none-eabi-4_9-2015q3/bin/../lib/gcc/arm-none-eabi/4.9.3/../../../../arm-none-eabi/lib/armv7e-m/fpu/libg.a(lib_a-impure.o)
                0x0000000000002cb4                _global_impure_ptr

.eh_frame       0x0000000000002cb8        0x4
 .eh_frame      0x0000000000002cb8        0x0 /Applications/TI/ccsv7/tools/compiler/gcc-arm-none-eabi-4_9-2015q3/bin/../lib/gcc/arm-none-eabi/4.9.3/armv7e-m/fpu/crtbegin.o
 .eh_frame      0x0000000000002cb8        0x4 /Applications/TI/ccsv7/tools/compiler/gcc-arm-none-eabi-4_9-2015q3/bin/../lib/gcc/arm-none-eabi/4.9.3/armv7e-m/fpu/crtend.o

.data           0x0000000020000000      0x43c load address 0x0000000000002cbc
                0x0000000000002cbc                __data_load__ = LOADADDR (.data)
                0x0000000020000000                __data_start__ = .
 *(.data)
 .data          0x0000000020000000        0x0 /Applications/TI/ccsv7/tools/compiler/gcc-arm-none-eabi-4_9-2015q3/bin/../lib/gcc/arm-none-eabi/4.9.3/armv7e-m/fpu/crti.o
 .data          0x0000000020000000        0x4 /Applications/TI/ccsv7/tools/compiler/gcc-arm-none-eabi-4_9-2015q3/bin/../lib/gcc/arm-none-eabi/4.9.3/armv7e-m/fpu/crtbegin.o
                0x0000000020000000                __dso_handle
 .data          0x0000000020000004        0x0 /Applications/TI/ccsv7/tools/compiler/gcc-arm-none-eabi-4_9-2015q3/bin/../lib/gcc/arm-none-eabi/4.9.3/../../../../arm-none-eabi/lib/armv7e-m/fpu/crt0.o
 .data          0x0000000020000004        0x0 ./adc.o
 .data          0x0000000020000004        0x0 ./gpio.o
 .data          0x0000000020000004        0x0 ./key.o
 .data          0x0000000020000004        0x0 ./lcd.o
 .data          0x0000000020000004        0x0 ./main.o
 .data          0x0000000020000004        0x0 ./startup_frt.o
 .data          0x0000000020000004        0x0 ./systick_frt.o
 .data          0x0000000020000004        0x0 ./FRT_Library/FreeRTOS/Source/croutine.o
 .data          0x0000000020000004        0x0 ./FRT_Library/FreeRTOS/Source/list.o
 .data          0x0000000020000004        0x0 ./FRT_Library/FreeRTOS/Source/queue.o
 .data          0x0000000020000004        0x0 ./FRT_Library/FreeRTOS/Source/tasks.o
 .data          0x0000000020000004        0x0 ./FRT_Library/FreeRTOS/Source/portable/GCC/ARM_CM4/common.o
 .data          0x0000000020000004        0x0 ./FRT_Library/FreeRTOS/Source/portable/GCC/ARM_CM4/port.o
 .data          0x0000000020000004        0x0 ./FRT_Library/FreeRTOS/Source/portable/MemMang/heap_2.o
 .data          0x0000000020000004        0x0 /Applications/TI/ccsv7/tools/compiler/gcc-arm-none-eabi-4_9-2015q3/bin/../lib/gcc/arm-none-eabi/4.9.3/../../../../arm-none-eabi/lib/armv7e-m/fpu/libg.a(lib_a-exit.o)
 .data          0x0000000020000004        0x0 /Applications/TI/ccsv7/tools/compiler/gcc-arm-none-eabi-4_9-2015q3/bin/../lib/gcc/arm-none-eabi/4.9.3/../../../../arm-none-eabi/lib/armv7e-m/fpu/libg.a(lib_a-impure.o)
 .data          0x0000000020000004        0x0 /Applications/TI/ccsv7/tools/compiler/gcc-arm-none-eabi-4_9-2015q3/bin/../lib/gcc/arm-none-eabi/4.9.3/../../../../arm-none-eabi/lib/armv7e-m/fpu/libg.a(lib_a-init.o)
 .data          0x0000000020000004        0x0 /Applications/TI/ccsv7/tools/compiler/gcc-arm-none-eabi-4_9-2015q3/bin/../lib/gcc/arm-none-eabi/4.9.3/../../../../arm-none-eabi/lib/armv7e-m/fpu/libg.a(lib_a-memcpy.o)
 .data          0x0000000020000004        0x0 /Applications/TI/ccsv7/tools/compiler/gcc-arm-none-eabi-4_9-2015q3/bin/../lib/gcc/arm-none-eabi/4.9.3/../../../../arm-none-eabi/lib/armv7e-m/fpu/libg.a(lib_a-memset.o)
 .data          0x0000000020000004        0x0 /Applications/TI/ccsv7/tools/compiler/gcc-arm-none-eabi-4_9-2015q3/bin/../lib/gcc/arm-none-eabi/4.9.3/../../../../arm-none-eabi/lib/armv7e-m/fpu/libg.a(lib_a-strncpy.o)
 .data          0x0000000020000004        0x0 /Applications/TI/ccsv7/tools/compiler/gcc-arm-none-eabi-4_9-2015q3/bin/../lib/gcc/arm-none-eabi/4.9.3/../../../../arm-none-eabi/lib/armv7e-m/fpu/libg.a(lib_a-__call_atexit.o)
 .data          0x0000000020000004        0x0 /Applications/TI/ccsv7/tools/compiler/gcc-arm-none-eabi-4_9-2015q3/bin/../lib/gcc/arm-none-eabi/4.9.3/../../../../arm-none-eabi/lib/armv7e-m/fpu/libg.a(lib_a-atexit.o)
 .data          0x0000000020000004        0x0 /Applications/TI/ccsv7/tools/compiler/gcc-arm-none-eabi-4_9-2015q3/bin/../lib/gcc/arm-none-eabi/4.9.3/../../../../arm-none-eabi/lib/armv7e-m/fpu/libg.a(lib_a-fini.o)
 .data          0x0000000020000004        0x0 /Applications/TI/ccsv7/tools/compiler/gcc-arm-none-eabi-4_9-2015q3/bin/../lib/gcc/arm-none-eabi/4.9.3/../../../../arm-none-eabi/lib/armv7e-m/fpu/libg.a(lib_a-__atexit.o)
 .data          0x0000000020000004        0x0 /Applications/TI/ccsv7/tools/compiler/gcc-arm-none-eabi-4_9-2015q3/bin/../lib/gcc/arm-none-eabi/4.9.3/../../../../arm-none-eabi/lib/armv7e-m/fpu/libnosys.a(_exit.o)
 .data          0x0000000020000004        0x0 /Applications/TI/ccsv7/tools/compiler/gcc-arm-none-eabi-4_9-2015q3/bin/../lib/gcc/arm-none-eabi/4.9.3/armv7e-m/fpu/crtend.o
 .data          0x0000000020000004        0x0 /Applications/TI/ccsv7/tools/compiler/gcc-arm-none-eabi-4_9-2015q3/bin/../lib/gcc/arm-none-eabi/4.9.3/armv7e-m/fpu/crtn.o
 *(.data*)
 .data.x.4023   0x0000000020000004        0x1 ./key.o
 *fill*         0x0000000020000005        0x3 
 .data.uxCriticalNesting
                0x0000000020000008        0x4 ./FRT_Library/FreeRTOS/Source/portable/GCC/ARM_CM4/port.o
 *fill*         0x000000002000000c        0x4 
 .data.impure_data
                0x0000000020000010      0x428 /Applications/TI/ccsv7/tools/compiler/gcc-arm-none-eabi-4_9-2015q3/bin/../lib/gcc/arm-none-eabi/4.9.3/../../../../arm-none-eabi/lib/armv7e-m/fpu/libg.a(lib_a-impure.o)
 .data._impure_ptr
                0x0000000020000438        0x4 /Applications/TI/ccsv7/tools/compiler/gcc-arm-none-eabi-4_9-2015q3/bin/../lib/gcc/arm-none-eabi/4.9.3/../../../../arm-none-eabi/lib/armv7e-m/fpu/libg.a(lib_a-impure.o)
                0x0000000020000438                _impure_ptr
                0x000000002000043c                . = ALIGN (0x4)
                0x000000002000043c                __data_end__ = .

.jcr            0x000000002000043c        0x4 load address 0x00000000000030f8
 .jcr           0x000000002000043c        0x0 /Applications/TI/ccsv7/tools/compiler/gcc-arm-none-eabi-4_9-2015q3/bin/../lib/gcc/arm-none-eabi/4.9.3/armv7e-m/fpu/crtbegin.o
 .jcr           0x000000002000043c        0x4 /Applications/TI/ccsv7/tools/compiler/gcc-arm-none-eabi-4_9-2015q3/bin/../lib/gcc/arm-none-eabi/4.9.3/armv7e-m/fpu/crtend.o

.igot.plt       0x0000000020000440        0x0 load address 0x00000000000030fc
 .igot.plt      0x0000000000000000        0x0 /Applications/TI/ccsv7/tools/compiler/gcc-arm-none-eabi-4_9-2015q3/bin/../lib/gcc/arm-none-eabi/4.9.3/armv7e-m/fpu/crtbegin.o

.ARM.exidx      0x00000000000030fc        0x8
                0x00000000000030fc                __exidx_start = .
 *(.ARM.exidx* .gnu.linkonce.armexidx.*)
 .ARM.exidx     0x00000000000030fc        0x8 /Applications/TI/ccsv7/tools/compiler/gcc-arm-none-eabi-4_9-2015q3/bin/../lib/gcc/arm-none-eabi/4.9.3/../../../../arm-none-eabi/lib/armv7e-m/fpu/crt0.o
                0x0000000000003104                __exidx_end = .

.ARM.extab      0x0000000000003104        0x0
 *(.ARM.extab* .gnu.linkonce.armextab.*)
 .ARM.extab     0x0000000000003104        0x0 /Applications/TI/ccsv7/tools/compiler/gcc-arm-none-eabi-4_9-2015q3/bin/../lib/gcc/arm-none-eabi/4.9.3/../../../../arm-none-eabi/lib/armv7e-m/fpu/crt0.o

.rel.dyn        0x0000000000003104        0x0
 .rel.iplt      0x0000000000000000        0x0 /Applications/TI/ccsv7/tools/compiler/gcc-arm-none-eabi-4_9-2015q3/bin/../lib/gcc/arm-none-eabi/4.9.3/armv7e-m/fpu/crtbegin.o

.bss            0x0000000020000440     0x1f78
                0x0000000020000440                __bss_start__ = .
 *(.shbss)
 *(.bss)
 .bss           0x0000000020000440        0x0 /Applications/TI/ccsv7/tools/compiler/gcc-arm-none-eabi-4_9-2015q3/bin/../lib/gcc/arm-none-eabi/4.9.3/armv7e-m/fpu/crti.o
 .bss           0x0000000020000440       0x1c /Applications/TI/ccsv7/tools/compiler/gcc-arm-none-eabi-4_9-2015q3/bin/../lib/gcc/arm-none-eabi/4.9.3/armv7e-m/fpu/crtbegin.o
 .bss           0x000000002000045c        0x0 /Applications/TI/ccsv7/tools/compiler/gcc-arm-none-eabi-4_9-2015q3/bin/../lib/gcc/arm-none-eabi/4.9.3/../../../../arm-none-eabi/lib/armv7e-m/fpu/crt0.o
 .bss           0x000000002000045c        0x0 ./adc.o
 .bss           0x000000002000045c        0x0 ./gpio.o
 .bss           0x000000002000045c        0x0 ./key.o
 .bss           0x000000002000045c        0x0 ./lcd.o
 .bss           0x000000002000045c        0x0 ./main.o
 .bss           0x000000002000045c        0x0 ./startup_frt.o
 .bss           0x000000002000045c        0x0 ./systick_frt.o
 .bss           0x000000002000045c        0x0 ./FRT_Library/FreeRTOS/Source/croutine.o
 .bss           0x000000002000045c        0x0 ./FRT_Library/FreeRTOS/Source/list.o
 .bss           0x000000002000045c        0x0 ./FRT_Library/FreeRTOS/Source/queue.o
 .bss           0x000000002000045c        0x0 ./FRT_Library/FreeRTOS/Source/tasks.o
 .bss           0x000000002000045c        0x0 ./FRT_Library/FreeRTOS/Source/portable/GCC/ARM_CM4/common.o
 .bss           0x000000002000045c        0x0 ./FRT_Library/FreeRTOS/Source/portable/GCC/ARM_CM4/port.o
 .bss           0x000000002000045c        0x0 ./FRT_Library/FreeRTOS/Source/portable/MemMang/heap_2.o
 .bss           0x000000002000045c        0x0 /Applications/TI/ccsv7/tools/compiler/gcc-arm-none-eabi-4_9-2015q3/bin/../lib/gcc/arm-none-eabi/4.9.3/../../../../arm-none-eabi/lib/armv7e-m/fpu/libg.a(lib_a-exit.o)
 .bss           0x000000002000045c        0x0 /Applications/TI/ccsv7/tools/compiler/gcc-arm-none-eabi-4_9-2015q3/bin/../lib/gcc/arm-none-eabi/4.9.3/../../../../arm-none-eabi/lib/armv7e-m/fpu/libg.a(lib_a-impure.o)
 .bss           0x000000002000045c        0x0 /Applications/TI/ccsv7/tools/compiler/gcc-arm-none-eabi-4_9-2015q3/bin/../lib/gcc/arm-none-eabi/4.9.3/../../../../arm-none-eabi/lib/armv7e-m/fpu/libg.a(lib_a-init.o)
 .bss           0x000000002000045c        0x0 /Applications/TI/ccsv7/tools/compiler/gcc-arm-none-eabi-4_9-2015q3/bin/../lib/gcc/arm-none-eabi/4.9.3/../../../../arm-none-eabi/lib/armv7e-m/fpu/libg.a(lib_a-memcpy.o)
 .bss           0x000000002000045c        0x0 /Applications/TI/ccsv7/tools/compiler/gcc-arm-none-eabi-4_9-2015q3/bin/../lib/gcc/arm-none-eabi/4.9.3/../../../../arm-none-eabi/lib/armv7e-m/fpu/libg.a(lib_a-memset.o)
 .bss           0x000000002000045c        0x0 /Applications/TI/ccsv7/tools/compiler/gcc-arm-none-eabi-4_9-2015q3/bin/../lib/gcc/arm-none-eabi/4.9.3/../../../../arm-none-eabi/lib/armv7e-m/fpu/libg.a(lib_a-strncpy.o)
 .bss           0x000000002000045c        0x0 /Applications/TI/ccsv7/tools/compiler/gcc-arm-none-eabi-4_9-2015q3/bin/../lib/gcc/arm-none-eabi/4.9.3/../../../../arm-none-eabi/lib/armv7e-m/fpu/libg.a(lib_a-__call_atexit.o)
 .bss           0x000000002000045c        0x0 /Applications/TI/ccsv7/tools/compiler/gcc-arm-none-eabi-4_9-2015q3/bin/../lib/gcc/arm-none-eabi/4.9.3/../../../../arm-none-eabi/lib/armv7e-m/fpu/libg.a(lib_a-atexit.o)
 .bss           0x000000002000045c        0x0 /Applications/TI/ccsv7/tools/compiler/gcc-arm-none-eabi-4_9-2015q3/bin/../lib/gcc/arm-none-eabi/4.9.3/../../../../arm-none-eabi/lib/armv7e-m/fpu/libg.a(lib_a-fini.o)
 .bss           0x000000002000045c        0x0 /Applications/TI/ccsv7/tools/compiler/gcc-arm-none-eabi-4_9-2015q3/bin/../lib/gcc/arm-none-eabi/4.9.3/../../../../arm-none-eabi/lib/armv7e-m/fpu/libg.a(lib_a-__atexit.o)
 .bss           0x000000002000045c        0x0 /Applications/TI/ccsv7/tools/compiler/gcc-arm-none-eabi-4_9-2015q3/bin/../lib/gcc/arm-none-eabi/4.9.3/../../../../arm-none-eabi/lib/armv7e-m/fpu/libnosys.a(_exit.o)
 .bss           0x000000002000045c        0x0 /Applications/TI/ccsv7/tools/compiler/gcc-arm-none-eabi-4_9-2015q3/bin/../lib/gcc/arm-none-eabi/4.9.3/armv7e-m/fpu/crtend.o
 .bss           0x000000002000045c        0x0 /Applications/TI/ccsv7/tools/compiler/gcc-arm-none-eabi-4_9-2015q3/bin/../lib/gcc/arm-none-eabi/4.9.3/armv7e-m/fpu/crtn.o
 *(.bss.*)
 .bss.Result.4000
                0x000000002000045c        0x4 ./adc.o
 .bss.pui32Stack
                0x0000000020000460      0x200 ./startup_frt.o
 .bss.pxReadyCoRoutineLists
                0x0000000020000660       0x28 ./FRT_Library/FreeRTOS/Source/croutine.o
 .bss.xDelayedCoRoutineList1
                0x0000000020000688       0x14 ./FRT_Library/FreeRTOS/Source/croutine.o
 .bss.xDelayedCoRoutineList2
                0x000000002000069c       0x14 ./FRT_Library/FreeRTOS/Source/croutine.o
 .bss.pxDelayedCoRoutineList
                0x00000000200006b0        0x4 ./FRT_Library/FreeRTOS/Source/croutine.o
 .bss.pxOverflowDelayedCoRoutineList
                0x00000000200006b4        0x4 ./FRT_Library/FreeRTOS/Source/croutine.o
 .bss.xPendingReadyCoRoutineList
                0x00000000200006b8       0x14 ./FRT_Library/FreeRTOS/Source/croutine.o
 .bss.pxCurrentCoRoutine
                0x00000000200006cc        0x4 ./FRT_Library/FreeRTOS/Source/croutine.o
                0x00000000200006cc                pxCurrentCoRoutine
 .bss.uxTopCoRoutineReadyPriority
                0x00000000200006d0        0x4 ./FRT_Library/FreeRTOS/Source/croutine.o
 .bss.xCoRoutineTickCount
                0x00000000200006d4        0x4 ./FRT_Library/FreeRTOS/Source/croutine.o
 .bss.xLastTickCount
                0x00000000200006d8        0x4 ./FRT_Library/FreeRTOS/Source/croutine.o
 .bss.xPassedTicks
                0x00000000200006dc        0x4 ./FRT_Library/FreeRTOS/Source/croutine.o
 .bss.pxCurrentTCB
                0x00000000200006e0        0x4 ./FRT_Library/FreeRTOS/Source/tasks.o
                0x00000000200006e0                pxCurrentTCB
 .bss.pxReadyTasksLists
                0x00000000200006e4       0xc8 ./FRT_Library/FreeRTOS/Source/tasks.o
 .bss.xDelayedTaskList1
                0x00000000200007ac       0x14 ./FRT_Library/FreeRTOS/Source/tasks.o
 .bss.xDelayedTaskList2
                0x00000000200007c0       0x14 ./FRT_Library/FreeRTOS/Source/tasks.o
 .bss.pxDelayedTaskList
                0x00000000200007d4        0x4 ./FRT_Library/FreeRTOS/Source/tasks.o
 .bss.pxOverflowDelayedTaskList
                0x00000000200007d8        0x4 ./FRT_Library/FreeRTOS/Source/tasks.o
 .bss.xPendingReadyList
                0x00000000200007dc       0x14 ./FRT_Library/FreeRTOS/Source/tasks.o
 .bss.xTasksWaitingTermination
                0x00000000200007f0       0x14 ./FRT_Library/FreeRTOS/Source/tasks.o
 .bss.uxTasksDeleted
                0x0000000020000804        0x4 ./FRT_Library/FreeRTOS/Source/tasks.o
 .bss.xSuspendedTaskList
                0x0000000020000808       0x14 ./FRT_Library/FreeRTOS/Source/tasks.o
 .bss.uxCurrentNumberOfTasks
                0x000000002000081c        0x4 ./FRT_Library/FreeRTOS/Source/tasks.o
 .bss.xTickCount
                0x0000000020000820        0x4 ./FRT_Library/FreeRTOS/Source/tasks.o
 .bss.uxTopUsedPriority
                0x0000000020000824        0x4 ./FRT_Library/FreeRTOS/Source/tasks.o
 .bss.uxTopReadyPriority
                0x0000000020000828        0x4 ./FRT_Library/FreeRTOS/Source/tasks.o
 .bss.xSchedulerRunning
                0x000000002000082c        0x4 ./FRT_Library/FreeRTOS/Source/tasks.o
 .bss.uxSchedulerSuspended
                0x0000000020000830        0x4 ./FRT_Library/FreeRTOS/Source/tasks.o
 .bss.uxMissedTicks
                0x0000000020000834        0x4 ./FRT_Library/FreeRTOS/Source/tasks.o
 .bss.xMissedYield
                0x0000000020000838        0x4 ./FRT_Library/FreeRTOS/Source/tasks.o
 .bss.xNumOfOverflows
                0x000000002000083c        0x4 ./FRT_Library/FreeRTOS/Source/tasks.o
 .bss.uxTaskNumber
                0x0000000020000840        0x4 ./FRT_Library/FreeRTOS/Source/tasks.o
 *fill*         0x0000000020000844        0x4 
 .bss.xHeap     0x0000000020000848     0x1b58 ./FRT_Library/FreeRTOS/Source/portable/MemMang/heap_2.o
 .bss.xStart    0x00000000200023a0        0x8 ./FRT_Library/FreeRTOS/Source/portable/MemMang/heap_2.o
 .bss.xEnd      0x00000000200023a8        0x8 ./FRT_Library/FreeRTOS/Source/portable/MemMang/heap_2.o
 .bss.xFreeBytesRemaining
                0x00000000200023b0        0x4 ./FRT_Library/FreeRTOS/Source/portable/MemMang/heap_2.o
 .bss.xHeapHasBeenInitialised.4521
                0x00000000200023b4        0x4 ./FRT_Library/FreeRTOS/Source/portable/MemMang/heap_2.o
 *(COMMON)
                0x00000000200023b8                . = ALIGN (0x4)
                0x00000000200023b8                __bss_end__ = .

.heap           0x00000000200023b8        0x0
                0x00000000200023b8                __heap_start__ = .
                0x00000000200023b8                end = __heap_start__
                0x00000000200023b8                _end = end
                0x00000000200023b8                __end = end
 *(.heap)
                0x00000000200023b8                __heap_end__ = .
                0x00000000200023b8                __HeapLimit = __heap_end__

.stack          0x00000000200023b8        0x0
                0x00000000200023b8                _stack = .
                0x00000000200023b8                __stack = .
 *(.stack)
START GROUP
LOAD /Applications/TI/ccsv7/tools/compiler/gcc-arm-none-eabi-4_9-2015q3/bin/../lib/gcc/arm-none-eabi/4.9.3/armv7e-m/fpu/libgcc.a
LOAD /Applications/TI/ccsv7/tools/compiler/gcc-arm-none-eabi-4_9-2015q3/bin/../lib/gcc/arm-none-eabi/4.9.3/../../../../arm-none-eabi/lib/armv7e-m/fpu/libg.a
LOAD /Applications/TI/ccsv7/tools/compiler/gcc-arm-none-eabi-4_9-2015q3/bin/../lib/gcc/arm-none-eabi/4.9.3/../../../../arm-none-eabi/lib/armv7e-m/fpu/libc.a
END GROUP
START GROUP
LOAD /Applications/TI/ccsv7/tools/compiler/gcc-arm-none-eabi-4_9-2015q3/bin/../lib/gcc/arm-none-eabi/4.9.3/armv7e-m/fpu/libgcc.a
LOAD /Applications/TI/ccsv7/tools/compiler/gcc-arm-none-eabi-4_9-2015q3/bin/../lib/gcc/arm-none-eabi/4.9.3/../../../../arm-none-eabi/lib/armv7e-m/fpu/libc.a
LOAD /Applications/TI/ccsv7/tools/compiler/gcc-arm-none-eabi-4_9-2015q3/bin/../lib/gcc/arm-none-eabi/4.9.3/../../../../arm-none-eabi/lib/armv7e-m/fpu/libnosys.a
END GROUP
LOAD /Applications/TI/ccsv7/tools/compiler/gcc-arm-none-eabi-4_9-2015q3/bin/../lib/gcc/arm-none-eabi/4.9.3/armv7e-m/fpu/crtend.o
LOAD /Applications/TI/ccsv7/tools/compiler/gcc-arm-none-eabi-4_9-2015q3/bin/../lib/gcc/arm-none-eabi/4.9.3/armv7e-m/fpu/crtn.o
OUTPUT(freeRTOS_assignment7.out elf32-littlearm)

.ARM.attributes
                0x0000000000000000       0x30
 .ARM.attributes
                0x0000000000000000       0x22 /Applications/TI/ccsv7/tools/compiler/gcc-arm-none-eabi-4_9-2015q3/bin/../lib/gcc/arm-none-eabi/4.9.3/armv7e-m/fpu/crti.o
 .ARM.attributes
                0x0000000000000022       0x34 /Applications/TI/ccsv7/tools/compiler/gcc-arm-none-eabi-4_9-2015q3/bin/../lib/gcc/arm-none-eabi/4.9.3/armv7e-m/fpu/crtbegin.o
 .ARM.attributes
                0x0000000000000056       0x20 /Applications/TI/ccsv7/tools/compiler/gcc-arm-none-eabi-4_9-2015q3/bin/../lib/gcc/arm-none-eabi/4.9.3/../../../../arm-none-eabi/lib/armv7e-m/fpu/crt0.o
 .ARM.attributes
                0x0000000000000076       0x39 ./adc.o
 .ARM.attributes
                0x00000000000000af       0x39 ./gpio.o
 .ARM.attributes
                0x00000000000000e8       0x39 ./key.o
 .ARM.attributes
                0x0000000000000121       0x39 ./lcd.o
 .ARM.attributes
                0x000000000000015a       0x39 ./main.o
 .ARM.attributes
                0x0000000000000193       0x39 ./startup_frt.o
 .ARM.attributes
                0x00000000000001cc       0x39 ./systick_frt.o
 .ARM.attributes
                0x0000000000000205       0x39 ./FRT_Library/FreeRTOS/Source/croutine.o
 .ARM.attributes
                0x000000000000023e       0x39 ./FRT_Library/FreeRTOS/Source/list.o
 .ARM.attributes
                0x0000000000000277       0x39 ./FRT_Library/FreeRTOS/Source/queue.o
 .ARM.attributes
                0x00000000000002b0       0x39 ./FRT_Library/FreeRTOS/Source/tasks.o
 .ARM.attributes
                0x00000000000002e9       0x39 ./FRT_Library/FreeRTOS/Source/portable/GCC/ARM_CM4/common.o
 .ARM.attributes
                0x0000000000000322       0x39 ./FRT_Library/FreeRTOS/Source/portable/GCC/ARM_CM4/port.o
 .ARM.attributes
                0x000000000000035b       0x39 ./FRT_Library/FreeRTOS/Source/portable/MemMang/heap_2.o
 .ARM.attributes
                0x0000000000000394       0x34 /Applications/TI/ccsv7/tools/compiler/gcc-arm-none-eabi-4_9-2015q3/bin/../lib/gcc/arm-none-eabi/4.9.3/../../../../arm-none-eabi/lib/armv7e-m/fpu/libg.a(lib_a-exit.o)
 .ARM.attributes
                0x00000000000003c8       0x34 /Applications/TI/ccsv7/tools/compiler/gcc-arm-none-eabi-4_9-2015q3/bin/../lib/gcc/arm-none-eabi/4.9.3/../../../../arm-none-eabi/lib/armv7e-m/fpu/libg.a(lib_a-impure.o)
 .ARM.attributes
                0x00000000000003fc       0x34 /Applications/TI/ccsv7/tools/compiler/gcc-arm-none-eabi-4_9-2015q3/bin/../lib/gcc/arm-none-eabi/4.9.3/../../../../arm-none-eabi/lib/armv7e-m/fpu/libg.a(lib_a-init.o)
 .ARM.attributes
                0x0000000000000430       0x20 /Applications/TI/ccsv7/tools/compiler/gcc-arm-none-eabi-4_9-2015q3/bin/../lib/gcc/arm-none-eabi/4.9.3/../../../../arm-none-eabi/lib/armv7e-m/fpu/libg.a(lib_a-memcpy.o)
 .ARM.attributes
                0x0000000000000450       0x34 /Applications/TI/ccsv7/tools/compiler/gcc-arm-none-eabi-4_9-2015q3/bin/../lib/gcc/arm-none-eabi/4.9.3/../../../../arm-none-eabi/lib/armv7e-m/fpu/libg.a(lib_a-memset.o)
 .ARM.attributes
                0x0000000000000484       0x34 /Applications/TI/ccsv7/tools/compiler/gcc-arm-none-eabi-4_9-2015q3/bin/../lib/gcc/arm-none-eabi/4.9.3/../../../../arm-none-eabi/lib/armv7e-m/fpu/libg.a(lib_a-strncpy.o)
 .ARM.attributes
                0x00000000000004b8       0x34 /Applications/TI/ccsv7/tools/compiler/gcc-arm-none-eabi-4_9-2015q3/bin/../lib/gcc/arm-none-eabi/4.9.3/../../../../arm-none-eabi/lib/armv7e-m/fpu/libg.a(lib_a-__call_atexit.o)
 .ARM.attributes
                0x00000000000004ec       0x34 /Applications/TI/ccsv7/tools/compiler/gcc-arm-none-eabi-4_9-2015q3/bin/../lib/gcc/arm-none-eabi/4.9.3/../../../../arm-none-eabi/lib/armv7e-m/fpu/libg.a(lib_a-atexit.o)
 .ARM.attributes
                0x0000000000000520       0x34 /Applications/TI/ccsv7/tools/compiler/gcc-arm-none-eabi-4_9-2015q3/bin/../lib/gcc/arm-none-eabi/4.9.3/../../../../arm-none-eabi/lib/armv7e-m/fpu/libg.a(lib_a-fini.o)
 .ARM.attributes
                0x0000000000000554       0x34 /Applications/TI/ccsv7/tools/compiler/gcc-arm-none-eabi-4_9-2015q3/bin/../lib/gcc/arm-none-eabi/4.9.3/../../../../arm-none-eabi/lib/armv7e-m/fpu/libg.a(lib_a-__atexit.o)
 .ARM.attributes
                0x0000000000000588       0x34 /Applications/TI/ccsv7/tools/compiler/gcc-arm-none-eabi-4_9-2015q3/bin/../lib/gcc/arm-none-eabi/4.9.3/../../../../arm-none-eabi/lib/armv7e-m/fpu/libnosys.a(_exit.o)
 .ARM.attributes
                0x00000000000005bc       0x34 /Applications/TI/ccsv7/tools/compiler/gcc-arm-none-eabi-4_9-2015q3/bin/../lib/gcc/arm-none-eabi/4.9.3/armv7e-m/fpu/crtend.o
 .ARM.attributes
                0x00000000000005f0       0x22 /Applications/TI/ccsv7/tools/compiler/gcc-arm-none-eabi-4_9-2015q3/bin/../lib/gcc/arm-none-eabi/4.9.3/armv7e-m/fpu/crtn.o

.comment        0x0000000000000000       0x70
 .comment       0x0000000000000000       0x70 ./adc.o
                                         0x71 (size before relaxing)
 .comment       0x0000000000000000       0x71 ./gpio.o
 .comment       0x0000000000000000       0x71 ./key.o
 .comment       0x0000000000000000       0x71 ./lcd.o
 .comment       0x0000000000000000       0x71 ./main.o
 .comment       0x0000000000000000       0x71 ./startup_frt.o
 .comment       0x0000000000000000       0x71 ./systick_frt.o
 .comment       0x0000000000000000       0x71 ./FRT_Library/FreeRTOS/Source/croutine.o
 .comment       0x0000000000000000       0x71 ./FRT_Library/FreeRTOS/Source/list.o
 .comment       0x0000000000000000       0x71 ./FRT_Library/FreeRTOS/Source/queue.o
 .comment       0x0000000000000000       0x71 ./FRT_Library/FreeRTOS/Source/tasks.o
 .comment       0x0000000000000000       0x71 ./FRT_Library/FreeRTOS/Source/portable/GCC/ARM_CM4/common.o
 .comment       0x0000000000000000       0x71 ./FRT_Library/FreeRTOS/Source/portable/GCC/ARM_CM4/port.o
 .comment       0x0000000000000000       0x71 ./FRT_Library/FreeRTOS/Source/portable/MemMang/heap_2.o

.debug_info     0x0000000000000000     0x26bc
 .debug_info    0x0000000000000000       0xdb ./adc.o
 .debug_info    0x00000000000000db       0xb2 ./gpio.o
 .debug_info    0x000000000000018d      0x1a8 ./key.o
 .debug_info    0x0000000000000335       0x72 ./lcd.o
 .debug_info    0x00000000000003a7       0xc0 ./main.o
 .debug_info    0x0000000000000467      0x176 ./startup_frt.o
 .debug_info    0x00000000000005dd       0xc6 ./systick_frt.o
 .debug_info    0x00000000000006a3      0x479 ./FRT_Library/FreeRTOS/Source/croutine.o
 .debug_info    0x0000000000000b1c      0x28d ./FRT_Library/FreeRTOS/Source/list.o
 .debug_info    0x0000000000000da9      0x789 ./FRT_Library/FreeRTOS/Source/queue.o
 .debug_info    0x0000000000001532      0xc6e ./FRT_Library/FreeRTOS/Source/tasks.o
 .debug_info    0x00000000000021a0       0xa4 ./FRT_Library/FreeRTOS/Source/portable/GCC/ARM_CM4/common.o
 .debug_info    0x0000000000002244      0x1ca ./FRT_Library/FreeRTOS/Source/portable/GCC/ARM_CM4/port.o
 .debug_info    0x000000000000240e      0x2ae ./FRT_Library/FreeRTOS/Source/portable/MemMang/heap_2.o

.debug_abbrev   0x0000000000000000      0xb06
 .debug_abbrev  0x0000000000000000       0x98 ./adc.o
 .debug_abbrev  0x0000000000000098       0x5b ./gpio.o
 .debug_abbrev  0x00000000000000f3       0xd1 ./key.o
 .debug_abbrev  0x00000000000001c4       0x26 ./lcd.o
 .debug_abbrev  0x00000000000001ea       0x69 ./main.o
 .debug_abbrev  0x0000000000000253       0xca ./startup_frt.o
 .debug_abbrev  0x000000000000031d       0x4a ./systick_frt.o
 .debug_abbrev  0x0000000000000367      0x175 ./FRT_Library/FreeRTOS/Source/croutine.o
 .debug_abbrev  0x00000000000004dc       0xb6 ./FRT_Library/FreeRTOS/Source/list.o
 .debug_abbrev  0x0000000000000592      0x140 ./FRT_Library/FreeRTOS/Source/queue.o
 .debug_abbrev  0x00000000000006d2      0x16f ./FRT_Library/FreeRTOS/Source/tasks.o
 .debug_abbrev  0x0000000000000841       0x6d ./FRT_Library/FreeRTOS/Source/portable/GCC/ARM_CM4/common.o
 .debug_abbrev  0x00000000000008ae       0xfc ./FRT_Library/FreeRTOS/Source/portable/GCC/ARM_CM4/port.o
 .debug_abbrev  0x00000000000009aa      0x15c ./FRT_Library/FreeRTOS/Source/portable/MemMang/heap_2.o

.debug_aranges  0x0000000000000000      0x440
 .debug_aranges
                0x0000000000000000       0x28 ./adc.o
 .debug_aranges
                0x0000000000000028       0x20 ./gpio.o
 .debug_aranges
                0x0000000000000048       0x30 ./key.o
 .debug_aranges
                0x0000000000000078       0x18 ./lcd.o
 .debug_aranges
                0x0000000000000090       0x30 ./main.o
 .debug_aranges
                0x00000000000000c0       0x38 ./startup_frt.o
 .debug_aranges
                0x00000000000000f8       0x30 ./systick_frt.o
 .debug_aranges
                0x0000000000000128       0x50 ./FRT_Library/FreeRTOS/Source/croutine.o
 .debug_aranges
                0x0000000000000178       0x40 ./FRT_Library/FreeRTOS/Source/list.o
 .debug_aranges
                0x00000000000001b8       0xa8 ./FRT_Library/FreeRTOS/Source/queue.o
 .debug_aranges
                0x0000000000000260      0x118 ./FRT_Library/FreeRTOS/Source/tasks.o
 .debug_aranges
                0x0000000000000378       0x20 ./FRT_Library/FreeRTOS/Source/portable/GCC/ARM_CM4/common.o
 .debug_aranges
                0x0000000000000398       0x70 ./FRT_Library/FreeRTOS/Source/portable/GCC/ARM_CM4/port.o
 .debug_aranges
                0x0000000000000408       0x38 ./FRT_Library/FreeRTOS/Source/portable/MemMang/heap_2.o

.debug_ranges   0x0000000000000000      0x358
 .debug_ranges  0x0000000000000000       0x18 ./adc.o
 .debug_ranges  0x0000000000000018       0x10 ./gpio.o
 .debug_ranges  0x0000000000000028       0x20 ./key.o
 .debug_ranges  0x0000000000000048       0x20 ./main.o
 .debug_ranges  0x0000000000000068       0x28 ./startup_frt.o
 .debug_ranges  0x0000000000000090       0x20 ./systick_frt.o
 .debug_ranges  0x00000000000000b0       0x40 ./FRT_Library/FreeRTOS/Source/croutine.o
 .debug_ranges  0x00000000000000f0       0x30 ./FRT_Library/FreeRTOS/Source/list.o
 .debug_ranges  0x0000000000000120       0x98 ./FRT_Library/FreeRTOS/Source/queue.o
 .debug_ranges  0x00000000000001b8      0x108 ./FRT_Library/FreeRTOS/Source/tasks.o
 .debug_ranges  0x00000000000002c0       0x10 ./FRT_Library/FreeRTOS/Source/portable/GCC/ARM_CM4/common.o
 .debug_ranges  0x00000000000002d0       0x60 ./FRT_Library/FreeRTOS/Source/portable/GCC/ARM_CM4/port.o
 .debug_ranges  0x0000000000000330       0x28 ./FRT_Library/FreeRTOS/Source/portable/MemMang/heap_2.o

.debug_line     0x0000000000000000     0x1b6a
 .debug_line    0x0000000000000000      0x141 ./adc.o
 .debug_line    0x0000000000000141      0x11f ./gpio.o
 .debug_line    0x0000000000000260      0x1c8 ./key.o
 .debug_line    0x0000000000000428       0x1d ./lcd.o
 .debug_line    0x0000000000000445       0x63 ./main.o
 .debug_line    0x00000000000004a8      0x15d ./startup_frt.o
 .debug_line    0x0000000000000605      0x14b ./systick_frt.o
 .debug_line    0x0000000000000750      0x2b2 ./FRT_Library/FreeRTOS/Source/croutine.o
 .debug_line    0x0000000000000a02      0x223 ./FRT_Library/FreeRTOS/Source/list.o
 .debug_line    0x0000000000000c25      0x445 ./FRT_Library/FreeRTOS/Source/queue.o
 .debug_line    0x000000000000106a      0x60a ./FRT_Library/FreeRTOS/Source/tasks.o
 .debug_line    0x0000000000001674      0x114 ./FRT_Library/FreeRTOS/Source/portable/GCC/ARM_CM4/common.o
 .debug_line    0x0000000000001788      0x29b ./FRT_Library/FreeRTOS/Source/portable/GCC/ARM_CM4/port.o
 .debug_line    0x0000000000001a23      0x147 ./FRT_Library/FreeRTOS/Source/portable/MemMang/heap_2.o

.debug_str      0x0000000000000000     0x13b9
 .debug_str     0x0000000000000000      0x1d8 ./adc.o
                                        0x215 (size before relaxing)
 .debug_str     0x00000000000001d8       0x26 ./gpio.o
                                        0x21b (size before relaxing)
 .debug_str     0x00000000000001fe       0x53 ./key.o
                                        0x255 (size before relaxing)
 .debug_str     0x0000000000000251        0x9 ./lcd.o
                                        0x1f7 (size before relaxing)
 .debug_str     0x000000000000025a       0x25 ./main.o
                                        0x21c (size before relaxing)
 .debug_str     0x000000000000027f       0x90 ./startup_frt.o
                                        0x28e (size before relaxing)
 .debug_str     0x000000000000030f       0x43 ./systick_frt.o
                                        0x245 (size before relaxing)
 .debug_str     0x0000000000000352      0x35a ./FRT_Library/FreeRTOS/Source/croutine.o
                                        0x515 (size before relaxing)
 .debug_str     0x00000000000006ac       0xb9 ./FRT_Library/FreeRTOS/Source/list.o
                                        0x346 (size before relaxing)
 .debug_str     0x0000000000000765      0x36a ./FRT_Library/FreeRTOS/Source/queue.o
                                        0x615 (size before relaxing)
 .debug_str     0x0000000000000acf      0x5e4 ./FRT_Library/FreeRTOS/Source/tasks.o
                                        0x936 (size before relaxing)
 .debug_str     0x00000000000010b3       0x5b ./FRT_Library/FreeRTOS/Source/portable/GCC/ARM_CM4/common.o
                                        0x226 (size before relaxing)
 .debug_str     0x000000000000110e      0x142 ./FRT_Library/FreeRTOS/Source/portable/GCC/ARM_CM4/port.o
                                        0x322 (size before relaxing)
 .debug_str     0x0000000000001250      0x169 ./FRT_Library/FreeRTOS/Source/portable/MemMang/heap_2.o
                                        0x371 (size before relaxing)

.debug_frame    0x0000000000000000      0xf50
 .debug_frame   0x0000000000000000       0x4c ./adc.o
 .debug_frame   0x000000000000004c       0x38 ./gpio.o
 .debug_frame   0x0000000000000084       0x88 ./key.o
 .debug_frame   0x000000000000010c       0x70 ./main.o
 .debug_frame   0x000000000000017c       0x7c ./startup_frt.o
 .debug_frame   0x00000000000001f8       0x70 ./systick_frt.o
 .debug_frame   0x0000000000000268      0x10c ./FRT_Library/FreeRTOS/Source/croutine.o
 .debug_frame   0x0000000000000374       0xd8 ./FRT_Library/FreeRTOS/Source/list.o
 .debug_frame   0x000000000000044c      0x2ac ./FRT_Library/FreeRTOS/Source/queue.o
 .debug_frame   0x00000000000006f8      0x494 ./FRT_Library/FreeRTOS/Source/tasks.o
 .debug_frame   0x0000000000000b8c       0x30 ./FRT_Library/FreeRTOS/Source/portable/GCC/ARM_CM4/common.o
 .debug_frame   0x0000000000000bbc      0x148 ./FRT_Library/FreeRTOS/Source/portable/GCC/ARM_CM4/port.o
 .debug_frame   0x0000000000000d04       0x98 ./FRT_Library/FreeRTOS/Source/portable/MemMang/heap_2.o
 .debug_frame   0x0000000000000d9c       0x28 /Applications/TI/ccsv7/tools/compiler/gcc-arm-none-eabi-4_9-2015q3/bin/../lib/gcc/arm-none-eabi/4.9.3/../../../../arm-none-eabi/lib/armv7e-m/fpu/libg.a(lib_a-exit.o)
 .debug_frame   0x0000000000000dc4       0x2c /Applications/TI/ccsv7/tools/compiler/gcc-arm-none-eabi-4_9-2015q3/bin/../lib/gcc/arm-none-eabi/4.9.3/../../../../arm-none-eabi/lib/armv7e-m/fpu/libg.a(lib_a-init.o)
 .debug_frame   0x0000000000000df0       0x34 /Applications/TI/ccsv7/tools/compiler/gcc-arm-none-eabi-4_9-2015q3/bin/../lib/gcc/arm-none-eabi/4.9.3/../../../../arm-none-eabi/lib/armv7e-m/fpu/libg.a(lib_a-memset.o)
 .debug_frame   0x0000000000000e24       0x34 /Applications/TI/ccsv7/tools/compiler/gcc-arm-none-eabi-4_9-2015q3/bin/../lib/gcc/arm-none-eabi/4.9.3/../../../../arm-none-eabi/lib/armv7e-m/fpu/libg.a(lib_a-strncpy.o)
 .debug_frame   0x0000000000000e58       0x50 /Applications/TI/ccsv7/tools/compiler/gcc-arm-none-eabi-4_9-2015q3/bin/../lib/gcc/arm-none-eabi/4.9.3/../../../../arm-none-eabi/lib/armv7e-m/fpu/libg.a(lib_a-__call_atexit.o)
 .debug_frame   0x0000000000000ea8       0x20 /Applications/TI/ccsv7/tools/compiler/gcc-arm-none-eabi-4_9-2015q3/bin/../lib/gcc/arm-none-eabi/4.9.3/../../../../arm-none-eabi/lib/armv7e-m/fpu/libg.a(lib_a-atexit.o)
 .debug_frame   0x0000000000000ec8       0x34 /Applications/TI/ccsv7/tools/compiler/gcc-arm-none-eabi-4_9-2015q3/bin/../lib/gcc/arm-none-eabi/4.9.3/../../../../arm-none-eabi/lib/armv7e-m/fpu/libg.a(lib_a-fini.o)
 .debug_frame   0x0000000000000efc       0x34 /Applications/TI/ccsv7/tools/compiler/gcc-arm-none-eabi-4_9-2015q3/bin/../lib/gcc/arm-none-eabi/4.9.3/../../../../arm-none-eabi/lib/armv7e-m/fpu/libg.a(lib_a-__atexit.o)
 .debug_frame   0x0000000000000f30       0x20 /Applications/TI/ccsv7/tools/compiler/gcc-arm-none-eabi-4_9-2015q3/bin/../lib/gcc/arm-none-eabi/4.9.3/../../../../arm-none-eabi/lib/armv7e-m/fpu/libnosys.a(_exit.o)
