Archive member included because of file (symbol)

c:/ti/ccsv7/tools/compiler/gcc-arm-none-eabi-4_9-2015q3/bin/../lib/gcc/arm-none-eabi/4.9.3/../../../../arm-none-eabi/lib/armv7e-m/fpu\libg.a(lib_a-exit.o)
                              c:/ti/ccsv7/tools/compiler/gcc-arm-none-eabi-4_9-2015q3/bin/../lib/gcc/arm-none-eabi/4.9.3/../../../../arm-none-eabi/lib/armv7e-m/fpu/crt0.o (exit)
c:/ti/ccsv7/tools/compiler/gcc-arm-none-eabi-4_9-2015q3/bin/../lib/gcc/arm-none-eabi/4.9.3/../../../../arm-none-eabi/lib/armv7e-m/fpu\libg.a(lib_a-impure.o)
                              c:/ti/ccsv7/tools/compiler/gcc-arm-none-eabi-4_9-2015q3/bin/../lib/gcc/arm-none-eabi/4.9.3/../../../../arm-none-eabi/lib/armv7e-m/fpu\libg.a(lib_a-exit.o) (_global_impure_ptr)
c:/ti/ccsv7/tools/compiler/gcc-arm-none-eabi-4_9-2015q3/bin/../lib/gcc/arm-none-eabi/4.9.3/../../../../arm-none-eabi/lib/armv7e-m/fpu\libg.a(lib_a-init.o)
                              c:/ti/ccsv7/tools/compiler/gcc-arm-none-eabi-4_9-2015q3/bin/../lib/gcc/arm-none-eabi/4.9.3/../../../../arm-none-eabi/lib/armv7e-m/fpu/crt0.o (__libc_init_array)
c:/ti/ccsv7/tools/compiler/gcc-arm-none-eabi-4_9-2015q3/bin/../lib/gcc/arm-none-eabi/4.9.3/../../../../arm-none-eabi/lib/armv7e-m/fpu\libg.a(lib_a-memcpy.o)
                              ./FRT_Library/FreeRTOS/Source/queue.o (memcpy)
c:/ti/ccsv7/tools/compiler/gcc-arm-none-eabi-4_9-2015q3/bin/../lib/gcc/arm-none-eabi/4.9.3/../../../../arm-none-eabi/lib/armv7e-m/fpu\libg.a(lib_a-memset.o)
                              c:/ti/ccsv7/tools/compiler/gcc-arm-none-eabi-4_9-2015q3/bin/../lib/gcc/arm-none-eabi/4.9.3/../../../../arm-none-eabi/lib/armv7e-m/fpu/crt0.o (memset)
c:/ti/ccsv7/tools/compiler/gcc-arm-none-eabi-4_9-2015q3/bin/../lib/gcc/arm-none-eabi/4.9.3/../../../../arm-none-eabi/lib/armv7e-m/fpu\libg.a(lib_a-strncpy.o)
                              ./FRT_Library/FreeRTOS/Source/tasks.o (strncpy)
c:/ti/ccsv7/tools/compiler/gcc-arm-none-eabi-4_9-2015q3/bin/../lib/gcc/arm-none-eabi/4.9.3/../../../../arm-none-eabi/lib/armv7e-m/fpu\libg.a(lib_a-__call_atexit.o)
                              c:/ti/ccsv7/tools/compiler/gcc-arm-none-eabi-4_9-2015q3/bin/../lib/gcc/arm-none-eabi/4.9.3/../../../../arm-none-eabi/lib/armv7e-m/fpu\libg.a(lib_a-exit.o) (__call_exitprocs)
c:/ti/ccsv7/tools/compiler/gcc-arm-none-eabi-4_9-2015q3/bin/../lib/gcc/arm-none-eabi/4.9.3/../../../../arm-none-eabi/lib/armv7e-m/fpu\libg.a(lib_a-atexit.o)
                              c:/ti/ccsv7/tools/compiler/gcc-arm-none-eabi-4_9-2015q3/bin/../lib/gcc/arm-none-eabi/4.9.3/../../../../arm-none-eabi/lib/armv7e-m/fpu\libg.a(lib_a-__call_atexit.o) (atexit)
c:/ti/ccsv7/tools/compiler/gcc-arm-none-eabi-4_9-2015q3/bin/../lib/gcc/arm-none-eabi/4.9.3/../../../../arm-none-eabi/lib/armv7e-m/fpu\libg.a(lib_a-fini.o)
                              c:/ti/ccsv7/tools/compiler/gcc-arm-none-eabi-4_9-2015q3/bin/../lib/gcc/arm-none-eabi/4.9.3/../../../../arm-none-eabi/lib/armv7e-m/fpu\libg.a(lib_a-__call_atexit.o) (__libc_fini_array)
c:/ti/ccsv7/tools/compiler/gcc-arm-none-eabi-4_9-2015q3/bin/../lib/gcc/arm-none-eabi/4.9.3/../../../../arm-none-eabi/lib/armv7e-m/fpu\libg.a(lib_a-__atexit.o)
                              c:/ti/ccsv7/tools/compiler/gcc-arm-none-eabi-4_9-2015q3/bin/../lib/gcc/arm-none-eabi/4.9.3/../../../../arm-none-eabi/lib/armv7e-m/fpu\libg.a(lib_a-atexit.o) (__register_exitproc)
c:/ti/ccsv7/tools/compiler/gcc-arm-none-eabi-4_9-2015q3/bin/../lib/gcc/arm-none-eabi/4.9.3/../../../../arm-none-eabi/lib/armv7e-m/fpu\libnosys.a(_exit.o)
                              c:/ti/ccsv7/tools/compiler/gcc-arm-none-eabi-4_9-2015q3/bin/../lib/gcc/arm-none-eabi/4.9.3/../../../../arm-none-eabi/lib/armv7e-m/fpu\libg.a(lib_a-exit.o) (_exit)

Memory Configuration

Name             Origin             Length             Attributes
FLASH            0x00000000         0x00040000         xr
SRAM             0x20000000         0x00008000         xw
*default*        0x00000000         0xffffffff

Linker script and memory map

LOAD c:/ti/ccsv7/tools/compiler/gcc-arm-none-eabi-4_9-2015q3/bin/../lib/gcc/arm-none-eabi/4.9.3/armv7e-m/fpu/crti.o
LOAD c:/ti/ccsv7/tools/compiler/gcc-arm-none-eabi-4_9-2015q3/bin/../lib/gcc/arm-none-eabi/4.9.3/armv7e-m/fpu/crtbegin.o
LOAD c:/ti/ccsv7/tools/compiler/gcc-arm-none-eabi-4_9-2015q3/bin/../lib/gcc/arm-none-eabi/4.9.3/../../../../arm-none-eabi/lib/armv7e-m/fpu/crt0.o
LOAD ./adc.o
LOAD ./calculator.o
LOAD ./gpio.o
LOAD ./lcd.o
LOAD ./main.o
LOAD ./numpad.o
LOAD ./startup_frt.o
LOAD ./systick_frt.o
LOAD ./FRT_Library/FreeRTOS/Source/croutine.o
LOAD ./FRT_Library/FreeRTOS/Source/list.o
LOAD ./FRT_Library/FreeRTOS/Source/queue.o
LOAD ./FRT_Library/FreeRTOS/Source/tasks.o
LOAD ./FRT_Library/FreeRTOS/Source/portable/GCC/ARM_CM4/common.o
LOAD ./FRT_Library/FreeRTOS/Source/portable/GCC/ARM_CM4/port.o
LOAD ./FRT_Library/FreeRTOS/Source/portable/MemMang/heap_2.o
                0x00000000                PROVIDE (_intvecs_base_address, 0x0)

.intvecs        0x00000000      0x26c
 *(.intvecs)
 .intvecs       0x00000000      0x26c ./startup_frt.o
                0x00000000                g_pfnVectors
                0x20000000                PROVIDE (_vtable_base_address, 0x20000000)

.vtable
 *(.vtable)

.text           0x0000026c     0x28ac
 CREATE_OBJECT_SYMBOLS
 *(.text)
 .text          0x0000026c        0x0 c:/ti/ccsv7/tools/compiler/gcc-arm-none-eabi-4_9-2015q3/bin/../lib/gcc/arm-none-eabi/4.9.3/armv7e-m/fpu/crti.o
 .text          0x0000026c       0x5c c:/ti/ccsv7/tools/compiler/gcc-arm-none-eabi-4_9-2015q3/bin/../lib/gcc/arm-none-eabi/4.9.3/armv7e-m/fpu/crtbegin.o
 .text          0x000002c8       0x74 c:/ti/ccsv7/tools/compiler/gcc-arm-none-eabi-4_9-2015q3/bin/../lib/gcc/arm-none-eabi/4.9.3/../../../../arm-none-eabi/lib/armv7e-m/fpu/crt0.o
                0x000002c8                _start
                0x000002c8                _mainCRTStartup
 .text          0x0000033c        0x0 ./adc.o
 .text          0x0000033c        0x0 ./calculator.o
 .text          0x0000033c        0x0 ./gpio.o
 .text          0x0000033c        0x0 ./lcd.o
 .text          0x0000033c        0x0 ./main.o
 .text          0x0000033c        0x0 ./numpad.o
 .text          0x0000033c        0x0 ./startup_frt.o
 .text          0x0000033c        0x0 ./systick_frt.o
 .text          0x0000033c        0x0 ./FRT_Library/FreeRTOS/Source/croutine.o
 .text          0x0000033c        0x0 ./FRT_Library/FreeRTOS/Source/list.o
 .text          0x0000033c        0x0 ./FRT_Library/FreeRTOS/Source/queue.o
 .text          0x0000033c        0x0 ./FRT_Library/FreeRTOS/Source/tasks.o
 .text          0x0000033c        0x0 ./FRT_Library/FreeRTOS/Source/portable/GCC/ARM_CM4/common.o
 .text          0x0000033c        0x0 ./FRT_Library/FreeRTOS/Source/portable/GCC/ARM_CM4/port.o
 .text          0x0000033c        0x0 ./FRT_Library/FreeRTOS/Source/portable/MemMang/heap_2.o
 .text          0x0000033c        0x0 c:/ti/ccsv7/tools/compiler/gcc-arm-none-eabi-4_9-2015q3/bin/../lib/gcc/arm-none-eabi/4.9.3/../../../../arm-none-eabi/lib/armv7e-m/fpu\libg.a(lib_a-exit.o)
 .text          0x0000033c        0x0 c:/ti/ccsv7/tools/compiler/gcc-arm-none-eabi-4_9-2015q3/bin/../lib/gcc/arm-none-eabi/4.9.3/../../../../arm-none-eabi/lib/armv7e-m/fpu\libg.a(lib_a-impure.o)
 .text          0x0000033c        0x0 c:/ti/ccsv7/tools/compiler/gcc-arm-none-eabi-4_9-2015q3/bin/../lib/gcc/arm-none-eabi/4.9.3/../../../../arm-none-eabi/lib/armv7e-m/fpu\libg.a(lib_a-init.o)
 .text          0x0000033c      0x134 c:/ti/ccsv7/tools/compiler/gcc-arm-none-eabi-4_9-2015q3/bin/../lib/gcc/arm-none-eabi/4.9.3/../../../../arm-none-eabi/lib/armv7e-m/fpu\libg.a(lib_a-memcpy.o)
                0x0000033c                memcpy
 .text          0x00000470        0x0 c:/ti/ccsv7/tools/compiler/gcc-arm-none-eabi-4_9-2015q3/bin/../lib/gcc/arm-none-eabi/4.9.3/../../../../arm-none-eabi/lib/armv7e-m/fpu\libg.a(lib_a-memset.o)
 .text          0x00000470        0x0 c:/ti/ccsv7/tools/compiler/gcc-arm-none-eabi-4_9-2015q3/bin/../lib/gcc/arm-none-eabi/4.9.3/../../../../arm-none-eabi/lib/armv7e-m/fpu\libg.a(lib_a-strncpy.o)
 .text          0x00000470        0x0 c:/ti/ccsv7/tools/compiler/gcc-arm-none-eabi-4_9-2015q3/bin/../lib/gcc/arm-none-eabi/4.9.3/../../../../arm-none-eabi/lib/armv7e-m/fpu\libg.a(lib_a-__call_atexit.o)
 .text          0x00000470        0x0 c:/ti/ccsv7/tools/compiler/gcc-arm-none-eabi-4_9-2015q3/bin/../lib/gcc/arm-none-eabi/4.9.3/../../../../arm-none-eabi/lib/armv7e-m/fpu\libg.a(lib_a-atexit.o)
 .text          0x00000470        0x0 c:/ti/ccsv7/tools/compiler/gcc-arm-none-eabi-4_9-2015q3/bin/../lib/gcc/arm-none-eabi/4.9.3/../../../../arm-none-eabi/lib/armv7e-m/fpu\libg.a(lib_a-fini.o)
 .text          0x00000470        0x0 c:/ti/ccsv7/tools/compiler/gcc-arm-none-eabi-4_9-2015q3/bin/../lib/gcc/arm-none-eabi/4.9.3/../../../../arm-none-eabi/lib/armv7e-m/fpu\libg.a(lib_a-__atexit.o)
 .text          0x00000470        0x0 c:/ti/ccsv7/tools/compiler/gcc-arm-none-eabi-4_9-2015q3/bin/../lib/gcc/arm-none-eabi/4.9.3/../../../../arm-none-eabi/lib/armv7e-m/fpu\libnosys.a(_exit.o)
 .text          0x00000470        0x0 c:/ti/ccsv7/tools/compiler/gcc-arm-none-eabi-4_9-2015q3/bin/../lib/gcc/arm-none-eabi/4.9.3/armv7e-m/fpu/crtend.o
 .text          0x00000470        0x0 c:/ti/ccsv7/tools/compiler/gcc-arm-none-eabi-4_9-2015q3/bin/../lib/gcc/arm-none-eabi/4.9.3/armv7e-m/fpu/crtn.o
 *(.text.*)
 .text.initADC  0x00000470       0x74 ./adc.o
                0x00000470                initADC
 .text.readADC  0x000004e4       0x7c ./adc.o
                0x000004e4                readADC
 .text.setOffset
                0x00000560        0xc ./calculator.o
                0x00000560                setOffset
 .text.setScalefactor
                0x0000056c        0xc ./calculator.o
                0x0000056c                setScalefactor
 .text.result   0x00000578        0xc ./calculator.o
                0x00000578                result
 .text.initGPIO
                0x00000584       0x40 ./gpio.o
                0x00000584                initGPIO
 .text.putChar  0x000005c4       0x10 ./main.o
                0x000005c4                putChar
 .text.setupHardware
                0x000005d4       0x14 ./main.o
 .text.main     0x000005e8       0x3c ./main.o
                0x000005e8                main
 .text.initNumpad
                0x00000624        0xc ./numpad.o
                0x00000624                initNumpad
 .text.readNumpad
                0x00000630       0x14 ./numpad.o
                0x00000630                readNumpad
 .text.ResetISR
                0x00000644       0x68 ./startup_frt.o
                0x00000644                ResetISR
 .text.NmiSR    0x000006ac        0x8 ./startup_frt.o
 .text.FaultISR
                0x000006b4        0x8 ./startup_frt.o
 .text.IntDefaultHandler
                0x000006bc        0x8 ./startup_frt.o
 .text.enable_global_int
                0x000006c4       0x10 ./systick_frt.o
                0x000006c4                enable_global_int
 .text.disable_global_int
                0x000006d4       0x10 ./systick_frt.o
                0x000006d4                disable_global_int
 .text.init_systick
                0x000006e4       0x84 ./systick_frt.o
                0x000006e4                init_systick
 .text.xCoRoutineCreate
                0x00000768       0xcc ./FRT_Library/FreeRTOS/Source/croutine.o
                0x00000768                xCoRoutineCreate
 .text.vCoRoutineAddToDelayedList
                0x00000834       0x84 ./FRT_Library/FreeRTOS/Source/croutine.o
                0x00000834                vCoRoutineAddToDelayedList
 .text.prvCheckPendingReadyList
                0x000008b8       0x8c ./FRT_Library/FreeRTOS/Source/croutine.o
 .text.prvCheckDelayedList
                0x00000944      0x104 ./FRT_Library/FreeRTOS/Source/croutine.o
 .text.vCoRoutineSchedule
                0x00000a48       0xa0 ./FRT_Library/FreeRTOS/Source/croutine.o
                0x00000a48                vCoRoutineSchedule
 .text.prvInitialiseCoRoutineLists
                0x00000ae8       0x68 ./FRT_Library/FreeRTOS/Source/croutine.o
 .text.xCoRoutineRemoveFromEventList
                0x00000b50       0x5c ./FRT_Library/FreeRTOS/Source/croutine.o
                0x00000b50                xCoRoutineRemoveFromEventList
 .text.vListInitialise
                0x00000bac       0x40 ./FRT_Library/FreeRTOS/Source/list.o
                0x00000bac                vListInitialise
 .text.vListInitialiseItem
                0x00000bec       0x18 ./FRT_Library/FreeRTOS/Source/list.o
                0x00000bec                vListInitialiseItem
 .text.vListInsertEnd
                0x00000c04       0x50 ./FRT_Library/FreeRTOS/Source/list.o
                0x00000c04                vListInsertEnd
 .text.vListInsert
                0x00000c54       0x70 ./FRT_Library/FreeRTOS/Source/list.o
                0x00000c54                vListInsert
 .text.vListRemove
                0x00000cc4       0x50 ./FRT_Library/FreeRTOS/Source/list.o
                0x00000cc4                vListRemove
 .text.xQueueCreate
                0x00000d14       0xb8 ./FRT_Library/FreeRTOS/Source/queue.o
                0x00000d14                xQueueCreate
 .text.xQueueCreateMutex
                0x00000dcc       0x78 ./FRT_Library/FreeRTOS/Source/queue.o
                0x00000dcc                xQueueCreateMutex
 .text.xQueueGiveMutexRecursive
                0x00000e44       0x48 ./FRT_Library/FreeRTOS/Source/queue.o
                0x00000e44                xQueueGiveMutexRecursive
 .text.xQueueTakeMutexRecursive
                0x00000e8c       0x50 ./FRT_Library/FreeRTOS/Source/queue.o
                0x00000e8c                xQueueTakeMutexRecursive
 .text.xQueueGenericSend
                0x00000edc      0x10c ./FRT_Library/FreeRTOS/Source/queue.o
                0x00000edc                xQueueGenericSend
 .text.xQueueGenericSendFromISR
                0x00000fe8       0x80 ./FRT_Library/FreeRTOS/Source/queue.o
                0x00000fe8                xQueueGenericSendFromISR
 .text.xQueueGenericReceive
                0x00001068      0x16c ./FRT_Library/FreeRTOS/Source/queue.o
                0x00001068                xQueueGenericReceive
 .text.xQueueReceiveFromISR
                0x000011d4       0x84 ./FRT_Library/FreeRTOS/Source/queue.o
                0x000011d4                xQueueReceiveFromISR
 .text.uxQueueMessagesWaiting
                0x00001258       0x20 ./FRT_Library/FreeRTOS/Source/queue.o
                0x00001258                uxQueueMessagesWaiting
 .text.uxQueueMessagesWaitingFromISR
                0x00001278       0x1c ./FRT_Library/FreeRTOS/Source/queue.o
                0x00001278                uxQueueMessagesWaitingFromISR
 .text.vQueueDelete
                0x00001294       0x20 ./FRT_Library/FreeRTOS/Source/queue.o
                0x00001294                vQueueDelete
 .text.prvCopyDataToQueue
                0x000012b4       0xb8 ./FRT_Library/FreeRTOS/Source/queue.o
 .text.prvCopyDataFromQueue
                0x0000136c       0x4c ./FRT_Library/FreeRTOS/Source/queue.o
 .text.prvUnlockQueue
                0x000013b8       0x98 ./FRT_Library/FreeRTOS/Source/queue.o
 .text.prvIsQueueEmpty
                0x00001450       0x2c ./FRT_Library/FreeRTOS/Source/queue.o
 .text.xQueueIsQueueEmptyFromISR
                0x0000147c       0x28 ./FRT_Library/FreeRTOS/Source/queue.o
                0x0000147c                xQueueIsQueueEmptyFromISR
 .text.prvIsQueueFull
                0x000014a4       0x30 ./FRT_Library/FreeRTOS/Source/queue.o
 .text.xQueueIsQueueFullFromISR
                0x000014d4       0x2c ./FRT_Library/FreeRTOS/Source/queue.o
                0x000014d4                xQueueIsQueueFullFromISR
 .text.xTaskGenericCreate
                0x00001500      0x148 ./FRT_Library/FreeRTOS/Source/tasks.o
                0x00001500                xTaskGenericCreate
 .text.vTaskDelete
                0x00001648       0x98 ./FRT_Library/FreeRTOS/Source/tasks.o
                0x00001648                vTaskDelete
 .text.vTaskDelayUntil
                0x000016e0       0xd0 ./FRT_Library/FreeRTOS/Source/tasks.o
                0x000016e0                vTaskDelayUntil
 .text.vTaskDelay
                0x000017b0       0x8c ./FRT_Library/FreeRTOS/Source/tasks.o
                0x000017b0                vTaskDelay
 .text.uxTaskPriorityGet
                0x0000183c       0x34 ./FRT_Library/FreeRTOS/Source/tasks.o
                0x0000183c                uxTaskPriorityGet
 .text.vTaskPrioritySet
                0x00001870       0xf8 ./FRT_Library/FreeRTOS/Source/tasks.o
                0x00001870                vTaskPrioritySet
 .text.vTaskSuspend
                0x00001968       0x70 ./FRT_Library/FreeRTOS/Source/tasks.o
                0x00001968                vTaskSuspend
 .text.xTaskIsTaskSuspended
                0x000019d8       0x48 ./FRT_Library/FreeRTOS/Source/tasks.o
                0x000019d8                xTaskIsTaskSuspended
 .text.vTaskResume
                0x00001a20       0x90 ./FRT_Library/FreeRTOS/Source/tasks.o
                0x00001a20                vTaskResume
 .text.xTaskResumeFromISR
                0x00001ab0       0xa0 ./FRT_Library/FreeRTOS/Source/tasks.o
                0x00001ab0                xTaskResumeFromISR
 .text.vTaskStartScheduler
                0x00001b50       0x58 ./FRT_Library/FreeRTOS/Source/tasks.o
                0x00001b50                vTaskStartScheduler
 .text.vTaskEndScheduler
                0x00001ba8       0x1c ./FRT_Library/FreeRTOS/Source/tasks.o
                0x00001ba8                vTaskEndScheduler
 .text.vTaskSuspendAll
                0x00001bc4       0x1c ./FRT_Library/FreeRTOS/Source/tasks.o
                0x00001bc4                vTaskSuspendAll
 .text.xTaskResumeAll
                0x00001be0      0x100 ./FRT_Library/FreeRTOS/Source/tasks.o
                0x00001be0                xTaskResumeAll
 .text.xTaskGetTickCount
                0x00001ce0       0x24 ./FRT_Library/FreeRTOS/Source/tasks.o
                0x00001ce0                xTaskGetTickCount
 .text.uxTaskGetNumberOfTasks
                0x00001d04       0x18 ./FRT_Library/FreeRTOS/Source/tasks.o
                0x00001d04                uxTaskGetNumberOfTasks
 .text.vTaskIncrementTick
                0x00001d1c       0xdc ./FRT_Library/FreeRTOS/Source/tasks.o
                0x00001d1c                vTaskIncrementTick
 .text.vTaskSwitchContext
                0x00001df8       0x94 ./FRT_Library/FreeRTOS/Source/tasks.o
                0x00001df8                vTaskSwitchContext
 .text.vTaskPlaceOnEventList
                0x00001e8c       0x98 ./FRT_Library/FreeRTOS/Source/tasks.o
                0x00001e8c                vTaskPlaceOnEventList
 .text.xTaskRemoveFromEventList
                0x00001f24       0xac ./FRT_Library/FreeRTOS/Source/tasks.o
                0x00001f24                xTaskRemoveFromEventList
 .text.vTaskSetTimeOutState
                0x00001fd0       0x2c ./FRT_Library/FreeRTOS/Source/tasks.o
                0x00001fd0                vTaskSetTimeOutState
 .text.xTaskCheckForTimeOut
                0x00001ffc       0x88 ./FRT_Library/FreeRTOS/Source/tasks.o
                0x00001ffc                xTaskCheckForTimeOut
 .text.vTaskMissedYield
                0x00002084       0x18 ./FRT_Library/FreeRTOS/Source/tasks.o
                0x00002084                vTaskMissedYield
 .text.prvIdleTask
                0x0000209c       0x20 ./FRT_Library/FreeRTOS/Source/tasks.o
 .text.prvInitialiseTCBVariables
                0x000020bc       0x6c ./FRT_Library/FreeRTOS/Source/tasks.o
 .text.prvInitialiseTaskLists
                0x00002128       0x7c ./FRT_Library/FreeRTOS/Source/tasks.o
 .text.prvCheckTasksWaitingTermination
                0x000021a4       0x84 ./FRT_Library/FreeRTOS/Source/tasks.o
 .text.prvAllocateTCBAndStack
                0x00002228       0x64 ./FRT_Library/FreeRTOS/Source/tasks.o
 .text.prvDeleteTCB
                0x0000228c       0x20 ./FRT_Library/FreeRTOS/Source/tasks.o
 .text.xTaskGetCurrentTaskHandle
                0x000022ac       0x20 ./FRT_Library/FreeRTOS/Source/tasks.o
                0x000022ac                xTaskGetCurrentTaskHandle
 .text.vTaskPriorityInherit
                0x000022cc       0xa4 ./FRT_Library/FreeRTOS/Source/tasks.o
                0x000022cc                vTaskPriorityInherit
 .text.vTaskPriorityDisinherit
                0x00002370       0x7c ./FRT_Library/FreeRTOS/Source/tasks.o
                0x00002370                vTaskPriorityDisinherit
 .text.vApplicationStackOverflowHook
                0x000023ec       0x2c ./FRT_Library/FreeRTOS/Source/portable/GCC/ARM_CM4/common.o
                0x000023ec                vApplicationStackOverflowHook
 .text.pxPortInitialiseStack
                0x00002418       0x54 ./FRT_Library/FreeRTOS/Source/portable/GCC/ARM_CM4/port.o
                0x00002418                pxPortInitialiseStack
 .text.vPortSVCHandler
                0x0000246c       0x20 ./FRT_Library/FreeRTOS/Source/portable/GCC/ARM_CM4/port.o
                0x0000246c                vPortSVCHandler
 .text.vPortStartFirstTask
                0x0000248c       0x10 ./FRT_Library/FreeRTOS/Source/portable/GCC/ARM_CM4/port.o
                0x0000248c                vPortStartFirstTask
 .text.xPortStartScheduler
                0x0000249c       0x38 ./FRT_Library/FreeRTOS/Source/portable/GCC/ARM_CM4/port.o
                0x0000249c                xPortStartScheduler
 .text.vPortEndScheduler
                0x000024d4        0xc ./FRT_Library/FreeRTOS/Source/portable/GCC/ARM_CM4/port.o
                0x000024d4                vPortEndScheduler
 .text.vPortYieldFromISR
                0x000024e0       0x18 ./FRT_Library/FreeRTOS/Source/portable/GCC/ARM_CM4/port.o
                0x000024e0                vPortYieldFromISR
 .text.vPortEnterCritical
                0x000024f8       0x24 ./FRT_Library/FreeRTOS/Source/portable/GCC/ARM_CM4/port.o
                0x000024f8                vPortEnterCritical
 .text.vPortExitCritical
                0x0000251c       0x2c ./FRT_Library/FreeRTOS/Source/portable/GCC/ARM_CM4/port.o
                0x0000251c                vPortExitCritical
 .text.xPortPendSVHandler
                0x00002548       0x3c ./FRT_Library/FreeRTOS/Source/portable/GCC/ARM_CM4/port.o
                0x00002548                xPortPendSVHandler
 .text.xPortSysTickHandler
                0x00002584       0x30 ./FRT_Library/FreeRTOS/Source/portable/GCC/ARM_CM4/port.o
                0x00002584                xPortSysTickHandler
 .text.prvSetupTimerInterrupt
                0x000025b4       0x24 ./FRT_Library/FreeRTOS/Source/portable/GCC/ARM_CM4/port.o
 .text.pvPortMalloc
                0x000025d8      0x14c ./FRT_Library/FreeRTOS/Source/portable/MemMang/heap_2.o
                0x000025d8                pvPortMalloc
 .text.vPortFree
                0x00002724       0x70 ./FRT_Library/FreeRTOS/Source/portable/MemMang/heap_2.o
                0x00002724                vPortFree
 .text.xPortGetFreeHeapSize
                0x00002794       0x18 ./FRT_Library/FreeRTOS/Source/portable/MemMang/heap_2.o
                0x00002794                xPortGetFreeHeapSize
 .text.vPortInitialiseBlocks
                0x000027ac        0xc ./FRT_Library/FreeRTOS/Source/portable/MemMang/heap_2.o
                0x000027ac                vPortInitialiseBlocks
 .text.exit     0x000027b8       0x20 c:/ti/ccsv7/tools/compiler/gcc-arm-none-eabi-4_9-2015q3/bin/../lib/gcc/arm-none-eabi/4.9.3/../../../../arm-none-eabi/lib/armv7e-m/fpu\libg.a(lib_a-exit.o)
                0x000027b8                exit
 .text.__libc_init_array
                0x000027d8       0x50 c:/ti/ccsv7/tools/compiler/gcc-arm-none-eabi-4_9-2015q3/bin/../lib/gcc/arm-none-eabi/4.9.3/../../../../arm-none-eabi/lib/armv7e-m/fpu\libg.a(lib_a-init.o)
                0x000027d8                __libc_init_array
 .text.memset   0x00002828       0x9c c:/ti/ccsv7/tools/compiler/gcc-arm-none-eabi-4_9-2015q3/bin/../lib/gcc/arm-none-eabi/4.9.3/../../../../arm-none-eabi/lib/armv7e-m/fpu\libg.a(lib_a-memset.o)
                0x00002828                memset
 .text.strncpy  0x000028c4       0x68 c:/ti/ccsv7/tools/compiler/gcc-arm-none-eabi-4_9-2015q3/bin/../lib/gcc/arm-none-eabi/4.9.3/../../../../arm-none-eabi/lib/armv7e-m/fpu\libg.a(lib_a-strncpy.o)
                0x000028c4                strncpy
 .text.startup.register_fini
                0x0000292c       0x14 c:/ti/ccsv7/tools/compiler/gcc-arm-none-eabi-4_9-2015q3/bin/../lib/gcc/arm-none-eabi/4.9.3/../../../../arm-none-eabi/lib/armv7e-m/fpu\libg.a(lib_a-__call_atexit.o)
 .text.__call_exitprocs
                0x00002940       0xd4 c:/ti/ccsv7/tools/compiler/gcc-arm-none-eabi-4_9-2015q3/bin/../lib/gcc/arm-none-eabi/4.9.3/../../../../arm-none-eabi/lib/armv7e-m/fpu\libg.a(lib_a-__call_atexit.o)
                0x00002940                __call_exitprocs
 .text.atexit   0x00002a14        0xc c:/ti/ccsv7/tools/compiler/gcc-arm-none-eabi-4_9-2015q3/bin/../lib/gcc/arm-none-eabi/4.9.3/../../../../arm-none-eabi/lib/armv7e-m/fpu\libg.a(lib_a-atexit.o)
                0x00002a14                atexit
 .text.__libc_fini_array
                0x00002a20       0x2c c:/ti/ccsv7/tools/compiler/gcc-arm-none-eabi-4_9-2015q3/bin/../lib/gcc/arm-none-eabi/4.9.3/../../../../arm-none-eabi/lib/armv7e-m/fpu\libg.a(lib_a-fini.o)
                0x00002a20                __libc_fini_array
 .text.__register_exitproc
                0x00002a4c       0xa4 c:/ti/ccsv7/tools/compiler/gcc-arm-none-eabi-4_9-2015q3/bin/../lib/gcc/arm-none-eabi/4.9.3/../../../../arm-none-eabi/lib/armv7e-m/fpu\libg.a(lib_a-__atexit.o)
                0x00002a4c                __register_exitproc
 .text._exit    0x00002af0        0x4 c:/ti/ccsv7/tools/compiler/gcc-arm-none-eabi-4_9-2015q3/bin/../lib/gcc/arm-none-eabi/4.9.3/../../../../arm-none-eabi/lib/armv7e-m/fpu\libnosys.a(_exit.o)
                0x00002af0                _exit
                0x00002af4                . = ALIGN (0x4)
 *(.ctors)
                0x00002af4                . = ALIGN (0x4)
 *(.dtors)
                0x00002af4                . = ALIGN (0x4)
                0x00002af4                __init_array_start = .
 *(.init_array*)
 .init_array    0x00002af4        0x4 c:/ti/ccsv7/tools/compiler/gcc-arm-none-eabi-4_9-2015q3/bin/../lib/gcc/arm-none-eabi/4.9.3/armv7e-m/fpu/crtbegin.o
 .init_array.00000
                0x00002af8        0x4 c:/ti/ccsv7/tools/compiler/gcc-arm-none-eabi-4_9-2015q3/bin/../lib/gcc/arm-none-eabi/4.9.3/../../../../arm-none-eabi/lib/armv7e-m/fpu\libg.a(lib_a-__call_atexit.o)
                0x00002afc                __init_array_end = .
 *(.init)
 .init          0x00002afc        0x4 c:/ti/ccsv7/tools/compiler/gcc-arm-none-eabi-4_9-2015q3/bin/../lib/gcc/arm-none-eabi/4.9.3/armv7e-m/fpu/crti.o
                0x00002afc                _init
 .init          0x00002b00        0x8 c:/ti/ccsv7/tools/compiler/gcc-arm-none-eabi-4_9-2015q3/bin/../lib/gcc/arm-none-eabi/4.9.3/armv7e-m/fpu/crtn.o
 *(.fini*)
 .fini          0x00002b08        0x4 c:/ti/ccsv7/tools/compiler/gcc-arm-none-eabi-4_9-2015q3/bin/../lib/gcc/arm-none-eabi/4.9.3/armv7e-m/fpu/crti.o
                0x00002b08                _fini
 .fini_array    0x00002b0c        0x4 c:/ti/ccsv7/tools/compiler/gcc-arm-none-eabi-4_9-2015q3/bin/../lib/gcc/arm-none-eabi/4.9.3/armv7e-m/fpu/crtbegin.o
 .fini          0x00002b10        0x8 c:/ti/ccsv7/tools/compiler/gcc-arm-none-eabi-4_9-2015q3/bin/../lib/gcc/arm-none-eabi/4.9.3/armv7e-m/fpu/crtn.o
                0x00002b18                PROVIDE (__etext, .)
                0x00002b18                PROVIDE (_etext, .)
                0x00002b18                PROVIDE (etext, .)

.glue_7         0x00002b18        0x0
 .glue_7        0x00000000        0x0 linker stubs

.glue_7t        0x00002b18        0x0
 .glue_7t       0x00000000        0x0 linker stubs

.vfp11_veneer   0x00002b18        0x0
 .vfp11_veneer  0x00000000        0x0 linker stubs

.v4_bx          0x00002b18        0x0
 .v4_bx         0x00000000        0x0 linker stubs

.iplt           0x00002b18        0x0
 .iplt          0x00000000        0x0 c:/ti/ccsv7/tools/compiler/gcc-arm-none-eabi-4_9-2015q3/bin/../lib/gcc/arm-none-eabi/4.9.3/armv7e-m/fpu/crtbegin.o

.rodata         0x00002b18       0x20
 *(.rodata)
 .rodata        0x00002b18        0x8 ./main.o
 .rodata        0x00002b20        0x5 ./FRT_Library/FreeRTOS/Source/tasks.o
 *(.rodata*)
 *fill*         0x00002b25        0x3 
 .rodata.ulKernelPriority
                0x00002b28        0x4 ./FRT_Library/FreeRTOS/Source/portable/GCC/ARM_CM4/port.o
                0x00002b28                ulKernelPriority
 .rodata.heapSTRUCT_SIZE
                0x00002b2c        0x2 ./FRT_Library/FreeRTOS/Source/portable/MemMang/heap_2.o
 *fill*         0x00002b2e        0x2 
 .rodata.str1.4
                0x00002b30        0x4 c:/ti/ccsv7/tools/compiler/gcc-arm-none-eabi-4_9-2015q3/bin/../lib/gcc/arm-none-eabi/4.9.3/../../../../arm-none-eabi/lib/armv7e-m/fpu\libg.a(lib_a-impure.o)
                                  0x2 (size before relaxing)
 .rodata._global_impure_ptr
                0x00002b34        0x4 c:/ti/ccsv7/tools/compiler/gcc-arm-none-eabi-4_9-2015q3/bin/../lib/gcc/arm-none-eabi/4.9.3/../../../../arm-none-eabi/lib/armv7e-m/fpu\libg.a(lib_a-impure.o)
                0x00002b34                _global_impure_ptr

.eh_frame       0x00002b38        0x4
 .eh_frame      0x00002b38        0x0 c:/ti/ccsv7/tools/compiler/gcc-arm-none-eabi-4_9-2015q3/bin/../lib/gcc/arm-none-eabi/4.9.3/armv7e-m/fpu/crtbegin.o
 .eh_frame      0x00002b38        0x4 c:/ti/ccsv7/tools/compiler/gcc-arm-none-eabi-4_9-2015q3/bin/../lib/gcc/arm-none-eabi/4.9.3/armv7e-m/fpu/crtend.o

.data           0x20000000      0x434 load address 0x00002b3c
                0x00002b3c                __data_load__ = LOADADDR (.data)
                0x20000000                __data_start__ = .
 *(.data)
 .data          0x20000000        0x0 c:/ti/ccsv7/tools/compiler/gcc-arm-none-eabi-4_9-2015q3/bin/../lib/gcc/arm-none-eabi/4.9.3/armv7e-m/fpu/crti.o
 .data          0x20000000        0x4 c:/ti/ccsv7/tools/compiler/gcc-arm-none-eabi-4_9-2015q3/bin/../lib/gcc/arm-none-eabi/4.9.3/armv7e-m/fpu/crtbegin.o
                0x20000000                __dso_handle
 .data          0x20000004        0x0 c:/ti/ccsv7/tools/compiler/gcc-arm-none-eabi-4_9-2015q3/bin/../lib/gcc/arm-none-eabi/4.9.3/../../../../arm-none-eabi/lib/armv7e-m/fpu/crt0.o
 .data          0x20000004        0x0 ./adc.o
 .data          0x20000004        0x0 ./calculator.o
 .data          0x20000004        0x0 ./gpio.o
 .data          0x20000004        0x0 ./lcd.o
 .data          0x20000004        0x0 ./main.o
 .data          0x20000004        0x0 ./numpad.o
 .data          0x20000004        0x0 ./startup_frt.o
 .data          0x20000004        0x0 ./systick_frt.o
 .data          0x20000004        0x0 ./FRT_Library/FreeRTOS/Source/croutine.o
 .data          0x20000004        0x0 ./FRT_Library/FreeRTOS/Source/list.o
 .data          0x20000004        0x0 ./FRT_Library/FreeRTOS/Source/queue.o
 .data          0x20000004        0x0 ./FRT_Library/FreeRTOS/Source/tasks.o
 .data          0x20000004        0x0 ./FRT_Library/FreeRTOS/Source/portable/GCC/ARM_CM4/common.o
 .data          0x20000004        0x0 ./FRT_Library/FreeRTOS/Source/portable/GCC/ARM_CM4/port.o
 .data          0x20000004        0x0 ./FRT_Library/FreeRTOS/Source/portable/MemMang/heap_2.o
 .data          0x20000004        0x0 c:/ti/ccsv7/tools/compiler/gcc-arm-none-eabi-4_9-2015q3/bin/../lib/gcc/arm-none-eabi/4.9.3/../../../../arm-none-eabi/lib/armv7e-m/fpu\libg.a(lib_a-exit.o)
 .data          0x20000004        0x0 c:/ti/ccsv7/tools/compiler/gcc-arm-none-eabi-4_9-2015q3/bin/../lib/gcc/arm-none-eabi/4.9.3/../../../../arm-none-eabi/lib/armv7e-m/fpu\libg.a(lib_a-impure.o)
 .data          0x20000004        0x0 c:/ti/ccsv7/tools/compiler/gcc-arm-none-eabi-4_9-2015q3/bin/../lib/gcc/arm-none-eabi/4.9.3/../../../../arm-none-eabi/lib/armv7e-m/fpu\libg.a(lib_a-init.o)
 .data          0x20000004        0x0 c:/ti/ccsv7/tools/compiler/gcc-arm-none-eabi-4_9-2015q3/bin/../lib/gcc/arm-none-eabi/4.9.3/../../../../arm-none-eabi/lib/armv7e-m/fpu\libg.a(lib_a-memcpy.o)
 .data          0x20000004        0x0 c:/ti/ccsv7/tools/compiler/gcc-arm-none-eabi-4_9-2015q3/bin/../lib/gcc/arm-none-eabi/4.9.3/../../../../arm-none-eabi/lib/armv7e-m/fpu\libg.a(lib_a-memset.o)
 .data          0x20000004        0x0 c:/ti/ccsv7/tools/compiler/gcc-arm-none-eabi-4_9-2015q3/bin/../lib/gcc/arm-none-eabi/4.9.3/../../../../arm-none-eabi/lib/armv7e-m/fpu\libg.a(lib_a-strncpy.o)
 .data          0x20000004        0x0 c:/ti/ccsv7/tools/compiler/gcc-arm-none-eabi-4_9-2015q3/bin/../lib/gcc/arm-none-eabi/4.9.3/../../../../arm-none-eabi/lib/armv7e-m/fpu\libg.a(lib_a-__call_atexit.o)
 .data          0x20000004        0x0 c:/ti/ccsv7/tools/compiler/gcc-arm-none-eabi-4_9-2015q3/bin/../lib/gcc/arm-none-eabi/4.9.3/../../../../arm-none-eabi/lib/armv7e-m/fpu\libg.a(lib_a-atexit.o)
 .data          0x20000004        0x0 c:/ti/ccsv7/tools/compiler/gcc-arm-none-eabi-4_9-2015q3/bin/../lib/gcc/arm-none-eabi/4.9.3/../../../../arm-none-eabi/lib/armv7e-m/fpu\libg.a(lib_a-fini.o)
 .data          0x20000004        0x0 c:/ti/ccsv7/tools/compiler/gcc-arm-none-eabi-4_9-2015q3/bin/../lib/gcc/arm-none-eabi/4.9.3/../../../../arm-none-eabi/lib/armv7e-m/fpu\libg.a(lib_a-__atexit.o)
 .data          0x20000004        0x0 c:/ti/ccsv7/tools/compiler/gcc-arm-none-eabi-4_9-2015q3/bin/../lib/gcc/arm-none-eabi/4.9.3/../../../../arm-none-eabi/lib/armv7e-m/fpu\libnosys.a(_exit.o)
 .data          0x20000004        0x0 c:/ti/ccsv7/tools/compiler/gcc-arm-none-eabi-4_9-2015q3/bin/../lib/gcc/arm-none-eabi/4.9.3/armv7e-m/fpu/crtend.o
 .data          0x20000004        0x0 c:/ti/ccsv7/tools/compiler/gcc-arm-none-eabi-4_9-2015q3/bin/../lib/gcc/arm-none-eabi/4.9.3/armv7e-m/fpu/crtn.o
 *(.data*)
 .data.uxCriticalNesting
                0x20000004        0x4 ./FRT_Library/FreeRTOS/Source/portable/GCC/ARM_CM4/port.o
 .data.impure_data
                0x20000008      0x428 c:/ti/ccsv7/tools/compiler/gcc-arm-none-eabi-4_9-2015q3/bin/../lib/gcc/arm-none-eabi/4.9.3/../../../../arm-none-eabi/lib/armv7e-m/fpu\libg.a(lib_a-impure.o)
 .data._impure_ptr
                0x20000430        0x4 c:/ti/ccsv7/tools/compiler/gcc-arm-none-eabi-4_9-2015q3/bin/../lib/gcc/arm-none-eabi/4.9.3/../../../../arm-none-eabi/lib/armv7e-m/fpu\libg.a(lib_a-impure.o)
                0x20000430                _impure_ptr
                0x20000434                . = ALIGN (0x4)
                0x20000434                __data_end__ = .

.jcr            0x20000434        0x4 load address 0x00002f70
 .jcr           0x20000434        0x0 c:/ti/ccsv7/tools/compiler/gcc-arm-none-eabi-4_9-2015q3/bin/../lib/gcc/arm-none-eabi/4.9.3/armv7e-m/fpu/crtbegin.o
 .jcr           0x20000434        0x4 c:/ti/ccsv7/tools/compiler/gcc-arm-none-eabi-4_9-2015q3/bin/../lib/gcc/arm-none-eabi/4.9.3/armv7e-m/fpu/crtend.o

.igot.plt       0x20000438        0x0 load address 0x00002f74
 .igot.plt      0x00000000        0x0 c:/ti/ccsv7/tools/compiler/gcc-arm-none-eabi-4_9-2015q3/bin/../lib/gcc/arm-none-eabi/4.9.3/armv7e-m/fpu/crtbegin.o

.ARM.exidx      0x00002f74        0x8
                0x00002f74                __exidx_start = .
 *(.ARM.exidx* .gnu.linkonce.armexidx.*)
 .ARM.exidx     0x00002f74        0x8 c:/ti/ccsv7/tools/compiler/gcc-arm-none-eabi-4_9-2015q3/bin/../lib/gcc/arm-none-eabi/4.9.3/../../../../arm-none-eabi/lib/armv7e-m/fpu/crt0.o
                0x00002f7c                __exidx_end = .

.ARM.extab      0x00002f7c        0x0
 *(.ARM.extab* .gnu.linkonce.armextab.*)
 .ARM.extab     0x00002f7c        0x0 c:/ti/ccsv7/tools/compiler/gcc-arm-none-eabi-4_9-2015q3/bin/../lib/gcc/arm-none-eabi/4.9.3/../../../../arm-none-eabi/lib/armv7e-m/fpu/crt0.o

.rel.dyn        0x00002f7c        0x0
 .rel.iplt      0x00000000        0x0 c:/ti/ccsv7/tools/compiler/gcc-arm-none-eabi-4_9-2015q3/bin/../lib/gcc/arm-none-eabi/4.9.3/armv7e-m/fpu/crtbegin.o

.bss            0x20000438     0x1f78
                0x20000438                __bss_start__ = .
 *(.shbss)
 *(.bss)
 .bss           0x20000438        0x0 c:/ti/ccsv7/tools/compiler/gcc-arm-none-eabi-4_9-2015q3/bin/../lib/gcc/arm-none-eabi/4.9.3/armv7e-m/fpu/crti.o
 .bss           0x20000438       0x1c c:/ti/ccsv7/tools/compiler/gcc-arm-none-eabi-4_9-2015q3/bin/../lib/gcc/arm-none-eabi/4.9.3/armv7e-m/fpu/crtbegin.o
 .bss           0x20000454        0x0 c:/ti/ccsv7/tools/compiler/gcc-arm-none-eabi-4_9-2015q3/bin/../lib/gcc/arm-none-eabi/4.9.3/../../../../arm-none-eabi/lib/armv7e-m/fpu/crt0.o
 .bss           0x20000454        0x0 ./adc.o
 .bss           0x20000454        0x0 ./calculator.o
 .bss           0x20000454        0x0 ./gpio.o
 .bss           0x20000454        0x0 ./lcd.o
 .bss           0x20000454        0x0 ./main.o
 .bss           0x20000454        0x0 ./numpad.o
 .bss           0x20000454        0x0 ./startup_frt.o
 .bss           0x20000454        0x0 ./systick_frt.o
 .bss           0x20000454        0x0 ./FRT_Library/FreeRTOS/Source/croutine.o
 .bss           0x20000454        0x0 ./FRT_Library/FreeRTOS/Source/list.o
 .bss           0x20000454        0x0 ./FRT_Library/FreeRTOS/Source/queue.o
 .bss           0x20000454        0x0 ./FRT_Library/FreeRTOS/Source/tasks.o
 .bss           0x20000454        0x0 ./FRT_Library/FreeRTOS/Source/portable/GCC/ARM_CM4/common.o
 .bss           0x20000454        0x0 ./FRT_Library/FreeRTOS/Source/portable/GCC/ARM_CM4/port.o
 .bss           0x20000454        0x0 ./FRT_Library/FreeRTOS/Source/portable/MemMang/heap_2.o
 .bss           0x20000454        0x0 c:/ti/ccsv7/tools/compiler/gcc-arm-none-eabi-4_9-2015q3/bin/../lib/gcc/arm-none-eabi/4.9.3/../../../../arm-none-eabi/lib/armv7e-m/fpu\libg.a(lib_a-exit.o)
 .bss           0x20000454        0x0 c:/ti/ccsv7/tools/compiler/gcc-arm-none-eabi-4_9-2015q3/bin/../lib/gcc/arm-none-eabi/4.9.3/../../../../arm-none-eabi/lib/armv7e-m/fpu\libg.a(lib_a-impure.o)
 .bss           0x20000454        0x0 c:/ti/ccsv7/tools/compiler/gcc-arm-none-eabi-4_9-2015q3/bin/../lib/gcc/arm-none-eabi/4.9.3/../../../../arm-none-eabi/lib/armv7e-m/fpu\libg.a(lib_a-init.o)
 .bss           0x20000454        0x0 c:/ti/ccsv7/tools/compiler/gcc-arm-none-eabi-4_9-2015q3/bin/../lib/gcc/arm-none-eabi/4.9.3/../../../../arm-none-eabi/lib/armv7e-m/fpu\libg.a(lib_a-memcpy.o)
 .bss           0x20000454        0x0 c:/ti/ccsv7/tools/compiler/gcc-arm-none-eabi-4_9-2015q3/bin/../lib/gcc/arm-none-eabi/4.9.3/../../../../arm-none-eabi/lib/armv7e-m/fpu\libg.a(lib_a-memset.o)
 .bss           0x20000454        0x0 c:/ti/ccsv7/tools/compiler/gcc-arm-none-eabi-4_9-2015q3/bin/../lib/gcc/arm-none-eabi/4.9.3/../../../../arm-none-eabi/lib/armv7e-m/fpu\libg.a(lib_a-strncpy.o)
 .bss           0x20000454        0x0 c:/ti/ccsv7/tools/compiler/gcc-arm-none-eabi-4_9-2015q3/bin/../lib/gcc/arm-none-eabi/4.9.3/../../../../arm-none-eabi/lib/armv7e-m/fpu\libg.a(lib_a-__call_atexit.o)
 .bss           0x20000454        0x0 c:/ti/ccsv7/tools/compiler/gcc-arm-none-eabi-4_9-2015q3/bin/../lib/gcc/arm-none-eabi/4.9.3/../../../../arm-none-eabi/lib/armv7e-m/fpu\libg.a(lib_a-atexit.o)
 .bss           0x20000454        0x0 c:/ti/ccsv7/tools/compiler/gcc-arm-none-eabi-4_9-2015q3/bin/../lib/gcc/arm-none-eabi/4.9.3/../../../../arm-none-eabi/lib/armv7e-m/fpu\libg.a(lib_a-fini.o)
 .bss           0x20000454        0x0 c:/ti/ccsv7/tools/compiler/gcc-arm-none-eabi-4_9-2015q3/bin/../lib/gcc/arm-none-eabi/4.9.3/../../../../arm-none-eabi/lib/armv7e-m/fpu\libg.a(lib_a-__atexit.o)
 .bss           0x20000454        0x0 c:/ti/ccsv7/tools/compiler/gcc-arm-none-eabi-4_9-2015q3/bin/../lib/gcc/arm-none-eabi/4.9.3/../../../../arm-none-eabi/lib/armv7e-m/fpu\libnosys.a(_exit.o)
 .bss           0x20000454        0x0 c:/ti/ccsv7/tools/compiler/gcc-arm-none-eabi-4_9-2015q3/bin/../lib/gcc/arm-none-eabi/4.9.3/armv7e-m/fpu/crtend.o
 .bss           0x20000454        0x0 c:/ti/ccsv7/tools/compiler/gcc-arm-none-eabi-4_9-2015q3/bin/../lib/gcc/arm-none-eabi/4.9.3/armv7e-m/fpu/crtn.o
 *(.bss.*)
 .bss.Result.4000
                0x20000454        0x4 ./adc.o
 .bss.pui32Stack
                0x20000458      0x200 ./startup_frt.o
 .bss.pxReadyCoRoutineLists
                0x20000658       0x28 ./FRT_Library/FreeRTOS/Source/croutine.o
 .bss.xDelayedCoRoutineList1
                0x20000680       0x14 ./FRT_Library/FreeRTOS/Source/croutine.o
 .bss.xDelayedCoRoutineList2
                0x20000694       0x14 ./FRT_Library/FreeRTOS/Source/croutine.o
 .bss.pxDelayedCoRoutineList
                0x200006a8        0x4 ./FRT_Library/FreeRTOS/Source/croutine.o
 .bss.pxOverflowDelayedCoRoutineList
                0x200006ac        0x4 ./FRT_Library/FreeRTOS/Source/croutine.o
 .bss.xPendingReadyCoRoutineList
                0x200006b0       0x14 ./FRT_Library/FreeRTOS/Source/croutine.o
 .bss.pxCurrentCoRoutine
                0x200006c4        0x4 ./FRT_Library/FreeRTOS/Source/croutine.o
                0x200006c4                pxCurrentCoRoutine
 .bss.uxTopCoRoutineReadyPriority
                0x200006c8        0x4 ./FRT_Library/FreeRTOS/Source/croutine.o
 .bss.xCoRoutineTickCount
                0x200006cc        0x4 ./FRT_Library/FreeRTOS/Source/croutine.o
 .bss.xLastTickCount
                0x200006d0        0x4 ./FRT_Library/FreeRTOS/Source/croutine.o
 .bss.xPassedTicks
                0x200006d4        0x4 ./FRT_Library/FreeRTOS/Source/croutine.o
 .bss.pxCurrentTCB
                0x200006d8        0x4 ./FRT_Library/FreeRTOS/Source/tasks.o
                0x200006d8                pxCurrentTCB
 .bss.pxReadyTasksLists
                0x200006dc       0xc8 ./FRT_Library/FreeRTOS/Source/tasks.o
 .bss.xDelayedTaskList1
                0x200007a4       0x14 ./FRT_Library/FreeRTOS/Source/tasks.o
 .bss.xDelayedTaskList2
                0x200007b8       0x14 ./FRT_Library/FreeRTOS/Source/tasks.o
 .bss.pxDelayedTaskList
                0x200007cc        0x4 ./FRT_Library/FreeRTOS/Source/tasks.o
 .bss.pxOverflowDelayedTaskList
                0x200007d0        0x4 ./FRT_Library/FreeRTOS/Source/tasks.o
 .bss.xPendingReadyList
                0x200007d4       0x14 ./FRT_Library/FreeRTOS/Source/tasks.o
 .bss.xTasksWaitingTermination
                0x200007e8       0x14 ./FRT_Library/FreeRTOS/Source/tasks.o
 .bss.uxTasksDeleted
                0x200007fc        0x4 ./FRT_Library/FreeRTOS/Source/tasks.o
 .bss.xSuspendedTaskList
                0x20000800       0x14 ./FRT_Library/FreeRTOS/Source/tasks.o
 .bss.uxCurrentNumberOfTasks
                0x20000814        0x4 ./FRT_Library/FreeRTOS/Source/tasks.o
 .bss.xTickCount
                0x20000818        0x4 ./FRT_Library/FreeRTOS/Source/tasks.o
 .bss.uxTopUsedPriority
                0x2000081c        0x4 ./FRT_Library/FreeRTOS/Source/tasks.o
 .bss.uxTopReadyPriority
                0x20000820        0x4 ./FRT_Library/FreeRTOS/Source/tasks.o
 .bss.xSchedulerRunning
                0x20000824        0x4 ./FRT_Library/FreeRTOS/Source/tasks.o
 .bss.uxSchedulerSuspended
                0x20000828        0x4 ./FRT_Library/FreeRTOS/Source/tasks.o
 .bss.uxMissedTicks
                0x2000082c        0x4 ./FRT_Library/FreeRTOS/Source/tasks.o
 .bss.xMissedYield
                0x20000830        0x4 ./FRT_Library/FreeRTOS/Source/tasks.o
 .bss.xNumOfOverflows
                0x20000834        0x4 ./FRT_Library/FreeRTOS/Source/tasks.o
 .bss.uxTaskNumber
                0x20000838        0x4 ./FRT_Library/FreeRTOS/Source/tasks.o
 *fill*         0x2000083c        0x4 
 .bss.xHeap     0x20000840     0x1b58 ./FRT_Library/FreeRTOS/Source/portable/MemMang/heap_2.o
 .bss.xStart    0x20002398        0x8 ./FRT_Library/FreeRTOS/Source/portable/MemMang/heap_2.o
 .bss.xEnd      0x200023a0        0x8 ./FRT_Library/FreeRTOS/Source/portable/MemMang/heap_2.o
 .bss.xFreeBytesRemaining
                0x200023a8        0x4 ./FRT_Library/FreeRTOS/Source/portable/MemMang/heap_2.o
 .bss.xHeapHasBeenInitialised.4521
                0x200023ac        0x4 ./FRT_Library/FreeRTOS/Source/portable/MemMang/heap_2.o
 *(COMMON)
                0x200023b0                . = ALIGN (0x4)
                0x200023b0                __bss_end__ = .

.heap           0x200023b0        0x0
                0x200023b0                __heap_start__ = .
                0x200023b0                end = __heap_start__
                0x200023b0                _end = end
                0x200023b0                __end = end
 *(.heap)
                0x200023b0                __heap_end__ = .
                0x200023b0                __HeapLimit = __heap_end__

.stack          0x200023b0        0x0
                0x200023b0                _stack = .
                0x200023b0                __stack = .
 *(.stack)
START GROUP
LOAD c:/ti/ccsv7/tools/compiler/gcc-arm-none-eabi-4_9-2015q3/bin/../lib/gcc/arm-none-eabi/4.9.3/armv7e-m/fpu\libgcc.a
LOAD c:/ti/ccsv7/tools/compiler/gcc-arm-none-eabi-4_9-2015q3/bin/../lib/gcc/arm-none-eabi/4.9.3/../../../../arm-none-eabi/lib/armv7e-m/fpu\libg.a
LOAD c:/ti/ccsv7/tools/compiler/gcc-arm-none-eabi-4_9-2015q3/bin/../lib/gcc/arm-none-eabi/4.9.3/../../../../arm-none-eabi/lib/armv7e-m/fpu\libc.a
END GROUP
START GROUP
LOAD c:/ti/ccsv7/tools/compiler/gcc-arm-none-eabi-4_9-2015q3/bin/../lib/gcc/arm-none-eabi/4.9.3/armv7e-m/fpu\libgcc.a
LOAD c:/ti/ccsv7/tools/compiler/gcc-arm-none-eabi-4_9-2015q3/bin/../lib/gcc/arm-none-eabi/4.9.3/../../../../arm-none-eabi/lib/armv7e-m/fpu\libc.a
LOAD c:/ti/ccsv7/tools/compiler/gcc-arm-none-eabi-4_9-2015q3/bin/../lib/gcc/arm-none-eabi/4.9.3/../../../../arm-none-eabi/lib/armv7e-m/fpu\libnosys.a
END GROUP
LOAD c:/ti/ccsv7/tools/compiler/gcc-arm-none-eabi-4_9-2015q3/bin/../lib/gcc/arm-none-eabi/4.9.3/armv7e-m/fpu/crtend.o
LOAD c:/ti/ccsv7/tools/compiler/gcc-arm-none-eabi-4_9-2015q3/bin/../lib/gcc/arm-none-eabi/4.9.3/armv7e-m/fpu/crtn.o
OUTPUT(freeRTOS_assignment7.out elf32-littlearm)

.ARM.attributes
                0x00000000       0x30
 .ARM.attributes
                0x00000000       0x22 c:/ti/ccsv7/tools/compiler/gcc-arm-none-eabi-4_9-2015q3/bin/../lib/gcc/arm-none-eabi/4.9.3/armv7e-m/fpu/crti.o
 .ARM.attributes
                0x00000022       0x34 c:/ti/ccsv7/tools/compiler/gcc-arm-none-eabi-4_9-2015q3/bin/../lib/gcc/arm-none-eabi/4.9.3/armv7e-m/fpu/crtbegin.o
 .ARM.attributes
                0x00000056       0x20 c:/ti/ccsv7/tools/compiler/gcc-arm-none-eabi-4_9-2015q3/bin/../lib/gcc/arm-none-eabi/4.9.3/../../../../arm-none-eabi/lib/armv7e-m/fpu/crt0.o
 .ARM.attributes
                0x00000076       0x39 ./adc.o
 .ARM.attributes
                0x000000af       0x39 ./calculator.o
 .ARM.attributes
                0x000000e8       0x39 ./gpio.o
 .ARM.attributes
                0x00000121       0x39 ./lcd.o
 .ARM.attributes
                0x0000015a       0x39 ./main.o
 .ARM.attributes
                0x00000193       0x39 ./numpad.o
 .ARM.attributes
                0x000001cc       0x39 ./startup_frt.o
 .ARM.attributes
                0x00000205       0x39 ./systick_frt.o
 .ARM.attributes
                0x0000023e       0x39 ./FRT_Library/FreeRTOS/Source/croutine.o
 .ARM.attributes
                0x00000277       0x39 ./FRT_Library/FreeRTOS/Source/list.o
 .ARM.attributes
                0x000002b0       0x39 ./FRT_Library/FreeRTOS/Source/queue.o
 .ARM.attributes
                0x000002e9       0x39 ./FRT_Library/FreeRTOS/Source/tasks.o
 .ARM.attributes
                0x00000322       0x39 ./FRT_Library/FreeRTOS/Source/portable/GCC/ARM_CM4/common.o
 .ARM.attributes
                0x0000035b       0x39 ./FRT_Library/FreeRTOS/Source/portable/GCC/ARM_CM4/port.o
 .ARM.attributes
                0x00000394       0x39 ./FRT_Library/FreeRTOS/Source/portable/MemMang/heap_2.o
 .ARM.attributes
                0x000003cd       0x34 c:/ti/ccsv7/tools/compiler/gcc-arm-none-eabi-4_9-2015q3/bin/../lib/gcc/arm-none-eabi/4.9.3/../../../../arm-none-eabi/lib/armv7e-m/fpu\libg.a(lib_a-exit.o)
 .ARM.attributes
                0x00000401       0x34 c:/ti/ccsv7/tools/compiler/gcc-arm-none-eabi-4_9-2015q3/bin/../lib/gcc/arm-none-eabi/4.9.3/../../../../arm-none-eabi/lib/armv7e-m/fpu\libg.a(lib_a-impure.o)
 .ARM.attributes
                0x00000435       0x34 c:/ti/ccsv7/tools/compiler/gcc-arm-none-eabi-4_9-2015q3/bin/../lib/gcc/arm-none-eabi/4.9.3/../../../../arm-none-eabi/lib/armv7e-m/fpu\libg.a(lib_a-init.o)
 .ARM.attributes
                0x00000469       0x20 c:/ti/ccsv7/tools/compiler/gcc-arm-none-eabi-4_9-2015q3/bin/../lib/gcc/arm-none-eabi/4.9.3/../../../../arm-none-eabi/lib/armv7e-m/fpu\libg.a(lib_a-memcpy.o)
 .ARM.attributes
                0x00000489       0x34 c:/ti/ccsv7/tools/compiler/gcc-arm-none-eabi-4_9-2015q3/bin/../lib/gcc/arm-none-eabi/4.9.3/../../../../arm-none-eabi/lib/armv7e-m/fpu\libg.a(lib_a-memset.o)
 .ARM.attributes
                0x000004bd       0x34 c:/ti/ccsv7/tools/compiler/gcc-arm-none-eabi-4_9-2015q3/bin/../lib/gcc/arm-none-eabi/4.9.3/../../../../arm-none-eabi/lib/armv7e-m/fpu\libg.a(lib_a-strncpy.o)
 .ARM.attributes
                0x000004f1       0x34 c:/ti/ccsv7/tools/compiler/gcc-arm-none-eabi-4_9-2015q3/bin/../lib/gcc/arm-none-eabi/4.9.3/../../../../arm-none-eabi/lib/armv7e-m/fpu\libg.a(lib_a-__call_atexit.o)
 .ARM.attributes
                0x00000525       0x34 c:/ti/ccsv7/tools/compiler/gcc-arm-none-eabi-4_9-2015q3/bin/../lib/gcc/arm-none-eabi/4.9.3/../../../../arm-none-eabi/lib/armv7e-m/fpu\libg.a(lib_a-atexit.o)
 .ARM.attributes
                0x00000559       0x34 c:/ti/ccsv7/tools/compiler/gcc-arm-none-eabi-4_9-2015q3/bin/../lib/gcc/arm-none-eabi/4.9.3/../../../../arm-none-eabi/lib/armv7e-m/fpu\libg.a(lib_a-fini.o)
 .ARM.attributes
                0x0000058d       0x34 c:/ti/ccsv7/tools/compiler/gcc-arm-none-eabi-4_9-2015q3/bin/../lib/gcc/arm-none-eabi/4.9.3/../../../../arm-none-eabi/lib/armv7e-m/fpu\libg.a(lib_a-__atexit.o)
 .ARM.attributes
                0x000005c1       0x34 c:/ti/ccsv7/tools/compiler/gcc-arm-none-eabi-4_9-2015q3/bin/../lib/gcc/arm-none-eabi/4.9.3/../../../../arm-none-eabi/lib/armv7e-m/fpu\libnosys.a(_exit.o)
 .ARM.attributes
                0x000005f5       0x34 c:/ti/ccsv7/tools/compiler/gcc-arm-none-eabi-4_9-2015q3/bin/../lib/gcc/arm-none-eabi/4.9.3/armv7e-m/fpu/crtend.o
 .ARM.attributes
                0x00000629       0x22 c:/ti/ccsv7/tools/compiler/gcc-arm-none-eabi-4_9-2015q3/bin/../lib/gcc/arm-none-eabi/4.9.3/armv7e-m/fpu/crtn.o

.comment        0x00000000       0x70
 .comment       0x00000000       0x70 ./adc.o
                                 0x71 (size before relaxing)
 .comment       0x00000000       0x71 ./calculator.o
 .comment       0x00000000       0x71 ./gpio.o
 .comment       0x00000000       0x71 ./lcd.o
 .comment       0x00000000       0x71 ./main.o
 .comment       0x00000000       0x71 ./numpad.o
 .comment       0x00000000       0x71 ./startup_frt.o
 .comment       0x00000000       0x71 ./systick_frt.o
 .comment       0x00000000       0x71 ./FRT_Library/FreeRTOS/Source/croutine.o
 .comment       0x00000000       0x71 ./FRT_Library/FreeRTOS/Source/list.o
 .comment       0x00000000       0x71 ./FRT_Library/FreeRTOS/Source/queue.o
 .comment       0x00000000       0x71 ./FRT_Library/FreeRTOS/Source/tasks.o
 .comment       0x00000000       0x71 ./FRT_Library/FreeRTOS/Source/portable/GCC/ARM_CM4/common.o
 .comment       0x00000000       0x71 ./FRT_Library/FreeRTOS/Source/portable/GCC/ARM_CM4/port.o
 .comment       0x00000000       0x71 ./FRT_Library/FreeRTOS/Source/portable/MemMang/heap_2.o

.debug_info     0x00000000     0x265b
 .debug_info    0x00000000       0xdb ./adc.o
 .debug_info    0x000000db       0xb0 ./calculator.o
 .debug_info    0x0000018b       0xa4 ./gpio.o
 .debug_info    0x0000022f       0x72 ./lcd.o
 .debug_info    0x000002a1       0xc0 ./main.o
 .debug_info    0x00000361       0xa5 ./numpad.o
 .debug_info    0x00000406      0x176 ./startup_frt.o
 .debug_info    0x0000057c       0xc6 ./systick_frt.o
 .debug_info    0x00000642      0x479 ./FRT_Library/FreeRTOS/Source/croutine.o
 .debug_info    0x00000abb      0x28d ./FRT_Library/FreeRTOS/Source/list.o
 .debug_info    0x00000d48      0x789 ./FRT_Library/FreeRTOS/Source/queue.o
 .debug_info    0x000014d1      0xc6e ./FRT_Library/FreeRTOS/Source/tasks.o
 .debug_info    0x0000213f       0xa4 ./FRT_Library/FreeRTOS/Source/portable/GCC/ARM_CM4/common.o
 .debug_info    0x000021e3      0x1ca ./FRT_Library/FreeRTOS/Source/portable/GCC/ARM_CM4/port.o
 .debug_info    0x000023ad      0x2ae ./FRT_Library/FreeRTOS/Source/portable/MemMang/heap_2.o

.debug_abbrev   0x00000000      0xade
 .debug_abbrev  0x00000000       0x98 ./adc.o
 .debug_abbrev  0x00000098       0x3d ./calculator.o
 .debug_abbrev  0x000000d5       0x5b ./gpio.o
 .debug_abbrev  0x00000130       0x26 ./lcd.o
 .debug_abbrev  0x00000156       0x69 ./main.o
 .debug_abbrev  0x000001bf       0x6c ./numpad.o
 .debug_abbrev  0x0000022b       0xca ./startup_frt.o
 .debug_abbrev  0x000002f5       0x4a ./systick_frt.o
 .debug_abbrev  0x0000033f      0x175 ./FRT_Library/FreeRTOS/Source/croutine.o
 .debug_abbrev  0x000004b4       0xb6 ./FRT_Library/FreeRTOS/Source/list.o
 .debug_abbrev  0x0000056a      0x140 ./FRT_Library/FreeRTOS/Source/queue.o
 .debug_abbrev  0x000006aa      0x16f ./FRT_Library/FreeRTOS/Source/tasks.o
 .debug_abbrev  0x00000819       0x6d ./FRT_Library/FreeRTOS/Source/portable/GCC/ARM_CM4/common.o
 .debug_abbrev  0x00000886       0xfc ./FRT_Library/FreeRTOS/Source/portable/GCC/ARM_CM4/port.o
 .debug_abbrev  0x00000982      0x15c ./FRT_Library/FreeRTOS/Source/portable/MemMang/heap_2.o

.debug_aranges  0x00000000      0x468
 .debug_aranges
                0x00000000       0x28 ./adc.o
 .debug_aranges
                0x00000028       0x30 ./calculator.o
 .debug_aranges
                0x00000058       0x20 ./gpio.o
 .debug_aranges
                0x00000078       0x18 ./lcd.o
 .debug_aranges
                0x00000090       0x30 ./main.o
 .debug_aranges
                0x000000c0       0x28 ./numpad.o
 .debug_aranges
                0x000000e8       0x38 ./startup_frt.o
 .debug_aranges
                0x00000120       0x30 ./systick_frt.o
 .debug_aranges
                0x00000150       0x50 ./FRT_Library/FreeRTOS/Source/croutine.o
 .debug_aranges
                0x000001a0       0x40 ./FRT_Library/FreeRTOS/Source/list.o
 .debug_aranges
                0x000001e0       0xa8 ./FRT_Library/FreeRTOS/Source/queue.o
 .debug_aranges
                0x00000288      0x118 ./FRT_Library/FreeRTOS/Source/tasks.o
 .debug_aranges
                0x000003a0       0x20 ./FRT_Library/FreeRTOS/Source/portable/GCC/ARM_CM4/common.o
 .debug_aranges
                0x000003c0       0x70 ./FRT_Library/FreeRTOS/Source/portable/GCC/ARM_CM4/port.o
 .debug_aranges
                0x00000430       0x38 ./FRT_Library/FreeRTOS/Source/portable/MemMang/heap_2.o

.debug_ranges   0x00000000      0x370
 .debug_ranges  0x00000000       0x18 ./adc.o
 .debug_ranges  0x00000018       0x20 ./calculator.o
 .debug_ranges  0x00000038       0x10 ./gpio.o
 .debug_ranges  0x00000048       0x20 ./main.o
 .debug_ranges  0x00000068       0x18 ./numpad.o
 .debug_ranges  0x00000080       0x28 ./startup_frt.o
 .debug_ranges  0x000000a8       0x20 ./systick_frt.o
 .debug_ranges  0x000000c8       0x40 ./FRT_Library/FreeRTOS/Source/croutine.o
 .debug_ranges  0x00000108       0x30 ./FRT_Library/FreeRTOS/Source/list.o
 .debug_ranges  0x00000138       0x98 ./FRT_Library/FreeRTOS/Source/queue.o
 .debug_ranges  0x000001d0      0x108 ./FRT_Library/FreeRTOS/Source/tasks.o
 .debug_ranges  0x000002d8       0x10 ./FRT_Library/FreeRTOS/Source/portable/GCC/ARM_CM4/common.o
 .debug_ranges  0x000002e8       0x60 ./FRT_Library/FreeRTOS/Source/portable/GCC/ARM_CM4/port.o
 .debug_ranges  0x00000348       0x28 ./FRT_Library/FreeRTOS/Source/portable/MemMang/heap_2.o

.debug_line     0x00000000     0x17c7
 .debug_line    0x00000000      0x12b ./adc.o
 .debug_line    0x0000012b       0x60 ./calculator.o
 .debug_line    0x0000018b      0x108 ./gpio.o
 .debug_line    0x00000293       0x1d ./lcd.o
 .debug_line    0x000002b0       0x63 ./main.o
 .debug_line    0x00000313       0x4d ./numpad.o
 .debug_line    0x00000360      0x147 ./startup_frt.o
 .debug_line    0x000004a7      0x135 ./systick_frt.o
 .debug_line    0x000005dc      0x251 ./FRT_Library/FreeRTOS/Source/croutine.o
 .debug_line    0x0000082d      0x1c2 ./FRT_Library/FreeRTOS/Source/list.o
 .debug_line    0x000009ef      0x3d9 ./FRT_Library/FreeRTOS/Source/queue.o
 .debug_line    0x00000dc8      0x59e ./FRT_Library/FreeRTOS/Source/tasks.o
 .debug_line    0x00001366       0xeb ./FRT_Library/FreeRTOS/Source/portable/GCC/ARM_CM4/common.o
 .debug_line    0x00001451      0x23a ./FRT_Library/FreeRTOS/Source/portable/GCC/ARM_CM4/port.o
 .debug_line    0x0000168b      0x13c ./FRT_Library/FreeRTOS/Source/portable/MemMang/heap_2.o

.debug_str      0x00000000     0x1398
 .debug_str     0x00000000      0x1af ./adc.o
                                0x1ec (size before relaxing)
 .debug_str     0x000001af       0x3d ./calculator.o
                                0x1f5 (size before relaxing)
 .debug_str     0x000001ec       0x19 ./gpio.o
                                0x1e5 (size before relaxing)
 .debug_str     0x00000205        0x9 ./lcd.o
                                0x1ce (size before relaxing)
 .debug_str     0x0000020e       0x2e ./main.o
                                0x1f3 (size before relaxing)
 .debug_str     0x0000023c       0x22 ./numpad.o
                                0x1da (size before relaxing)
 .debug_str     0x0000025e       0x90 ./startup_frt.o
                                0x265 (size before relaxing)
 .debug_str     0x000002ee       0x43 ./systick_frt.o
                                0x21c (size before relaxing)
 .debug_str     0x00000331      0x35a ./FRT_Library/FreeRTOS/Source/croutine.o
                                0x4ec (size before relaxing)
 .debug_str     0x0000068b       0xb9 ./FRT_Library/FreeRTOS/Source/list.o
                                0x31d (size before relaxing)
 .debug_str     0x00000744      0x36a ./FRT_Library/FreeRTOS/Source/queue.o
                                0x5ec (size before relaxing)
 .debug_str     0x00000aae      0x5e4 ./FRT_Library/FreeRTOS/Source/tasks.o
                                0x90d (size before relaxing)
 .debug_str     0x00001092       0x5b ./FRT_Library/FreeRTOS/Source/portable/GCC/ARM_CM4/common.o
                                0x1fd (size before relaxing)
 .debug_str     0x000010ed      0x142 ./FRT_Library/FreeRTOS/Source/portable/GCC/ARM_CM4/port.o
                                0x2f9 (size before relaxing)
 .debug_str     0x0000122f      0x169 ./FRT_Library/FreeRTOS/Source/portable/MemMang/heap_2.o
                                0x348 (size before relaxing)

.debug_frame    0x00000000      0xf90
 .debug_frame   0x00000000       0x4c ./adc.o
 .debug_frame   0x0000004c       0x70 ./calculator.o
 .debug_frame   0x000000bc       0x38 ./gpio.o
 .debug_frame   0x000000f4       0x70 ./main.o
 .debug_frame   0x00000164       0x58 ./numpad.o
 .debug_frame   0x000001bc       0x7c ./startup_frt.o
 .debug_frame   0x00000238       0x70 ./systick_frt.o
 .debug_frame   0x000002a8      0x10c ./FRT_Library/FreeRTOS/Source/croutine.o
 .debug_frame   0x000003b4       0xd8 ./FRT_Library/FreeRTOS/Source/list.o
 .debug_frame   0x0000048c      0x2ac ./FRT_Library/FreeRTOS/Source/queue.o
 .debug_frame   0x00000738      0x494 ./FRT_Library/FreeRTOS/Source/tasks.o
 .debug_frame   0x00000bcc       0x30 ./FRT_Library/FreeRTOS/Source/portable/GCC/ARM_CM4/common.o
 .debug_frame   0x00000bfc      0x148 ./FRT_Library/FreeRTOS/Source/portable/GCC/ARM_CM4/port.o
 .debug_frame   0x00000d44       0x98 ./FRT_Library/FreeRTOS/Source/portable/MemMang/heap_2.o
 .debug_frame   0x00000ddc       0x28 c:/ti/ccsv7/tools/compiler/gcc-arm-none-eabi-4_9-2015q3/bin/../lib/gcc/arm-none-eabi/4.9.3/../../../../arm-none-eabi/lib/armv7e-m/fpu\libg.a(lib_a-exit.o)
 .debug_frame   0x00000e04       0x2c c:/ti/ccsv7/tools/compiler/gcc-arm-none-eabi-4_9-2015q3/bin/../lib/gcc/arm-none-eabi/4.9.3/../../../../arm-none-eabi/lib/armv7e-m/fpu\libg.a(lib_a-init.o)
 .debug_frame   0x00000e30       0x34 c:/ti/ccsv7/tools/compiler/gcc-arm-none-eabi-4_9-2015q3/bin/../lib/gcc/arm-none-eabi/4.9.3/../../../../arm-none-eabi/lib/armv7e-m/fpu\libg.a(lib_a-memset.o)
 .debug_frame   0x00000e64       0x34 c:/ti/ccsv7/tools/compiler/gcc-arm-none-eabi-4_9-2015q3/bin/../lib/gcc/arm-none-eabi/4.9.3/../../../../arm-none-eabi/lib/armv7e-m/fpu\libg.a(lib_a-strncpy.o)
 .debug_frame   0x00000e98       0x50 c:/ti/ccsv7/tools/compiler/gcc-arm-none-eabi-4_9-2015q3/bin/../lib/gcc/arm-none-eabi/4.9.3/../../../../arm-none-eabi/lib/armv7e-m/fpu\libg.a(lib_a-__call_atexit.o)
 .debug_frame   0x00000ee8       0x20 c:/ti/ccsv7/tools/compiler/gcc-arm-none-eabi-4_9-2015q3/bin/../lib/gcc/arm-none-eabi/4.9.3/../../../../arm-none-eabi/lib/armv7e-m/fpu\libg.a(lib_a-atexit.o)
 .debug_frame   0x00000f08       0x34 c:/ti/ccsv7/tools/compiler/gcc-arm-none-eabi-4_9-2015q3/bin/../lib/gcc/arm-none-eabi/4.9.3/../../../../arm-none-eabi/lib/armv7e-m/fpu\libg.a(lib_a-fini.o)
 .debug_frame   0x00000f3c       0x34 c:/ti/ccsv7/tools/compiler/gcc-arm-none-eabi-4_9-2015q3/bin/../lib/gcc/arm-none-eabi/4.9.3/../../../../arm-none-eabi/lib/armv7e-m/fpu\libg.a(lib_a-__atexit.o)
 .debug_frame   0x00000f70       0x20 c:/ti/ccsv7/tools/compiler/gcc-arm-none-eabi-4_9-2015q3/bin/../lib/gcc/arm-none-eabi/4.9.3/../../../../arm-none-eabi/lib/armv7e-m/fpu\libnosys.a(_exit.o)
