Archive member included because of file (symbol)

/Applications/TI/ccsv7/tools/compiler/gcc-arm-none-eabi-4_9-2015q3/bin/../lib/gcc/arm-none-eabi/4.9.3/../../../../arm-none-eabi/lib/armv7e-m/fpu/libg.a(lib_a-exit.o)
                              /Applications/TI/ccsv7/tools/compiler/gcc-arm-none-eabi-4_9-2015q3/bin/../lib/gcc/arm-none-eabi/4.9.3/../../../../arm-none-eabi/lib/armv7e-m/fpu/crt0.o (exit)
/Applications/TI/ccsv7/tools/compiler/gcc-arm-none-eabi-4_9-2015q3/bin/../lib/gcc/arm-none-eabi/4.9.3/../../../../arm-none-eabi/lib/armv7e-m/fpu/libg.a(lib_a-impure.o)
                              /Applications/TI/ccsv7/tools/compiler/gcc-arm-none-eabi-4_9-2015q3/bin/../lib/gcc/arm-none-eabi/4.9.3/../../../../arm-none-eabi/lib/armv7e-m/fpu/libg.a(lib_a-exit.o) (_global_impure_ptr)
/Applications/TI/ccsv7/tools/compiler/gcc-arm-none-eabi-4_9-2015q3/bin/../lib/gcc/arm-none-eabi/4.9.3/../../../../arm-none-eabi/lib/armv7e-m/fpu/libg.a(lib_a-init.o)
                              /Applications/TI/ccsv7/tools/compiler/gcc-arm-none-eabi-4_9-2015q3/bin/../lib/gcc/arm-none-eabi/4.9.3/../../../../arm-none-eabi/lib/armv7e-m/fpu/crt0.o (__libc_init_array)
/Applications/TI/ccsv7/tools/compiler/gcc-arm-none-eabi-4_9-2015q3/bin/../lib/gcc/arm-none-eabi/4.9.3/../../../../arm-none-eabi/lib/armv7e-m/fpu/libg.a(lib_a-memcpy.o)
                              ./FRT_Library/FreeRTOS/Source/queue.o (memcpy)
/Applications/TI/ccsv7/tools/compiler/gcc-arm-none-eabi-4_9-2015q3/bin/../lib/gcc/arm-none-eabi/4.9.3/../../../../arm-none-eabi/lib/armv7e-m/fpu/libg.a(lib_a-memset.o)
                              /Applications/TI/ccsv7/tools/compiler/gcc-arm-none-eabi-4_9-2015q3/bin/../lib/gcc/arm-none-eabi/4.9.3/../../../../arm-none-eabi/lib/armv7e-m/fpu/crt0.o (memset)
/Applications/TI/ccsv7/tools/compiler/gcc-arm-none-eabi-4_9-2015q3/bin/../lib/gcc/arm-none-eabi/4.9.3/../../../../arm-none-eabi/lib/armv7e-m/fpu/libg.a(lib_a-strncpy.o)
                              ./FRT_Library/FreeRTOS/Source/tasks.o (strncpy)
/Applications/TI/ccsv7/tools/compiler/gcc-arm-none-eabi-4_9-2015q3/bin/../lib/gcc/arm-none-eabi/4.9.3/../../../../arm-none-eabi/lib/armv7e-m/fpu/libg.a(lib_a-__call_atexit.o)
                              /Applications/TI/ccsv7/tools/compiler/gcc-arm-none-eabi-4_9-2015q3/bin/../lib/gcc/arm-none-eabi/4.9.3/../../../../arm-none-eabi/lib/armv7e-m/fpu/libg.a(lib_a-exit.o) (__call_exitprocs)
/Applications/TI/ccsv7/tools/compiler/gcc-arm-none-eabi-4_9-2015q3/bin/../lib/gcc/arm-none-eabi/4.9.3/../../../../arm-none-eabi/lib/armv7e-m/fpu/libg.a(lib_a-atexit.o)
                              /Applications/TI/ccsv7/tools/compiler/gcc-arm-none-eabi-4_9-2015q3/bin/../lib/gcc/arm-none-eabi/4.9.3/../../../../arm-none-eabi/lib/armv7e-m/fpu/libg.a(lib_a-__call_atexit.o) (atexit)
/Applications/TI/ccsv7/tools/compiler/gcc-arm-none-eabi-4_9-2015q3/bin/../lib/gcc/arm-none-eabi/4.9.3/../../../../arm-none-eabi/lib/armv7e-m/fpu/libg.a(lib_a-fini.o)
                              /Applications/TI/ccsv7/tools/compiler/gcc-arm-none-eabi-4_9-2015q3/bin/../lib/gcc/arm-none-eabi/4.9.3/../../../../arm-none-eabi/lib/armv7e-m/fpu/libg.a(lib_a-__call_atexit.o) (__libc_fini_array)
/Applications/TI/ccsv7/tools/compiler/gcc-arm-none-eabi-4_9-2015q3/bin/../lib/gcc/arm-none-eabi/4.9.3/../../../../arm-none-eabi/lib/armv7e-m/fpu/libg.a(lib_a-__atexit.o)
                              /Applications/TI/ccsv7/tools/compiler/gcc-arm-none-eabi-4_9-2015q3/bin/../lib/gcc/arm-none-eabi/4.9.3/../../../../arm-none-eabi/lib/armv7e-m/fpu/libg.a(lib_a-atexit.o) (__register_exitproc)
/Applications/TI/ccsv7/tools/compiler/gcc-arm-none-eabi-4_9-2015q3/bin/../lib/gcc/arm-none-eabi/4.9.3/../../../../arm-none-eabi/lib/armv7e-m/fpu/libnosys.a(_exit.o)
                              /Applications/TI/ccsv7/tools/compiler/gcc-arm-none-eabi-4_9-2015q3/bin/../lib/gcc/arm-none-eabi/4.9.3/../../../../arm-none-eabi/lib/armv7e-m/fpu/libg.a(lib_a-exit.o) (_exit)

Allocating common symbols
Common symbol       size              file

lcd_display_buffer  0x20              ./lcd.o

Memory Configuration

Name             Origin             Length             Attributes
FLASH            0x0000000000000000 0x0000000000040000 xr
SRAM             0x0000000020000000 0x0000000000008000 xw
*default*        0x0000000000000000 0xffffffffffffffff

Linker script and memory map

LOAD /Applications/TI/ccsv7/tools/compiler/gcc-arm-none-eabi-4_9-2015q3/bin/../lib/gcc/arm-none-eabi/4.9.3/armv7e-m/fpu/crti.o
LOAD /Applications/TI/ccsv7/tools/compiler/gcc-arm-none-eabi-4_9-2015q3/bin/../lib/gcc/arm-none-eabi/4.9.3/armv7e-m/fpu/crtbegin.o
LOAD /Applications/TI/ccsv7/tools/compiler/gcc-arm-none-eabi-4_9-2015q3/bin/../lib/gcc/arm-none-eabi/4.9.3/../../../../arm-none-eabi/lib/armv7e-m/fpu/crt0.o
LOAD ./adc.o
LOAD ./gpio.o
LOAD ./lcd.o
LOAD ./main.o
LOAD ./numpad.o
LOAD ./startup_frt.o
LOAD ./systick_frt.o
LOAD ./FRT_Library/FreeRTOS/Source/croutine.o
LOAD ./FRT_Library/FreeRTOS/Source/list.o
LOAD ./FRT_Library/FreeRTOS/Source/queue.o
LOAD ./FRT_Library/FreeRTOS/Source/tasks.o
LOAD ./FRT_Library/FreeRTOS/Source/portable/GCC/ARM_CM4/common.o
LOAD ./FRT_Library/FreeRTOS/Source/portable/GCC/ARM_CM4/port.o
LOAD ./FRT_Library/FreeRTOS/Source/portable/MemMang/heap_2.o
                0x0000000000000000                PROVIDE (_intvecs_base_address, 0x0)

.intvecs        0x0000000000000000      0x26c
 *(.intvecs)
 .intvecs       0x0000000000000000      0x26c ./startup_frt.o
                0x0000000000000000                g_pfnVectors
                0x0000000020000000                PROVIDE (_vtable_base_address, 0x20000000)

.vtable
 *(.vtable)

.text           0x000000000000026c     0x2e70
 CREATE_OBJECT_SYMBOLS
 *(.text)
 .text          0x000000000000026c        0x0 /Applications/TI/ccsv7/tools/compiler/gcc-arm-none-eabi-4_9-2015q3/bin/../lib/gcc/arm-none-eabi/4.9.3/armv7e-m/fpu/crti.o
 .text          0x000000000000026c       0x5c /Applications/TI/ccsv7/tools/compiler/gcc-arm-none-eabi-4_9-2015q3/bin/../lib/gcc/arm-none-eabi/4.9.3/armv7e-m/fpu/crtbegin.o
 .text          0x00000000000002c8       0x74 /Applications/TI/ccsv7/tools/compiler/gcc-arm-none-eabi-4_9-2015q3/bin/../lib/gcc/arm-none-eabi/4.9.3/../../../../arm-none-eabi/lib/armv7e-m/fpu/crt0.o
                0x00000000000002c8                _mainCRTStartup
                0x00000000000002c8                _start
 .text          0x000000000000033c        0x0 ./adc.o
 .text          0x000000000000033c        0x0 ./gpio.o
 .text          0x000000000000033c        0x0 ./lcd.o
 .text          0x000000000000033c        0x0 ./main.o
 .text          0x000000000000033c        0x0 ./numpad.o
 .text          0x000000000000033c        0x0 ./startup_frt.o
 .text          0x000000000000033c        0x0 ./systick_frt.o
 .text          0x000000000000033c        0x0 ./FRT_Library/FreeRTOS/Source/croutine.o
 .text          0x000000000000033c        0x0 ./FRT_Library/FreeRTOS/Source/list.o
 .text          0x000000000000033c        0x0 ./FRT_Library/FreeRTOS/Source/queue.o
 .text          0x000000000000033c        0x0 ./FRT_Library/FreeRTOS/Source/tasks.o
 .text          0x000000000000033c        0x0 ./FRT_Library/FreeRTOS/Source/portable/GCC/ARM_CM4/common.o
 .text          0x000000000000033c        0x0 ./FRT_Library/FreeRTOS/Source/portable/GCC/ARM_CM4/port.o
 .text          0x000000000000033c        0x0 ./FRT_Library/FreeRTOS/Source/portable/MemMang/heap_2.o
 .text          0x000000000000033c        0x0 /Applications/TI/ccsv7/tools/compiler/gcc-arm-none-eabi-4_9-2015q3/bin/../lib/gcc/arm-none-eabi/4.9.3/../../../../arm-none-eabi/lib/armv7e-m/fpu/libg.a(lib_a-exit.o)
 .text          0x000000000000033c        0x0 /Applications/TI/ccsv7/tools/compiler/gcc-arm-none-eabi-4_9-2015q3/bin/../lib/gcc/arm-none-eabi/4.9.3/../../../../arm-none-eabi/lib/armv7e-m/fpu/libg.a(lib_a-impure.o)
 .text          0x000000000000033c        0x0 /Applications/TI/ccsv7/tools/compiler/gcc-arm-none-eabi-4_9-2015q3/bin/../lib/gcc/arm-none-eabi/4.9.3/../../../../arm-none-eabi/lib/armv7e-m/fpu/libg.a(lib_a-init.o)
 .text          0x000000000000033c      0x134 /Applications/TI/ccsv7/tools/compiler/gcc-arm-none-eabi-4_9-2015q3/bin/../lib/gcc/arm-none-eabi/4.9.3/../../../../arm-none-eabi/lib/armv7e-m/fpu/libg.a(lib_a-memcpy.o)
                0x000000000000033c                memcpy
 .text          0x0000000000000470        0x0 /Applications/TI/ccsv7/tools/compiler/gcc-arm-none-eabi-4_9-2015q3/bin/../lib/gcc/arm-none-eabi/4.9.3/../../../../arm-none-eabi/lib/armv7e-m/fpu/libg.a(lib_a-memset.o)
 .text          0x0000000000000470        0x0 /Applications/TI/ccsv7/tools/compiler/gcc-arm-none-eabi-4_9-2015q3/bin/../lib/gcc/arm-none-eabi/4.9.3/../../../../arm-none-eabi/lib/armv7e-m/fpu/libg.a(lib_a-strncpy.o)
 .text          0x0000000000000470        0x0 /Applications/TI/ccsv7/tools/compiler/gcc-arm-none-eabi-4_9-2015q3/bin/../lib/gcc/arm-none-eabi/4.9.3/../../../../arm-none-eabi/lib/armv7e-m/fpu/libg.a(lib_a-__call_atexit.o)
 .text          0x0000000000000470        0x0 /Applications/TI/ccsv7/tools/compiler/gcc-arm-none-eabi-4_9-2015q3/bin/../lib/gcc/arm-none-eabi/4.9.3/../../../../arm-none-eabi/lib/armv7e-m/fpu/libg.a(lib_a-atexit.o)
 .text          0x0000000000000470        0x0 /Applications/TI/ccsv7/tools/compiler/gcc-arm-none-eabi-4_9-2015q3/bin/../lib/gcc/arm-none-eabi/4.9.3/../../../../arm-none-eabi/lib/armv7e-m/fpu/libg.a(lib_a-fini.o)
 .text          0x0000000000000470        0x0 /Applications/TI/ccsv7/tools/compiler/gcc-arm-none-eabi-4_9-2015q3/bin/../lib/gcc/arm-none-eabi/4.9.3/../../../../arm-none-eabi/lib/armv7e-m/fpu/libg.a(lib_a-__atexit.o)
 .text          0x0000000000000470        0x0 /Applications/TI/ccsv7/tools/compiler/gcc-arm-none-eabi-4_9-2015q3/bin/../lib/gcc/arm-none-eabi/4.9.3/../../../../arm-none-eabi/lib/armv7e-m/fpu/libnosys.a(_exit.o)
 .text          0x0000000000000470        0x0 /Applications/TI/ccsv7/tools/compiler/gcc-arm-none-eabi-4_9-2015q3/bin/../lib/gcc/arm-none-eabi/4.9.3/armv7e-m/fpu/crtend.o
 .text          0x0000000000000470        0x0 /Applications/TI/ccsv7/tools/compiler/gcc-arm-none-eabi-4_9-2015q3/bin/../lib/gcc/arm-none-eabi/4.9.3/armv7e-m/fpu/crtn.o
 *(.text.*)
 .text.initADC  0x0000000000000470       0x74 ./adc.o
                0x0000000000000470                initADC
 .text.readADC  0x00000000000004e4       0x7c ./adc.o
                0x00000000000004e4                readADC
 .text.initGPIO
                0x0000000000000560       0x40 ./gpio.o
                0x0000000000000560                initGPIO
 .text.dispLCD  0x00000000000005a0       0x14 ./lcd.o
                0x00000000000005a0                dispLCD
 .text.delay_us
                0x00000000000005b4       0x64 ./lcd.o
                0x00000000000005b4                delay_us
 .text.lcd_RS   0x0000000000000618       0x38 ./lcd.o
                0x0000000000000618                lcd_RS
 .text.lcd_E    0x0000000000000650       0x38 ./lcd.o
                0x0000000000000650                lcd_E
 .text.lcd_write_nibble
                0x0000000000000688       0xa8 ./lcd.o
                0x0000000000000688                lcd_write_nibble
 .text.lcd_write_instruction
                0x0000000000000730       0x38 ./lcd.o
                0x0000000000000730                lcd_write_instruction
 .text.lcd_write_data
                0x0000000000000768       0x38 ./lcd.o
                0x0000000000000768                lcd_write_data
 .text.lcd_set_cursor
                0x00000000000007a0       0x38 ./lcd.o
                0x00000000000007a0                lcd_set_cursor
 .text.lcd_write_line
                0x00000000000007d8       0x34 ./lcd.o
                0x00000000000007d8                lcd_write_line
 .text.lcd_clear
                0x000000000000080c       0x14 ./lcd.o
                0x000000000000080c                lcd_clear
 .text.lcd_set_custom_font
                0x0000000000000820       0x6c ./lcd.o
                0x0000000000000820                lcd_set_custom_font
 .text.lcd_set_custom_font_eq
                0x000000000000088c      0x18c ./lcd.o
                0x000000000000088c                lcd_set_custom_font_eq
 .text.lcd_write_buffer
                0x0000000000000a18       0x54 ./lcd.o
                0x0000000000000a18                lcd_write_buffer
 .text.initLCD  0x0000000000000a6c       0xd0 ./lcd.o
                0x0000000000000a6c                initLCD
 .text.putChar  0x0000000000000b3c       0x10 ./main.o
                0x0000000000000b3c                putChar
 .text.setupHardware
                0x0000000000000b4c       0x18 ./main.o
 .text.main     0x0000000000000b64       0x84 ./main.o
                0x0000000000000b64                main
 .text.initNumpad
                0x0000000000000be8        0xc ./numpad.o
                0x0000000000000be8                initNumpad
 .text.readNumpad
                0x0000000000000bf4       0x14 ./numpad.o
                0x0000000000000bf4                readNumpad
 .text.ResetISR
                0x0000000000000c08       0x68 ./startup_frt.o
                0x0000000000000c08                ResetISR
 .text.NmiSR    0x0000000000000c70        0x8 ./startup_frt.o
 .text.FaultISR
                0x0000000000000c78        0x8 ./startup_frt.o
 .text.IntDefaultHandler
                0x0000000000000c80        0x8 ./startup_frt.o
 .text.enable_global_int
                0x0000000000000c88       0x10 ./systick_frt.o
                0x0000000000000c88                enable_global_int
 .text.disable_global_int
                0x0000000000000c98       0x10 ./systick_frt.o
                0x0000000000000c98                disable_global_int
 .text.init_systick
                0x0000000000000ca8       0x84 ./systick_frt.o
                0x0000000000000ca8                init_systick
 .text.xCoRoutineCreate
                0x0000000000000d2c       0xcc ./FRT_Library/FreeRTOS/Source/croutine.o
                0x0000000000000d2c                xCoRoutineCreate
 .text.vCoRoutineAddToDelayedList
                0x0000000000000df8       0x84 ./FRT_Library/FreeRTOS/Source/croutine.o
                0x0000000000000df8                vCoRoutineAddToDelayedList
 .text.prvCheckPendingReadyList
                0x0000000000000e7c       0x8c ./FRT_Library/FreeRTOS/Source/croutine.o
 .text.prvCheckDelayedList
                0x0000000000000f08      0x104 ./FRT_Library/FreeRTOS/Source/croutine.o
 .text.vCoRoutineSchedule
                0x000000000000100c       0xa0 ./FRT_Library/FreeRTOS/Source/croutine.o
                0x000000000000100c                vCoRoutineSchedule
 .text.prvInitialiseCoRoutineLists
                0x00000000000010ac       0x68 ./FRT_Library/FreeRTOS/Source/croutine.o
 .text.xCoRoutineRemoveFromEventList
                0x0000000000001114       0x5c ./FRT_Library/FreeRTOS/Source/croutine.o
                0x0000000000001114                xCoRoutineRemoveFromEventList
 .text.vListInitialise
                0x0000000000001170       0x40 ./FRT_Library/FreeRTOS/Source/list.o
                0x0000000000001170                vListInitialise
 .text.vListInitialiseItem
                0x00000000000011b0       0x18 ./FRT_Library/FreeRTOS/Source/list.o
                0x00000000000011b0                vListInitialiseItem
 .text.vListInsertEnd
                0x00000000000011c8       0x50 ./FRT_Library/FreeRTOS/Source/list.o
                0x00000000000011c8                vListInsertEnd
 .text.vListInsert
                0x0000000000001218       0x70 ./FRT_Library/FreeRTOS/Source/list.o
                0x0000000000001218                vListInsert
 .text.vListRemove
                0x0000000000001288       0x50 ./FRT_Library/FreeRTOS/Source/list.o
                0x0000000000001288                vListRemove
 .text.xQueueCreate
                0x00000000000012d8       0xb8 ./FRT_Library/FreeRTOS/Source/queue.o
                0x00000000000012d8                xQueueCreate
 .text.xQueueCreateMutex
                0x0000000000001390       0x78 ./FRT_Library/FreeRTOS/Source/queue.o
                0x0000000000001390                xQueueCreateMutex
 .text.xQueueGiveMutexRecursive
                0x0000000000001408       0x48 ./FRT_Library/FreeRTOS/Source/queue.o
                0x0000000000001408                xQueueGiveMutexRecursive
 .text.xQueueTakeMutexRecursive
                0x0000000000001450       0x50 ./FRT_Library/FreeRTOS/Source/queue.o
                0x0000000000001450                xQueueTakeMutexRecursive
 .text.xQueueGenericSend
                0x00000000000014a0      0x10c ./FRT_Library/FreeRTOS/Source/queue.o
                0x00000000000014a0                xQueueGenericSend
 .text.xQueueGenericSendFromISR
                0x00000000000015ac       0x80 ./FRT_Library/FreeRTOS/Source/queue.o
                0x00000000000015ac                xQueueGenericSendFromISR
 .text.xQueueGenericReceive
                0x000000000000162c      0x16c ./FRT_Library/FreeRTOS/Source/queue.o
                0x000000000000162c                xQueueGenericReceive
 .text.xQueueReceiveFromISR
                0x0000000000001798       0x84 ./FRT_Library/FreeRTOS/Source/queue.o
                0x0000000000001798                xQueueReceiveFromISR
 .text.uxQueueMessagesWaiting
                0x000000000000181c       0x20 ./FRT_Library/FreeRTOS/Source/queue.o
                0x000000000000181c                uxQueueMessagesWaiting
 .text.uxQueueMessagesWaitingFromISR
                0x000000000000183c       0x1c ./FRT_Library/FreeRTOS/Source/queue.o
                0x000000000000183c                uxQueueMessagesWaitingFromISR
 .text.vQueueDelete
                0x0000000000001858       0x20 ./FRT_Library/FreeRTOS/Source/queue.o
                0x0000000000001858                vQueueDelete
 .text.prvCopyDataToQueue
                0x0000000000001878       0xb8 ./FRT_Library/FreeRTOS/Source/queue.o
 .text.prvCopyDataFromQueue
                0x0000000000001930       0x4c ./FRT_Library/FreeRTOS/Source/queue.o
 .text.prvUnlockQueue
                0x000000000000197c       0x98 ./FRT_Library/FreeRTOS/Source/queue.o
 .text.prvIsQueueEmpty
                0x0000000000001a14       0x2c ./FRT_Library/FreeRTOS/Source/queue.o
 .text.xQueueIsQueueEmptyFromISR
                0x0000000000001a40       0x28 ./FRT_Library/FreeRTOS/Source/queue.o
                0x0000000000001a40                xQueueIsQueueEmptyFromISR
 .text.prvIsQueueFull
                0x0000000000001a68       0x30 ./FRT_Library/FreeRTOS/Source/queue.o
 .text.xQueueIsQueueFullFromISR
                0x0000000000001a98       0x2c ./FRT_Library/FreeRTOS/Source/queue.o
                0x0000000000001a98                xQueueIsQueueFullFromISR
 .text.xTaskGenericCreate
                0x0000000000001ac4      0x148 ./FRT_Library/FreeRTOS/Source/tasks.o
                0x0000000000001ac4                xTaskGenericCreate
 .text.vTaskDelete
                0x0000000000001c0c       0x98 ./FRT_Library/FreeRTOS/Source/tasks.o
                0x0000000000001c0c                vTaskDelete
 .text.vTaskDelayUntil
                0x0000000000001ca4       0xd0 ./FRT_Library/FreeRTOS/Source/tasks.o
                0x0000000000001ca4                vTaskDelayUntil
 .text.vTaskDelay
                0x0000000000001d74       0x8c ./FRT_Library/FreeRTOS/Source/tasks.o
                0x0000000000001d74                vTaskDelay
 .text.uxTaskPriorityGet
                0x0000000000001e00       0x34 ./FRT_Library/FreeRTOS/Source/tasks.o
                0x0000000000001e00                uxTaskPriorityGet
 .text.vTaskPrioritySet
                0x0000000000001e34       0xf8 ./FRT_Library/FreeRTOS/Source/tasks.o
                0x0000000000001e34                vTaskPrioritySet
 .text.vTaskSuspend
                0x0000000000001f2c       0x70 ./FRT_Library/FreeRTOS/Source/tasks.o
                0x0000000000001f2c                vTaskSuspend
 .text.xTaskIsTaskSuspended
                0x0000000000001f9c       0x48 ./FRT_Library/FreeRTOS/Source/tasks.o
                0x0000000000001f9c                xTaskIsTaskSuspended
 .text.vTaskResume
                0x0000000000001fe4       0x90 ./FRT_Library/FreeRTOS/Source/tasks.o
                0x0000000000001fe4                vTaskResume
 .text.xTaskResumeFromISR
                0x0000000000002074       0xa0 ./FRT_Library/FreeRTOS/Source/tasks.o
                0x0000000000002074                xTaskResumeFromISR
 .text.vTaskStartScheduler
                0x0000000000002114       0x58 ./FRT_Library/FreeRTOS/Source/tasks.o
                0x0000000000002114                vTaskStartScheduler
 .text.vTaskEndScheduler
                0x000000000000216c       0x1c ./FRT_Library/FreeRTOS/Source/tasks.o
                0x000000000000216c                vTaskEndScheduler
 .text.vTaskSuspendAll
                0x0000000000002188       0x1c ./FRT_Library/FreeRTOS/Source/tasks.o
                0x0000000000002188                vTaskSuspendAll
 .text.xTaskResumeAll
                0x00000000000021a4      0x100 ./FRT_Library/FreeRTOS/Source/tasks.o
                0x00000000000021a4                xTaskResumeAll
 .text.xTaskGetTickCount
                0x00000000000022a4       0x24 ./FRT_Library/FreeRTOS/Source/tasks.o
                0x00000000000022a4                xTaskGetTickCount
 .text.uxTaskGetNumberOfTasks
                0x00000000000022c8       0x18 ./FRT_Library/FreeRTOS/Source/tasks.o
                0x00000000000022c8                uxTaskGetNumberOfTasks
 .text.vTaskIncrementTick
                0x00000000000022e0       0xdc ./FRT_Library/FreeRTOS/Source/tasks.o
                0x00000000000022e0                vTaskIncrementTick
 .text.vTaskSwitchContext
                0x00000000000023bc       0x94 ./FRT_Library/FreeRTOS/Source/tasks.o
                0x00000000000023bc                vTaskSwitchContext
 .text.vTaskPlaceOnEventList
                0x0000000000002450       0x98 ./FRT_Library/FreeRTOS/Source/tasks.o
                0x0000000000002450                vTaskPlaceOnEventList
 .text.xTaskRemoveFromEventList
                0x00000000000024e8       0xac ./FRT_Library/FreeRTOS/Source/tasks.o
                0x00000000000024e8                xTaskRemoveFromEventList
 .text.vTaskSetTimeOutState
                0x0000000000002594       0x2c ./FRT_Library/FreeRTOS/Source/tasks.o
                0x0000000000002594                vTaskSetTimeOutState
 .text.xTaskCheckForTimeOut
                0x00000000000025c0       0x88 ./FRT_Library/FreeRTOS/Source/tasks.o
                0x00000000000025c0                xTaskCheckForTimeOut
 .text.vTaskMissedYield
                0x0000000000002648       0x18 ./FRT_Library/FreeRTOS/Source/tasks.o
                0x0000000000002648                vTaskMissedYield
 .text.prvIdleTask
                0x0000000000002660       0x20 ./FRT_Library/FreeRTOS/Source/tasks.o
 .text.prvInitialiseTCBVariables
                0x0000000000002680       0x6c ./FRT_Library/FreeRTOS/Source/tasks.o
 .text.prvInitialiseTaskLists
                0x00000000000026ec       0x7c ./FRT_Library/FreeRTOS/Source/tasks.o
 .text.prvCheckTasksWaitingTermination
                0x0000000000002768       0x84 ./FRT_Library/FreeRTOS/Source/tasks.o
 .text.prvAllocateTCBAndStack
                0x00000000000027ec       0x64 ./FRT_Library/FreeRTOS/Source/tasks.o
 .text.prvDeleteTCB
                0x0000000000002850       0x20 ./FRT_Library/FreeRTOS/Source/tasks.o
 .text.xTaskGetCurrentTaskHandle
                0x0000000000002870       0x20 ./FRT_Library/FreeRTOS/Source/tasks.o
                0x0000000000002870                xTaskGetCurrentTaskHandle
 .text.vTaskPriorityInherit
                0x0000000000002890       0xa4 ./FRT_Library/FreeRTOS/Source/tasks.o
                0x0000000000002890                vTaskPriorityInherit
 .text.vTaskPriorityDisinherit
                0x0000000000002934       0x7c ./FRT_Library/FreeRTOS/Source/tasks.o
                0x0000000000002934                vTaskPriorityDisinherit
 .text.vApplicationStackOverflowHook
                0x00000000000029b0       0x2c ./FRT_Library/FreeRTOS/Source/portable/GCC/ARM_CM4/common.o
                0x00000000000029b0                vApplicationStackOverflowHook
 .text.pxPortInitialiseStack
                0x00000000000029dc       0x54 ./FRT_Library/FreeRTOS/Source/portable/GCC/ARM_CM4/port.o
                0x00000000000029dc                pxPortInitialiseStack
 .text.vPortSVCHandler
                0x0000000000002a30       0x20 ./FRT_Library/FreeRTOS/Source/portable/GCC/ARM_CM4/port.o
                0x0000000000002a30                vPortSVCHandler
 .text.vPortStartFirstTask
                0x0000000000002a50       0x10 ./FRT_Library/FreeRTOS/Source/portable/GCC/ARM_CM4/port.o
                0x0000000000002a50                vPortStartFirstTask
 .text.xPortStartScheduler
                0x0000000000002a60       0x38 ./FRT_Library/FreeRTOS/Source/portable/GCC/ARM_CM4/port.o
                0x0000000000002a60                xPortStartScheduler
 .text.vPortEndScheduler
                0x0000000000002a98        0xc ./FRT_Library/FreeRTOS/Source/portable/GCC/ARM_CM4/port.o
                0x0000000000002a98                vPortEndScheduler
 .text.vPortYieldFromISR
                0x0000000000002aa4       0x18 ./FRT_Library/FreeRTOS/Source/portable/GCC/ARM_CM4/port.o
                0x0000000000002aa4                vPortYieldFromISR
 .text.vPortEnterCritical
                0x0000000000002abc       0x24 ./FRT_Library/FreeRTOS/Source/portable/GCC/ARM_CM4/port.o
                0x0000000000002abc                vPortEnterCritical
 .text.vPortExitCritical
                0x0000000000002ae0       0x2c ./FRT_Library/FreeRTOS/Source/portable/GCC/ARM_CM4/port.o
                0x0000000000002ae0                vPortExitCritical
 .text.xPortPendSVHandler
                0x0000000000002b0c       0x3c ./FRT_Library/FreeRTOS/Source/portable/GCC/ARM_CM4/port.o
                0x0000000000002b0c                xPortPendSVHandler
 .text.xPortSysTickHandler
                0x0000000000002b48       0x30 ./FRT_Library/FreeRTOS/Source/portable/GCC/ARM_CM4/port.o
                0x0000000000002b48                xPortSysTickHandler
 .text.prvSetupTimerInterrupt
                0x0000000000002b78       0x24 ./FRT_Library/FreeRTOS/Source/portable/GCC/ARM_CM4/port.o
 .text.pvPortMalloc
                0x0000000000002b9c      0x14c ./FRT_Library/FreeRTOS/Source/portable/MemMang/heap_2.o
                0x0000000000002b9c                pvPortMalloc
 .text.vPortFree
                0x0000000000002ce8       0x70 ./FRT_Library/FreeRTOS/Source/portable/MemMang/heap_2.o
                0x0000000000002ce8                vPortFree
 .text.xPortGetFreeHeapSize
                0x0000000000002d58       0x18 ./FRT_Library/FreeRTOS/Source/portable/MemMang/heap_2.o
                0x0000000000002d58                xPortGetFreeHeapSize
 .text.vPortInitialiseBlocks
                0x0000000000002d70        0xc ./FRT_Library/FreeRTOS/Source/portable/MemMang/heap_2.o
                0x0000000000002d70                vPortInitialiseBlocks
 .text.exit     0x0000000000002d7c       0x20 /Applications/TI/ccsv7/tools/compiler/gcc-arm-none-eabi-4_9-2015q3/bin/../lib/gcc/arm-none-eabi/4.9.3/../../../../arm-none-eabi/lib/armv7e-m/fpu/libg.a(lib_a-exit.o)
                0x0000000000002d7c                exit
 .text.__libc_init_array
                0x0000000000002d9c       0x50 /Applications/TI/ccsv7/tools/compiler/gcc-arm-none-eabi-4_9-2015q3/bin/../lib/gcc/arm-none-eabi/4.9.3/../../../../arm-none-eabi/lib/armv7e-m/fpu/libg.a(lib_a-init.o)
                0x0000000000002d9c                __libc_init_array
 .text.memset   0x0000000000002dec       0x9c /Applications/TI/ccsv7/tools/compiler/gcc-arm-none-eabi-4_9-2015q3/bin/../lib/gcc/arm-none-eabi/4.9.3/../../../../arm-none-eabi/lib/armv7e-m/fpu/libg.a(lib_a-memset.o)
                0x0000000000002dec                memset
 .text.strncpy  0x0000000000002e88       0x68 /Applications/TI/ccsv7/tools/compiler/gcc-arm-none-eabi-4_9-2015q3/bin/../lib/gcc/arm-none-eabi/4.9.3/../../../../arm-none-eabi/lib/armv7e-m/fpu/libg.a(lib_a-strncpy.o)
                0x0000000000002e88                strncpy
 .text.startup.register_fini
                0x0000000000002ef0       0x14 /Applications/TI/ccsv7/tools/compiler/gcc-arm-none-eabi-4_9-2015q3/bin/../lib/gcc/arm-none-eabi/4.9.3/../../../../arm-none-eabi/lib/armv7e-m/fpu/libg.a(lib_a-__call_atexit.o)
 .text.__call_exitprocs
                0x0000000000002f04       0xd4 /Applications/TI/ccsv7/tools/compiler/gcc-arm-none-eabi-4_9-2015q3/bin/../lib/gcc/arm-none-eabi/4.9.3/../../../../arm-none-eabi/lib/armv7e-m/fpu/libg.a(lib_a-__call_atexit.o)
                0x0000000000002f04                __call_exitprocs
 .text.atexit   0x0000000000002fd8        0xc /Applications/TI/ccsv7/tools/compiler/gcc-arm-none-eabi-4_9-2015q3/bin/../lib/gcc/arm-none-eabi/4.9.3/../../../../arm-none-eabi/lib/armv7e-m/fpu/libg.a(lib_a-atexit.o)
                0x0000000000002fd8                atexit
 .text.__libc_fini_array
                0x0000000000002fe4       0x2c /Applications/TI/ccsv7/tools/compiler/gcc-arm-none-eabi-4_9-2015q3/bin/../lib/gcc/arm-none-eabi/4.9.3/../../../../arm-none-eabi/lib/armv7e-m/fpu/libg.a(lib_a-fini.o)
                0x0000000000002fe4                __libc_fini_array
 .text.__register_exitproc
                0x0000000000003010       0xa4 /Applications/TI/ccsv7/tools/compiler/gcc-arm-none-eabi-4_9-2015q3/bin/../lib/gcc/arm-none-eabi/4.9.3/../../../../arm-none-eabi/lib/armv7e-m/fpu/libg.a(lib_a-__atexit.o)
                0x0000000000003010                __register_exitproc
 .text._exit    0x00000000000030b4        0x4 /Applications/TI/ccsv7/tools/compiler/gcc-arm-none-eabi-4_9-2015q3/bin/../lib/gcc/arm-none-eabi/4.9.3/../../../../arm-none-eabi/lib/armv7e-m/fpu/libnosys.a(_exit.o)
                0x00000000000030b4                _exit
                0x00000000000030b8                . = ALIGN (0x4)
 *(.ctors)
                0x00000000000030b8                . = ALIGN (0x4)
 *(.dtors)
                0x00000000000030b8                . = ALIGN (0x4)
                0x00000000000030b8                __init_array_start = .
 *(.init_array*)
 .init_array    0x00000000000030b8        0x4 /Applications/TI/ccsv7/tools/compiler/gcc-arm-none-eabi-4_9-2015q3/bin/../lib/gcc/arm-none-eabi/4.9.3/armv7e-m/fpu/crtbegin.o
 .init_array.00000
                0x00000000000030bc        0x4 /Applications/TI/ccsv7/tools/compiler/gcc-arm-none-eabi-4_9-2015q3/bin/../lib/gcc/arm-none-eabi/4.9.3/../../../../arm-none-eabi/lib/armv7e-m/fpu/libg.a(lib_a-__call_atexit.o)
                0x00000000000030c0                __init_array_end = .
 *(.init)
 .init          0x00000000000030c0        0x4 /Applications/TI/ccsv7/tools/compiler/gcc-arm-none-eabi-4_9-2015q3/bin/../lib/gcc/arm-none-eabi/4.9.3/armv7e-m/fpu/crti.o
                0x00000000000030c0                _init
 .init          0x00000000000030c4        0x8 /Applications/TI/ccsv7/tools/compiler/gcc-arm-none-eabi-4_9-2015q3/bin/../lib/gcc/arm-none-eabi/4.9.3/armv7e-m/fpu/crtn.o
 *(.fini*)
 .fini          0x00000000000030cc        0x4 /Applications/TI/ccsv7/tools/compiler/gcc-arm-none-eabi-4_9-2015q3/bin/../lib/gcc/arm-none-eabi/4.9.3/armv7e-m/fpu/crti.o
                0x00000000000030cc                _fini
 .fini_array    0x00000000000030d0        0x4 /Applications/TI/ccsv7/tools/compiler/gcc-arm-none-eabi-4_9-2015q3/bin/../lib/gcc/arm-none-eabi/4.9.3/armv7e-m/fpu/crtbegin.o
 .fini          0x00000000000030d4        0x8 /Applications/TI/ccsv7/tools/compiler/gcc-arm-none-eabi-4_9-2015q3/bin/../lib/gcc/arm-none-eabi/4.9.3/armv7e-m/fpu/crtn.o
                0x00000000000030dc                PROVIDE (__etext, .)
                0x00000000000030dc                PROVIDE (_etext, .)
                0x00000000000030dc                PROVIDE (etext, .)

.glue_7         0x00000000000030dc        0x0
 .glue_7        0x0000000000000000        0x0 linker stubs

.glue_7t        0x00000000000030dc        0x0
 .glue_7t       0x0000000000000000        0x0 linker stubs

.vfp11_veneer   0x00000000000030dc        0x0
 .vfp11_veneer  0x0000000000000000        0x0 linker stubs

.v4_bx          0x00000000000030dc        0x0
 .v4_bx         0x0000000000000000        0x0 linker stubs

.iplt           0x00000000000030dc        0x0
 .iplt          0x0000000000000000        0x0 /Applications/TI/ccsv7/tools/compiler/gcc-arm-none-eabi-4_9-2015q3/bin/../lib/gcc/arm-none-eabi/4.9.3/armv7e-m/fpu/crtbegin.o

.rodata         0x00000000000030dc       0x34
 *(.rodata)
 .rodata        0x00000000000030dc       0x1c ./main.o
 .rodata        0x00000000000030f8        0x5 ./FRT_Library/FreeRTOS/Source/tasks.o
 *(.rodata*)
 *fill*         0x00000000000030fd        0x3 
 .rodata.ulKernelPriority
                0x0000000000003100        0x4 ./FRT_Library/FreeRTOS/Source/portable/GCC/ARM_CM4/port.o
                0x0000000000003100                ulKernelPriority
 .rodata.heapSTRUCT_SIZE
                0x0000000000003104        0x2 ./FRT_Library/FreeRTOS/Source/portable/MemMang/heap_2.o
 *fill*         0x0000000000003106        0x2 
 .rodata.str1.4
                0x0000000000003108        0x4 /Applications/TI/ccsv7/tools/compiler/gcc-arm-none-eabi-4_9-2015q3/bin/../lib/gcc/arm-none-eabi/4.9.3/../../../../arm-none-eabi/lib/armv7e-m/fpu/libg.a(lib_a-impure.o)
                                          0x2 (size before relaxing)
 .rodata._global_impure_ptr
                0x000000000000310c        0x4 /Applications/TI/ccsv7/tools/compiler/gcc-arm-none-eabi-4_9-2015q3/bin/../lib/gcc/arm-none-eabi/4.9.3/../../../../arm-none-eabi/lib/armv7e-m/fpu/libg.a(lib_a-impure.o)
                0x000000000000310c                _global_impure_ptr

.eh_frame       0x0000000000003110        0x4
 .eh_frame      0x0000000000003110        0x0 /Applications/TI/ccsv7/tools/compiler/gcc-arm-none-eabi-4_9-2015q3/bin/../lib/gcc/arm-none-eabi/4.9.3/armv7e-m/fpu/crtbegin.o
 .eh_frame      0x0000000000003110        0x4 /Applications/TI/ccsv7/tools/compiler/gcc-arm-none-eabi-4_9-2015q3/bin/../lib/gcc/arm-none-eabi/4.9.3/armv7e-m/fpu/crtend.o

.data           0x0000000020000000      0x434 load address 0x0000000000003114
                0x0000000000003114                __data_load__ = LOADADDR (.data)
                0x0000000020000000                __data_start__ = .
 *(.data)
 .data          0x0000000020000000        0x0 /Applications/TI/ccsv7/tools/compiler/gcc-arm-none-eabi-4_9-2015q3/bin/../lib/gcc/arm-none-eabi/4.9.3/armv7e-m/fpu/crti.o
 .data          0x0000000020000000        0x4 /Applications/TI/ccsv7/tools/compiler/gcc-arm-none-eabi-4_9-2015q3/bin/../lib/gcc/arm-none-eabi/4.9.3/armv7e-m/fpu/crtbegin.o
                0x0000000020000000                __dso_handle
 .data          0x0000000020000004        0x0 /Applications/TI/ccsv7/tools/compiler/gcc-arm-none-eabi-4_9-2015q3/bin/../lib/gcc/arm-none-eabi/4.9.3/../../../../arm-none-eabi/lib/armv7e-m/fpu/crt0.o
 .data          0x0000000020000004        0x0 ./adc.o
 .data          0x0000000020000004        0x0 ./gpio.o
 .data          0x0000000020000004        0x0 ./lcd.o
 .data          0x0000000020000004        0x0 ./main.o
 .data          0x0000000020000004        0x0 ./numpad.o
 .data          0x0000000020000004        0x0 ./startup_frt.o
 .data          0x0000000020000004        0x0 ./systick_frt.o
 .data          0x0000000020000004        0x0 ./FRT_Library/FreeRTOS/Source/croutine.o
 .data          0x0000000020000004        0x0 ./FRT_Library/FreeRTOS/Source/list.o
 .data          0x0000000020000004        0x0 ./FRT_Library/FreeRTOS/Source/queue.o
 .data          0x0000000020000004        0x0 ./FRT_Library/FreeRTOS/Source/tasks.o
 .data          0x0000000020000004        0x0 ./FRT_Library/FreeRTOS/Source/portable/GCC/ARM_CM4/common.o
 .data          0x0000000020000004        0x0 ./FRT_Library/FreeRTOS/Source/portable/GCC/ARM_CM4/port.o
 .data          0x0000000020000004        0x0 ./FRT_Library/FreeRTOS/Source/portable/MemMang/heap_2.o
 .data          0x0000000020000004        0x0 /Applications/TI/ccsv7/tools/compiler/gcc-arm-none-eabi-4_9-2015q3/bin/../lib/gcc/arm-none-eabi/4.9.3/../../../../arm-none-eabi/lib/armv7e-m/fpu/libg.a(lib_a-exit.o)
 .data          0x0000000020000004        0x0 /Applications/TI/ccsv7/tools/compiler/gcc-arm-none-eabi-4_9-2015q3/bin/../lib/gcc/arm-none-eabi/4.9.3/../../../../arm-none-eabi/lib/armv7e-m/fpu/libg.a(lib_a-impure.o)
 .data          0x0000000020000004        0x0 /Applications/TI/ccsv7/tools/compiler/gcc-arm-none-eabi-4_9-2015q3/bin/../lib/gcc/arm-none-eabi/4.9.3/../../../../arm-none-eabi/lib/armv7e-m/fpu/libg.a(lib_a-init.o)
 .data          0x0000000020000004        0x0 /Applications/TI/ccsv7/tools/compiler/gcc-arm-none-eabi-4_9-2015q3/bin/../lib/gcc/arm-none-eabi/4.9.3/../../../../arm-none-eabi/lib/armv7e-m/fpu/libg.a(lib_a-memcpy.o)
 .data          0x0000000020000004        0x0 /Applications/TI/ccsv7/tools/compiler/gcc-arm-none-eabi-4_9-2015q3/bin/../lib/gcc/arm-none-eabi/4.9.3/../../../../arm-none-eabi/lib/armv7e-m/fpu/libg.a(lib_a-memset.o)
 .data          0x0000000020000004        0x0 /Applications/TI/ccsv7/tools/compiler/gcc-arm-none-eabi-4_9-2015q3/bin/../lib/gcc/arm-none-eabi/4.9.3/../../../../arm-none-eabi/lib/armv7e-m/fpu/libg.a(lib_a-strncpy.o)
 .data          0x0000000020000004        0x0 /Applications/TI/ccsv7/tools/compiler/gcc-arm-none-eabi-4_9-2015q3/bin/../lib/gcc/arm-none-eabi/4.9.3/../../../../arm-none-eabi/lib/armv7e-m/fpu/libg.a(lib_a-__call_atexit.o)
 .data          0x0000000020000004        0x0 /Applications/TI/ccsv7/tools/compiler/gcc-arm-none-eabi-4_9-2015q3/bin/../lib/gcc/arm-none-eabi/4.9.3/../../../../arm-none-eabi/lib/armv7e-m/fpu/libg.a(lib_a-atexit.o)
 .data          0x0000000020000004        0x0 /Applications/TI/ccsv7/tools/compiler/gcc-arm-none-eabi-4_9-2015q3/bin/../lib/gcc/arm-none-eabi/4.9.3/../../../../arm-none-eabi/lib/armv7e-m/fpu/libg.a(lib_a-fini.o)
 .data          0x0000000020000004        0x0 /Applications/TI/ccsv7/tools/compiler/gcc-arm-none-eabi-4_9-2015q3/bin/../lib/gcc/arm-none-eabi/4.9.3/../../../../arm-none-eabi/lib/armv7e-m/fpu/libg.a(lib_a-__atexit.o)
 .data          0x0000000020000004        0x0 /Applications/TI/ccsv7/tools/compiler/gcc-arm-none-eabi-4_9-2015q3/bin/../lib/gcc/arm-none-eabi/4.9.3/../../../../arm-none-eabi/lib/armv7e-m/fpu/libnosys.a(_exit.o)
 .data          0x0000000020000004        0x0 /Applications/TI/ccsv7/tools/compiler/gcc-arm-none-eabi-4_9-2015q3/bin/../lib/gcc/arm-none-eabi/4.9.3/armv7e-m/fpu/crtend.o
 .data          0x0000000020000004        0x0 /Applications/TI/ccsv7/tools/compiler/gcc-arm-none-eabi-4_9-2015q3/bin/../lib/gcc/arm-none-eabi/4.9.3/armv7e-m/fpu/crtn.o
 *(.data*)
 .data.uxCriticalNesting
                0x0000000020000004        0x4 ./FRT_Library/FreeRTOS/Source/portable/GCC/ARM_CM4/port.o
 .data.impure_data
                0x0000000020000008      0x428 /Applications/TI/ccsv7/tools/compiler/gcc-arm-none-eabi-4_9-2015q3/bin/../lib/gcc/arm-none-eabi/4.9.3/../../../../arm-none-eabi/lib/armv7e-m/fpu/libg.a(lib_a-impure.o)
 .data._impure_ptr
                0x0000000020000430        0x4 /Applications/TI/ccsv7/tools/compiler/gcc-arm-none-eabi-4_9-2015q3/bin/../lib/gcc/arm-none-eabi/4.9.3/../../../../arm-none-eabi/lib/armv7e-m/fpu/libg.a(lib_a-impure.o)
                0x0000000020000430                _impure_ptr
                0x0000000020000434                . = ALIGN (0x4)
                0x0000000020000434                __data_end__ = .

.jcr            0x0000000020000434        0x4 load address 0x0000000000003548
 .jcr           0x0000000020000434        0x0 /Applications/TI/ccsv7/tools/compiler/gcc-arm-none-eabi-4_9-2015q3/bin/../lib/gcc/arm-none-eabi/4.9.3/armv7e-m/fpu/crtbegin.o
 .jcr           0x0000000020000434        0x4 /Applications/TI/ccsv7/tools/compiler/gcc-arm-none-eabi-4_9-2015q3/bin/../lib/gcc/arm-none-eabi/4.9.3/armv7e-m/fpu/crtend.o

.igot.plt       0x0000000020000438        0x0 load address 0x000000000000354c
 .igot.plt      0x0000000000000000        0x0 /Applications/TI/ccsv7/tools/compiler/gcc-arm-none-eabi-4_9-2015q3/bin/../lib/gcc/arm-none-eabi/4.9.3/armv7e-m/fpu/crtbegin.o

.ARM.exidx      0x000000000000354c        0x8
                0x000000000000354c                __exidx_start = .
 *(.ARM.exidx* .gnu.linkonce.armexidx.*)
 .ARM.exidx     0x000000000000354c        0x8 /Applications/TI/ccsv7/tools/compiler/gcc-arm-none-eabi-4_9-2015q3/bin/../lib/gcc/arm-none-eabi/4.9.3/../../../../arm-none-eabi/lib/armv7e-m/fpu/crt0.o
                0x0000000000003554                __exidx_end = .

.ARM.extab      0x0000000000003554        0x0
 *(.ARM.extab* .gnu.linkonce.armextab.*)
 .ARM.extab     0x0000000000003554        0x0 /Applications/TI/ccsv7/tools/compiler/gcc-arm-none-eabi-4_9-2015q3/bin/../lib/gcc/arm-none-eabi/4.9.3/../../../../arm-none-eabi/lib/armv7e-m/fpu/crt0.o

.rel.dyn        0x0000000000003554        0x0
 .rel.iplt      0x0000000000000000        0x0 /Applications/TI/ccsv7/tools/compiler/gcc-arm-none-eabi-4_9-2015q3/bin/../lib/gcc/arm-none-eabi/4.9.3/armv7e-m/fpu/crtbegin.o

.bss            0x0000000020000438     0x1f98
                0x0000000020000438                __bss_start__ = .
 *(.shbss)
 *(.bss)
 .bss           0x0000000020000438        0x0 /Applications/TI/ccsv7/tools/compiler/gcc-arm-none-eabi-4_9-2015q3/bin/../lib/gcc/arm-none-eabi/4.9.3/armv7e-m/fpu/crti.o
 .bss           0x0000000020000438       0x1c /Applications/TI/ccsv7/tools/compiler/gcc-arm-none-eabi-4_9-2015q3/bin/../lib/gcc/arm-none-eabi/4.9.3/armv7e-m/fpu/crtbegin.o
 .bss           0x0000000020000454        0x0 /Applications/TI/ccsv7/tools/compiler/gcc-arm-none-eabi-4_9-2015q3/bin/../lib/gcc/arm-none-eabi/4.9.3/../../../../arm-none-eabi/lib/armv7e-m/fpu/crt0.o
 .bss           0x0000000020000454        0x0 ./adc.o
 .bss           0x0000000020000454        0x0 ./gpio.o
 .bss           0x0000000020000454        0x0 ./lcd.o
 .bss           0x0000000020000454        0x0 ./main.o
 .bss           0x0000000020000454        0x0 ./numpad.o
 .bss           0x0000000020000454        0x0 ./startup_frt.o
 .bss           0x0000000020000454        0x0 ./systick_frt.o
 .bss           0x0000000020000454        0x0 ./FRT_Library/FreeRTOS/Source/croutine.o
 .bss           0x0000000020000454        0x0 ./FRT_Library/FreeRTOS/Source/list.o
 .bss           0x0000000020000454        0x0 ./FRT_Library/FreeRTOS/Source/queue.o
 .bss           0x0000000020000454        0x0 ./FRT_Library/FreeRTOS/Source/tasks.o
 .bss           0x0000000020000454        0x0 ./FRT_Library/FreeRTOS/Source/portable/GCC/ARM_CM4/common.o
 .bss           0x0000000020000454        0x0 ./FRT_Library/FreeRTOS/Source/portable/GCC/ARM_CM4/port.o
 .bss           0x0000000020000454        0x0 ./FRT_Library/FreeRTOS/Source/portable/MemMang/heap_2.o
 .bss           0x0000000020000454        0x0 /Applications/TI/ccsv7/tools/compiler/gcc-arm-none-eabi-4_9-2015q3/bin/../lib/gcc/arm-none-eabi/4.9.3/../../../../arm-none-eabi/lib/armv7e-m/fpu/libg.a(lib_a-exit.o)
 .bss           0x0000000020000454        0x0 /Applications/TI/ccsv7/tools/compiler/gcc-arm-none-eabi-4_9-2015q3/bin/../lib/gcc/arm-none-eabi/4.9.3/../../../../arm-none-eabi/lib/armv7e-m/fpu/libg.a(lib_a-impure.o)
 .bss           0x0000000020000454        0x0 /Applications/TI/ccsv7/tools/compiler/gcc-arm-none-eabi-4_9-2015q3/bin/../lib/gcc/arm-none-eabi/4.9.3/../../../../arm-none-eabi/lib/armv7e-m/fpu/libg.a(lib_a-init.o)
 .bss           0x0000000020000454        0x0 /Applications/TI/ccsv7/tools/compiler/gcc-arm-none-eabi-4_9-2015q3/bin/../lib/gcc/arm-none-eabi/4.9.3/../../../../arm-none-eabi/lib/armv7e-m/fpu/libg.a(lib_a-memcpy.o)
 .bss           0x0000000020000454        0x0 /Applications/TI/ccsv7/tools/compiler/gcc-arm-none-eabi-4_9-2015q3/bin/../lib/gcc/arm-none-eabi/4.9.3/../../../../arm-none-eabi/lib/armv7e-m/fpu/libg.a(lib_a-memset.o)
 .bss           0x0000000020000454        0x0 /Applications/TI/ccsv7/tools/compiler/gcc-arm-none-eabi-4_9-2015q3/bin/../lib/gcc/arm-none-eabi/4.9.3/../../../../arm-none-eabi/lib/armv7e-m/fpu/libg.a(lib_a-strncpy.o)
 .bss           0x0000000020000454        0x0 /Applications/TI/ccsv7/tools/compiler/gcc-arm-none-eabi-4_9-2015q3/bin/../lib/gcc/arm-none-eabi/4.9.3/../../../../arm-none-eabi/lib/armv7e-m/fpu/libg.a(lib_a-__call_atexit.o)
 .bss           0x0000000020000454        0x0 /Applications/TI/ccsv7/tools/compiler/gcc-arm-none-eabi-4_9-2015q3/bin/../lib/gcc/arm-none-eabi/4.9.3/../../../../arm-none-eabi/lib/armv7e-m/fpu/libg.a(lib_a-atexit.o)
 .bss           0x0000000020000454        0x0 /Applications/TI/ccsv7/tools/compiler/gcc-arm-none-eabi-4_9-2015q3/bin/../lib/gcc/arm-none-eabi/4.9.3/../../../../arm-none-eabi/lib/armv7e-m/fpu/libg.a(lib_a-fini.o)
 .bss           0x0000000020000454        0x0 /Applications/TI/ccsv7/tools/compiler/gcc-arm-none-eabi-4_9-2015q3/bin/../lib/gcc/arm-none-eabi/4.9.3/../../../../arm-none-eabi/lib/armv7e-m/fpu/libg.a(lib_a-__atexit.o)
 .bss           0x0000000020000454        0x0 /Applications/TI/ccsv7/tools/compiler/gcc-arm-none-eabi-4_9-2015q3/bin/../lib/gcc/arm-none-eabi/4.9.3/../../../../arm-none-eabi/lib/armv7e-m/fpu/libnosys.a(_exit.o)
 .bss           0x0000000020000454        0x0 /Applications/TI/ccsv7/tools/compiler/gcc-arm-none-eabi-4_9-2015q3/bin/../lib/gcc/arm-none-eabi/4.9.3/armv7e-m/fpu/crtend.o
 .bss           0x0000000020000454        0x0 /Applications/TI/ccsv7/tools/compiler/gcc-arm-none-eabi-4_9-2015q3/bin/../lib/gcc/arm-none-eabi/4.9.3/armv7e-m/fpu/crtn.o
 *(.bss.*)
 .bss.Result.4000
                0x0000000020000454        0x4 ./adc.o
 .bss.pui32Stack
                0x0000000020000458      0x200 ./startup_frt.o
 .bss.pxReadyCoRoutineLists
                0x0000000020000658       0x28 ./FRT_Library/FreeRTOS/Source/croutine.o
 .bss.xDelayedCoRoutineList1
                0x0000000020000680       0x14 ./FRT_Library/FreeRTOS/Source/croutine.o
 .bss.xDelayedCoRoutineList2
                0x0000000020000694       0x14 ./FRT_Library/FreeRTOS/Source/croutine.o
 .bss.pxDelayedCoRoutineList
                0x00000000200006a8        0x4 ./FRT_Library/FreeRTOS/Source/croutine.o
 .bss.pxOverflowDelayedCoRoutineList
                0x00000000200006ac        0x4 ./FRT_Library/FreeRTOS/Source/croutine.o
 .bss.xPendingReadyCoRoutineList
                0x00000000200006b0       0x14 ./FRT_Library/FreeRTOS/Source/croutine.o
 .bss.pxCurrentCoRoutine
                0x00000000200006c4        0x4 ./FRT_Library/FreeRTOS/Source/croutine.o
                0x00000000200006c4                pxCurrentCoRoutine
 .bss.uxTopCoRoutineReadyPriority
                0x00000000200006c8        0x4 ./FRT_Library/FreeRTOS/Source/croutine.o
 .bss.xCoRoutineTickCount
                0x00000000200006cc        0x4 ./FRT_Library/FreeRTOS/Source/croutine.o
 .bss.xLastTickCount
                0x00000000200006d0        0x4 ./FRT_Library/FreeRTOS/Source/croutine.o
 .bss.xPassedTicks
                0x00000000200006d4        0x4 ./FRT_Library/FreeRTOS/Source/croutine.o
 .bss.pxCurrentTCB
                0x00000000200006d8        0x4 ./FRT_Library/FreeRTOS/Source/tasks.o
                0x00000000200006d8                pxCurrentTCB
 .bss.pxReadyTasksLists
                0x00000000200006dc       0xc8 ./FRT_Library/FreeRTOS/Source/tasks.o
 .bss.xDelayedTaskList1
                0x00000000200007a4       0x14 ./FRT_Library/FreeRTOS/Source/tasks.o
 .bss.xDelayedTaskList2
                0x00000000200007b8       0x14 ./FRT_Library/FreeRTOS/Source/tasks.o
 .bss.pxDelayedTaskList
                0x00000000200007cc        0x4 ./FRT_Library/FreeRTOS/Source/tasks.o
 .bss.pxOverflowDelayedTaskList
                0x00000000200007d0        0x4 ./FRT_Library/FreeRTOS/Source/tasks.o
 .bss.xPendingReadyList
                0x00000000200007d4       0x14 ./FRT_Library/FreeRTOS/Source/tasks.o
 .bss.xTasksWaitingTermination
                0x00000000200007e8       0x14 ./FRT_Library/FreeRTOS/Source/tasks.o
 .bss.uxTasksDeleted
                0x00000000200007fc        0x4 ./FRT_Library/FreeRTOS/Source/tasks.o
 .bss.xSuspendedTaskList
                0x0000000020000800       0x14 ./FRT_Library/FreeRTOS/Source/tasks.o
 .bss.uxCurrentNumberOfTasks
                0x0000000020000814        0x4 ./FRT_Library/FreeRTOS/Source/tasks.o
 .bss.xTickCount
                0x0000000020000818        0x4 ./FRT_Library/FreeRTOS/Source/tasks.o
 .bss.uxTopUsedPriority
                0x000000002000081c        0x4 ./FRT_Library/FreeRTOS/Source/tasks.o
 .bss.uxTopReadyPriority
                0x0000000020000820        0x4 ./FRT_Library/FreeRTOS/Source/tasks.o
 .bss.xSchedulerRunning
                0x0000000020000824        0x4 ./FRT_Library/FreeRTOS/Source/tasks.o
 .bss.uxSchedulerSuspended
                0x0000000020000828        0x4 ./FRT_Library/FreeRTOS/Source/tasks.o
 .bss.uxMissedTicks
                0x000000002000082c        0x4 ./FRT_Library/FreeRTOS/Source/tasks.o
 .bss.xMissedYield
                0x0000000020000830        0x4 ./FRT_Library/FreeRTOS/Source/tasks.o
 .bss.xNumOfOverflows
                0x0000000020000834        0x4 ./FRT_Library/FreeRTOS/Source/tasks.o
 .bss.uxTaskNumber
                0x0000000020000838        0x4 ./FRT_Library/FreeRTOS/Source/tasks.o
 *fill*         0x000000002000083c        0x4 
 .bss.xHeap     0x0000000020000840     0x1b58 ./FRT_Library/FreeRTOS/Source/portable/MemMang/heap_2.o
 .bss.xStart    0x0000000020002398        0x8 ./FRT_Library/FreeRTOS/Source/portable/MemMang/heap_2.o
 .bss.xEnd      0x00000000200023a0        0x8 ./FRT_Library/FreeRTOS/Source/portable/MemMang/heap_2.o
 .bss.xFreeBytesRemaining
                0x00000000200023a8        0x4 ./FRT_Library/FreeRTOS/Source/portable/MemMang/heap_2.o
 .bss.xHeapHasBeenInitialised.4521
                0x00000000200023ac        0x4 ./FRT_Library/FreeRTOS/Source/portable/MemMang/heap_2.o
 *(COMMON)
 COMMON         0x00000000200023b0       0x20 ./lcd.o
                0x00000000200023b0                lcd_display_buffer
                0x00000000200023d0                . = ALIGN (0x4)
                0x00000000200023d0                __bss_end__ = .

.heap           0x00000000200023d0        0x0
                0x00000000200023d0                __heap_start__ = .
                0x00000000200023d0                end = __heap_start__
                0x00000000200023d0                _end = end
                0x00000000200023d0                __end = end
 *(.heap)
                0x00000000200023d0                __heap_end__ = .
                0x00000000200023d0                __HeapLimit = __heap_end__

.stack          0x00000000200023d0        0x0
                0x00000000200023d0                _stack = .
                0x00000000200023d0                __stack = .
 *(.stack)
START GROUP
LOAD /Applications/TI/ccsv7/tools/compiler/gcc-arm-none-eabi-4_9-2015q3/bin/../lib/gcc/arm-none-eabi/4.9.3/armv7e-m/fpu/libgcc.a
LOAD /Applications/TI/ccsv7/tools/compiler/gcc-arm-none-eabi-4_9-2015q3/bin/../lib/gcc/arm-none-eabi/4.9.3/../../../../arm-none-eabi/lib/armv7e-m/fpu/libg.a
LOAD /Applications/TI/ccsv7/tools/compiler/gcc-arm-none-eabi-4_9-2015q3/bin/../lib/gcc/arm-none-eabi/4.9.3/../../../../arm-none-eabi/lib/armv7e-m/fpu/libc.a
END GROUP
START GROUP
LOAD /Applications/TI/ccsv7/tools/compiler/gcc-arm-none-eabi-4_9-2015q3/bin/../lib/gcc/arm-none-eabi/4.9.3/armv7e-m/fpu/libgcc.a
LOAD /Applications/TI/ccsv7/tools/compiler/gcc-arm-none-eabi-4_9-2015q3/bin/../lib/gcc/arm-none-eabi/4.9.3/../../../../arm-none-eabi/lib/armv7e-m/fpu/libc.a
LOAD /Applications/TI/ccsv7/tools/compiler/gcc-arm-none-eabi-4_9-2015q3/bin/../lib/gcc/arm-none-eabi/4.9.3/../../../../arm-none-eabi/lib/armv7e-m/fpu/libnosys.a
END GROUP
LOAD /Applications/TI/ccsv7/tools/compiler/gcc-arm-none-eabi-4_9-2015q3/bin/../lib/gcc/arm-none-eabi/4.9.3/armv7e-m/fpu/crtend.o
LOAD /Applications/TI/ccsv7/tools/compiler/gcc-arm-none-eabi-4_9-2015q3/bin/../lib/gcc/arm-none-eabi/4.9.3/armv7e-m/fpu/crtn.o
OUTPUT(freeRTOS_assignment7.out elf32-littlearm)

.ARM.attributes
                0x0000000000000000       0x30
 .ARM.attributes
                0x0000000000000000       0x22 /Applications/TI/ccsv7/tools/compiler/gcc-arm-none-eabi-4_9-2015q3/bin/../lib/gcc/arm-none-eabi/4.9.3/armv7e-m/fpu/crti.o
 .ARM.attributes
                0x0000000000000022       0x34 /Applications/TI/ccsv7/tools/compiler/gcc-arm-none-eabi-4_9-2015q3/bin/../lib/gcc/arm-none-eabi/4.9.3/armv7e-m/fpu/crtbegin.o
 .ARM.attributes
                0x0000000000000056       0x20 /Applications/TI/ccsv7/tools/compiler/gcc-arm-none-eabi-4_9-2015q3/bin/../lib/gcc/arm-none-eabi/4.9.3/../../../../arm-none-eabi/lib/armv7e-m/fpu/crt0.o
 .ARM.attributes
                0x0000000000000076       0x39 ./adc.o
 .ARM.attributes
                0x00000000000000af       0x39 ./gpio.o
 .ARM.attributes
                0x00000000000000e8       0x39 ./lcd.o
 .ARM.attributes
                0x0000000000000121       0x39 ./main.o
 .ARM.attributes
                0x000000000000015a       0x39 ./numpad.o
 .ARM.attributes
                0x0000000000000193       0x39 ./startup_frt.o
 .ARM.attributes
                0x00000000000001cc       0x39 ./systick_frt.o
 .ARM.attributes
                0x0000000000000205       0x39 ./FRT_Library/FreeRTOS/Source/croutine.o
 .ARM.attributes
                0x000000000000023e       0x39 ./FRT_Library/FreeRTOS/Source/list.o
 .ARM.attributes
                0x0000000000000277       0x39 ./FRT_Library/FreeRTOS/Source/queue.o
 .ARM.attributes
                0x00000000000002b0       0x39 ./FRT_Library/FreeRTOS/Source/tasks.o
 .ARM.attributes
                0x00000000000002e9       0x39 ./FRT_Library/FreeRTOS/Source/portable/GCC/ARM_CM4/common.o
 .ARM.attributes
                0x0000000000000322       0x39 ./FRT_Library/FreeRTOS/Source/portable/GCC/ARM_CM4/port.o
 .ARM.attributes
                0x000000000000035b       0x39 ./FRT_Library/FreeRTOS/Source/portable/MemMang/heap_2.o
 .ARM.attributes
                0x0000000000000394       0x34 /Applications/TI/ccsv7/tools/compiler/gcc-arm-none-eabi-4_9-2015q3/bin/../lib/gcc/arm-none-eabi/4.9.3/../../../../arm-none-eabi/lib/armv7e-m/fpu/libg.a(lib_a-exit.o)
 .ARM.attributes
                0x00000000000003c8       0x34 /Applications/TI/ccsv7/tools/compiler/gcc-arm-none-eabi-4_9-2015q3/bin/../lib/gcc/arm-none-eabi/4.9.3/../../../../arm-none-eabi/lib/armv7e-m/fpu/libg.a(lib_a-impure.o)
 .ARM.attributes
                0x00000000000003fc       0x34 /Applications/TI/ccsv7/tools/compiler/gcc-arm-none-eabi-4_9-2015q3/bin/../lib/gcc/arm-none-eabi/4.9.3/../../../../arm-none-eabi/lib/armv7e-m/fpu/libg.a(lib_a-init.o)
 .ARM.attributes
                0x0000000000000430       0x20 /Applications/TI/ccsv7/tools/compiler/gcc-arm-none-eabi-4_9-2015q3/bin/../lib/gcc/arm-none-eabi/4.9.3/../../../../arm-none-eabi/lib/armv7e-m/fpu/libg.a(lib_a-memcpy.o)
 .ARM.attributes
                0x0000000000000450       0x34 /Applications/TI/ccsv7/tools/compiler/gcc-arm-none-eabi-4_9-2015q3/bin/../lib/gcc/arm-none-eabi/4.9.3/../../../../arm-none-eabi/lib/armv7e-m/fpu/libg.a(lib_a-memset.o)
 .ARM.attributes
                0x0000000000000484       0x34 /Applications/TI/ccsv7/tools/compiler/gcc-arm-none-eabi-4_9-2015q3/bin/../lib/gcc/arm-none-eabi/4.9.3/../../../../arm-none-eabi/lib/armv7e-m/fpu/libg.a(lib_a-strncpy.o)
 .ARM.attributes
                0x00000000000004b8       0x34 /Applications/TI/ccsv7/tools/compiler/gcc-arm-none-eabi-4_9-2015q3/bin/../lib/gcc/arm-none-eabi/4.9.3/../../../../arm-none-eabi/lib/armv7e-m/fpu/libg.a(lib_a-__call_atexit.o)
 .ARM.attributes
                0x00000000000004ec       0x34 /Applications/TI/ccsv7/tools/compiler/gcc-arm-none-eabi-4_9-2015q3/bin/../lib/gcc/arm-none-eabi/4.9.3/../../../../arm-none-eabi/lib/armv7e-m/fpu/libg.a(lib_a-atexit.o)
 .ARM.attributes
                0x0000000000000520       0x34 /Applications/TI/ccsv7/tools/compiler/gcc-arm-none-eabi-4_9-2015q3/bin/../lib/gcc/arm-none-eabi/4.9.3/../../../../arm-none-eabi/lib/armv7e-m/fpu/libg.a(lib_a-fini.o)
 .ARM.attributes
                0x0000000000000554       0x34 /Applications/TI/ccsv7/tools/compiler/gcc-arm-none-eabi-4_9-2015q3/bin/../lib/gcc/arm-none-eabi/4.9.3/../../../../arm-none-eabi/lib/armv7e-m/fpu/libg.a(lib_a-__atexit.o)
 .ARM.attributes
                0x0000000000000588       0x34 /Applications/TI/ccsv7/tools/compiler/gcc-arm-none-eabi-4_9-2015q3/bin/../lib/gcc/arm-none-eabi/4.9.3/../../../../arm-none-eabi/lib/armv7e-m/fpu/libnosys.a(_exit.o)
 .ARM.attributes
                0x00000000000005bc       0x34 /Applications/TI/ccsv7/tools/compiler/gcc-arm-none-eabi-4_9-2015q3/bin/../lib/gcc/arm-none-eabi/4.9.3/armv7e-m/fpu/crtend.o
 .ARM.attributes
                0x00000000000005f0       0x22 /Applications/TI/ccsv7/tools/compiler/gcc-arm-none-eabi-4_9-2015q3/bin/../lib/gcc/arm-none-eabi/4.9.3/armv7e-m/fpu/crtn.o

.comment        0x0000000000000000       0x70
 .comment       0x0000000000000000       0x70 ./adc.o
                                         0x71 (size before relaxing)
 .comment       0x0000000000000000       0x71 ./gpio.o
 .comment       0x0000000000000000       0x71 ./lcd.o
 .comment       0x0000000000000000       0x71 ./main.o
 .comment       0x0000000000000000       0x71 ./numpad.o
 .comment       0x0000000000000000       0x71 ./startup_frt.o
 .comment       0x0000000000000000       0x71 ./systick_frt.o
 .comment       0x0000000000000000       0x71 ./FRT_Library/FreeRTOS/Source/croutine.o
 .comment       0x0000000000000000       0x71 ./FRT_Library/FreeRTOS/Source/list.o
 .comment       0x0000000000000000       0x71 ./FRT_Library/FreeRTOS/Source/queue.o
 .comment       0x0000000000000000       0x71 ./FRT_Library/FreeRTOS/Source/tasks.o
 .comment       0x0000000000000000       0x71 ./FRT_Library/FreeRTOS/Source/portable/GCC/ARM_CM4/common.o
 .comment       0x0000000000000000       0x71 ./FRT_Library/FreeRTOS/Source/portable/GCC/ARM_CM4/port.o
 .comment       0x0000000000000000       0x71 ./FRT_Library/FreeRTOS/Source/portable/MemMang/heap_2.o

.debug_info     0x0000000000000000     0x2844
 .debug_info    0x0000000000000000       0xdb ./adc.o
 .debug_info    0x00000000000000db       0xa4 ./gpio.o
 .debug_info    0x000000000000017f      0x30b ./lcd.o
 .debug_info    0x000000000000048a       0xc0 ./main.o
 .debug_info    0x000000000000054a       0xa5 ./numpad.o
 .debug_info    0x00000000000005ef      0x176 ./startup_frt.o
 .debug_info    0x0000000000000765       0xc6 ./systick_frt.o
 .debug_info    0x000000000000082b      0x479 ./FRT_Library/FreeRTOS/Source/croutine.o
 .debug_info    0x0000000000000ca4      0x28d ./FRT_Library/FreeRTOS/Source/list.o
 .debug_info    0x0000000000000f31      0x789 ./FRT_Library/FreeRTOS/Source/queue.o
 .debug_info    0x00000000000016ba      0xc6e ./FRT_Library/FreeRTOS/Source/tasks.o
 .debug_info    0x0000000000002328       0xa4 ./FRT_Library/FreeRTOS/Source/portable/GCC/ARM_CM4/common.o
 .debug_info    0x00000000000023cc      0x1ca ./FRT_Library/FreeRTOS/Source/portable/GCC/ARM_CM4/port.o
 .debug_info    0x0000000000002596      0x2ae ./FRT_Library/FreeRTOS/Source/portable/MemMang/heap_2.o

.debug_abbrev   0x0000000000000000      0xb9b
 .debug_abbrev  0x0000000000000000       0x98 ./adc.o
 .debug_abbrev  0x0000000000000098       0x5b ./gpio.o
 .debug_abbrev  0x00000000000000f3      0x120 ./lcd.o
 .debug_abbrev  0x0000000000000213       0x69 ./main.o
 .debug_abbrev  0x000000000000027c       0x6c ./numpad.o
 .debug_abbrev  0x00000000000002e8       0xca ./startup_frt.o
 .debug_abbrev  0x00000000000003b2       0x4a ./systick_frt.o
 .debug_abbrev  0x00000000000003fc      0x175 ./FRT_Library/FreeRTOS/Source/croutine.o
 .debug_abbrev  0x0000000000000571       0xb6 ./FRT_Library/FreeRTOS/Source/list.o
 .debug_abbrev  0x0000000000000627      0x140 ./FRT_Library/FreeRTOS/Source/queue.o
 .debug_abbrev  0x0000000000000767      0x16f ./FRT_Library/FreeRTOS/Source/tasks.o
 .debug_abbrev  0x00000000000008d6       0x6d ./FRT_Library/FreeRTOS/Source/portable/GCC/ARM_CM4/common.o
 .debug_abbrev  0x0000000000000943       0xfc ./FRT_Library/FreeRTOS/Source/portable/GCC/ARM_CM4/port.o
 .debug_abbrev  0x0000000000000a3f      0x15c ./FRT_Library/FreeRTOS/Source/portable/MemMang/heap_2.o

.debug_aranges  0x0000000000000000      0x4a8
 .debug_aranges
                0x0000000000000000       0x28 ./adc.o
 .debug_aranges
                0x0000000000000028       0x20 ./gpio.o
 .debug_aranges
                0x0000000000000048       0x88 ./lcd.o
 .debug_aranges
                0x00000000000000d0       0x30 ./main.o
 .debug_aranges
                0x0000000000000100       0x28 ./numpad.o
 .debug_aranges
                0x0000000000000128       0x38 ./startup_frt.o
 .debug_aranges
                0x0000000000000160       0x30 ./systick_frt.o
 .debug_aranges
                0x0000000000000190       0x50 ./FRT_Library/FreeRTOS/Source/croutine.o
 .debug_aranges
                0x00000000000001e0       0x40 ./FRT_Library/FreeRTOS/Source/list.o
 .debug_aranges
                0x0000000000000220       0xa8 ./FRT_Library/FreeRTOS/Source/queue.o
 .debug_aranges
                0x00000000000002c8      0x118 ./FRT_Library/FreeRTOS/Source/tasks.o
 .debug_aranges
                0x00000000000003e0       0x20 ./FRT_Library/FreeRTOS/Source/portable/GCC/ARM_CM4/common.o
 .debug_aranges
                0x0000000000000400       0x70 ./FRT_Library/FreeRTOS/Source/portable/GCC/ARM_CM4/port.o
 .debug_aranges
                0x0000000000000470       0x38 ./FRT_Library/FreeRTOS/Source/portable/MemMang/heap_2.o

.debug_ranges   0x0000000000000000      0x3c8
 .debug_ranges  0x0000000000000000       0x18 ./adc.o
 .debug_ranges  0x0000000000000018       0x10 ./gpio.o
 .debug_ranges  0x0000000000000028       0x78 ./lcd.o
 .debug_ranges  0x00000000000000a0       0x20 ./main.o
 .debug_ranges  0x00000000000000c0       0x18 ./numpad.o
 .debug_ranges  0x00000000000000d8       0x28 ./startup_frt.o
 .debug_ranges  0x0000000000000100       0x20 ./systick_frt.o
 .debug_ranges  0x0000000000000120       0x40 ./FRT_Library/FreeRTOS/Source/croutine.o
 .debug_ranges  0x0000000000000160       0x30 ./FRT_Library/FreeRTOS/Source/list.o
 .debug_ranges  0x0000000000000190       0x98 ./FRT_Library/FreeRTOS/Source/queue.o
 .debug_ranges  0x0000000000000228      0x108 ./FRT_Library/FreeRTOS/Source/tasks.o
 .debug_ranges  0x0000000000000330       0x10 ./FRT_Library/FreeRTOS/Source/portable/GCC/ARM_CM4/common.o
 .debug_ranges  0x0000000000000340       0x60 ./FRT_Library/FreeRTOS/Source/portable/GCC/ARM_CM4/port.o
 .debug_ranges  0x00000000000003a0       0x28 ./FRT_Library/FreeRTOS/Source/portable/MemMang/heap_2.o

.debug_line     0x0000000000000000     0x1cda
 .debug_line    0x0000000000000000      0x141 ./adc.o
 .debug_line    0x0000000000000141      0x11e ./gpio.o
 .debug_line    0x000000000000025f      0x306 ./lcd.o
 .debug_line    0x0000000000000565       0x66 ./main.o
 .debug_line    0x00000000000005cb       0x4d ./numpad.o
 .debug_line    0x0000000000000618      0x15d ./startup_frt.o
 .debug_line    0x0000000000000775      0x14b ./systick_frt.o
 .debug_line    0x00000000000008c0      0x2b2 ./FRT_Library/FreeRTOS/Source/croutine.o
 .debug_line    0x0000000000000b72      0x223 ./FRT_Library/FreeRTOS/Source/list.o
 .debug_line    0x0000000000000d95      0x445 ./FRT_Library/FreeRTOS/Source/queue.o
 .debug_line    0x00000000000011da      0x60a ./FRT_Library/FreeRTOS/Source/tasks.o
 .debug_line    0x00000000000017e4      0x114 ./FRT_Library/FreeRTOS/Source/portable/GCC/ARM_CM4/common.o
 .debug_line    0x00000000000018f8      0x29b ./FRT_Library/FreeRTOS/Source/portable/GCC/ARM_CM4/port.o
 .debug_line    0x0000000000001b93      0x147 ./FRT_Library/FreeRTOS/Source/portable/MemMang/heap_2.o

.debug_str      0x0000000000000000     0x1497
 .debug_str     0x0000000000000000      0x1d8 ./adc.o
                                        0x215 (size before relaxing)
 .debug_str     0x00000000000001d8       0x19 ./gpio.o
                                        0x20e (size before relaxing)
 .debug_str     0x00000000000001f1      0x125 ./lcd.o
                                        0x326 (size before relaxing)
 .debug_str     0x0000000000000316       0x25 ./main.o
                                        0x21c (size before relaxing)
 .debug_str     0x000000000000033b       0x22 ./numpad.o
                                        0x203 (size before relaxing)
 .debug_str     0x000000000000035d       0x90 ./startup_frt.o
                                        0x28e (size before relaxing)
 .debug_str     0x00000000000003ed       0x43 ./systick_frt.o
                                        0x245 (size before relaxing)
 .debug_str     0x0000000000000430      0x35a ./FRT_Library/FreeRTOS/Source/croutine.o
                                        0x515 (size before relaxing)
 .debug_str     0x000000000000078a       0xb9 ./FRT_Library/FreeRTOS/Source/list.o
                                        0x346 (size before relaxing)
 .debug_str     0x0000000000000843      0x36a ./FRT_Library/FreeRTOS/Source/queue.o
                                        0x615 (size before relaxing)
 .debug_str     0x0000000000000bad      0x5e4 ./FRT_Library/FreeRTOS/Source/tasks.o
                                        0x936 (size before relaxing)
 .debug_str     0x0000000000001191       0x5b ./FRT_Library/FreeRTOS/Source/portable/GCC/ARM_CM4/common.o
                                        0x226 (size before relaxing)
 .debug_str     0x00000000000011ec      0x142 ./FRT_Library/FreeRTOS/Source/portable/GCC/ARM_CM4/port.o
                                        0x322 (size before relaxing)
 .debug_str     0x000000000000132e      0x169 ./FRT_Library/FreeRTOS/Source/portable/MemMang/heap_2.o
                                        0x371 (size before relaxing)

.debug_frame    0x0000000000000000     0x1118
 .debug_frame   0x0000000000000000       0x4c ./adc.o
 .debug_frame   0x000000000000004c       0x38 ./gpio.o
 .debug_frame   0x0000000000000084      0x1f8 ./lcd.o
 .debug_frame   0x000000000000027c       0x70 ./main.o
 .debug_frame   0x00000000000002ec       0x58 ./numpad.o
 .debug_frame   0x0000000000000344       0x7c ./startup_frt.o
 .debug_frame   0x00000000000003c0       0x70 ./systick_frt.o
 .debug_frame   0x0000000000000430      0x10c ./FRT_Library/FreeRTOS/Source/croutine.o
 .debug_frame   0x000000000000053c       0xd8 ./FRT_Library/FreeRTOS/Source/list.o
 .debug_frame   0x0000000000000614      0x2ac ./FRT_Library/FreeRTOS/Source/queue.o
 .debug_frame   0x00000000000008c0      0x494 ./FRT_Library/FreeRTOS/Source/tasks.o
 .debug_frame   0x0000000000000d54       0x30 ./FRT_Library/FreeRTOS/Source/portable/GCC/ARM_CM4/common.o
 .debug_frame   0x0000000000000d84      0x148 ./FRT_Library/FreeRTOS/Source/portable/GCC/ARM_CM4/port.o
 .debug_frame   0x0000000000000ecc       0x98 ./FRT_Library/FreeRTOS/Source/portable/MemMang/heap_2.o
 .debug_frame   0x0000000000000f64       0x28 /Applications/TI/ccsv7/tools/compiler/gcc-arm-none-eabi-4_9-2015q3/bin/../lib/gcc/arm-none-eabi/4.9.3/../../../../arm-none-eabi/lib/armv7e-m/fpu/libg.a(lib_a-exit.o)
 .debug_frame   0x0000000000000f8c       0x2c /Applications/TI/ccsv7/tools/compiler/gcc-arm-none-eabi-4_9-2015q3/bin/../lib/gcc/arm-none-eabi/4.9.3/../../../../arm-none-eabi/lib/armv7e-m/fpu/libg.a(lib_a-init.o)
 .debug_frame   0x0000000000000fb8       0x34 /Applications/TI/ccsv7/tools/compiler/gcc-arm-none-eabi-4_9-2015q3/bin/../lib/gcc/arm-none-eabi/4.9.3/../../../../arm-none-eabi/lib/armv7e-m/fpu/libg.a(lib_a-memset.o)
 .debug_frame   0x0000000000000fec       0x34 /Applications/TI/ccsv7/tools/compiler/gcc-arm-none-eabi-4_9-2015q3/bin/../lib/gcc/arm-none-eabi/4.9.3/../../../../arm-none-eabi/lib/armv7e-m/fpu/libg.a(lib_a-strncpy.o)
 .debug_frame   0x0000000000001020       0x50 /Applications/TI/ccsv7/tools/compiler/gcc-arm-none-eabi-4_9-2015q3/bin/../lib/gcc/arm-none-eabi/4.9.3/../../../../arm-none-eabi/lib/armv7e-m/fpu/libg.a(lib_a-__call_atexit.o)
 .debug_frame   0x0000000000001070       0x20 /Applications/TI/ccsv7/tools/compiler/gcc-arm-none-eabi-4_9-2015q3/bin/../lib/gcc/arm-none-eabi/4.9.3/../../../../arm-none-eabi/lib/armv7e-m/fpu/libg.a(lib_a-atexit.o)
 .debug_frame   0x0000000000001090       0x34 /Applications/TI/ccsv7/tools/compiler/gcc-arm-none-eabi-4_9-2015q3/bin/../lib/gcc/arm-none-eabi/4.9.3/../../../../arm-none-eabi/lib/armv7e-m/fpu/libg.a(lib_a-fini.o)
 .debug_frame   0x00000000000010c4       0x34 /Applications/TI/ccsv7/tools/compiler/gcc-arm-none-eabi-4_9-2015q3/bin/../lib/gcc/arm-none-eabi/4.9.3/../../../../arm-none-eabi/lib/armv7e-m/fpu/libg.a(lib_a-__atexit.o)
 .debug_frame   0x00000000000010f8       0x20 /Applications/TI/ccsv7/tools/compiler/gcc-arm-none-eabi-4_9-2015q3/bin/../lib/gcc/arm-none-eabi/4.9.3/../../../../arm-none-eabi/lib/armv7e-m/fpu/libnosys.a(_exit.o)
